Archive member included because of file (symbol)

c:/program files (x86)/atmel/atmel toolchain/avr8 gcc/native/3.4.1056/avr8-gnu-toolchain/bin/../lib/gcc/avr/4.8.1/avr5\libgcc.a(_divmodhi4.o)
                              ds18x20.o (__divmodhi4)
c:/program files (x86)/atmel/atmel toolchain/avr8 gcc/native/3.4.1056/avr8-gnu-toolchain/bin/../lib/gcc/avr/4.8.1/avr5\libgcc.a(_divmodsi4.o)
                              ds18x20.o (__divmodsi4)
c:/program files (x86)/atmel/atmel toolchain/avr8 gcc/native/3.4.1056/avr8-gnu-toolchain/bin/../lib/gcc/avr/4.8.1/avr5\libgcc.a(_negsi2.o)
                              c:/program files (x86)/atmel/atmel toolchain/avr8 gcc/native/3.4.1056/avr8-gnu-toolchain/bin/../lib/gcc/avr/4.8.1/avr5\libgcc.a(_divmodsi4.o) (__negsi2)
c:/program files (x86)/atmel/atmel toolchain/avr8 gcc/native/3.4.1056/avr8-gnu-toolchain/bin/../lib/gcc/avr/4.8.1/avr5\libgcc.a(_exit.o)
                              c:/program files (x86)/atmel/atmel toolchain/avr8 gcc/native/3.4.1056/avr8-gnu-toolchain/bin/../lib/gcc/avr/4.8.1/../../../../avr/lib/avr5/crtm32u4.o (exit)
c:/program files (x86)/atmel/atmel toolchain/avr8 gcc/native/3.4.1056/avr8-gnu-toolchain/bin/../lib/gcc/avr/4.8.1/avr5\libgcc.a(_tablejump.o)
                              BrewMonitor.o (__tablejump2__)
c:/program files (x86)/atmel/atmel toolchain/avr8 gcc/native/3.4.1056/avr8-gnu-toolchain/bin/../lib/gcc/avr/4.8.1/avr5\libgcc.a(_copy_data.o)
                              BrewMonitor.o (__do_copy_data)
c:/program files (x86)/atmel/atmel toolchain/avr8 gcc/native/3.4.1056/avr8-gnu-toolchain/bin/../lib/gcc/avr/4.8.1/avr5\libgcc.a(_clear_bss.o)
                              BrewMonitor.o (__do_clear_bss)
c:/program files (x86)/atmel/atmel toolchain/avr8 gcc/native/3.4.1056/avr8-gnu-toolchain/bin/../lib/gcc/avr/4.8.1/avr5\libgcc.a(_umulhisi3.o)
                              ds18x20.o (__umulhisi3)
c:/program files (x86)/atmel/atmel toolchain/avr8 gcc/native/3.4.1056/avr8-gnu-toolchain/bin/../lib/gcc/avr/4.8.1/avr5\libgcc.a(_udivmodhi4.o)
                              c:/program files (x86)/atmel/atmel toolchain/avr8 gcc/native/3.4.1056/avr8-gnu-toolchain/bin/../lib/gcc/avr/4.8.1/avr5\libgcc.a(_divmodhi4.o) (__udivmodhi4)
c:/program files (x86)/atmel/atmel toolchain/avr8 gcc/native/3.4.1056/avr8-gnu-toolchain/bin/../lib/gcc/avr/4.8.1/avr5\libgcc.a(_udivmodsi4.o)
                              c:/program files (x86)/atmel/atmel toolchain/avr8 gcc/native/3.4.1056/avr8-gnu-toolchain/bin/../lib/gcc/avr/4.8.1/avr5\libgcc.a(_divmodsi4.o) (__udivmodsi4)
c:/program files (x86)/atmel/atmel toolchain/avr8 gcc/native/3.4.1056/avr8-gnu-toolchain/bin/../lib/gcc/avr/4.8.1/../../../../avr/lib/avr5\libm.a(addsf3.o)
                              BrewMonitor.o (__subsf3)
c:/program files (x86)/atmel/atmel toolchain/avr8 gcc/native/3.4.1056/avr8-gnu-toolchain/bin/../lib/gcc/avr/4.8.1/../../../../avr/lib/avr5\libm.a(addsf3x.o)
                              c:/program files (x86)/atmel/atmel toolchain/avr8 gcc/native/3.4.1056/avr8-gnu-toolchain/bin/../lib/gcc/avr/4.8.1/../../../../avr/lib/avr5\libm.a(addsf3.o) (__addsf3x)
c:/program files (x86)/atmel/atmel toolchain/avr8 gcc/native/3.4.1056/avr8-gnu-toolchain/bin/../lib/gcc/avr/4.8.1/../../../../avr/lib/avr5\libm.a(cmpsf2.o)
                              BrewMonitor.o (__ltsf2)
c:/program files (x86)/atmel/atmel toolchain/avr8 gcc/native/3.4.1056/avr8-gnu-toolchain/bin/../lib/gcc/avr/4.8.1/../../../../avr/lib/avr5\libm.a(floatsisf.o)
                              BrewMonitor.o (__floatunsisf)
c:/program files (x86)/atmel/atmel toolchain/avr8 gcc/native/3.4.1056/avr8-gnu-toolchain/bin/../lib/gcc/avr/4.8.1/../../../../avr/lib/avr5\libm.a(fp_cmp.o)
                              c:/program files (x86)/atmel/atmel toolchain/avr8 gcc/native/3.4.1056/avr8-gnu-toolchain/bin/../lib/gcc/avr/4.8.1/../../../../avr/lib/avr5\libm.a(cmpsf2.o) (__fp_cmp)
c:/program files (x86)/atmel/atmel toolchain/avr8 gcc/native/3.4.1056/avr8-gnu-toolchain/bin/../lib/gcc/avr/4.8.1/../../../../avr/lib/avr5\libm.a(fp_inf.o)
                              c:/program files (x86)/atmel/atmel toolchain/avr8 gcc/native/3.4.1056/avr8-gnu-toolchain/bin/../lib/gcc/avr/4.8.1/../../../../avr/lib/avr5\libm.a(addsf3x.o) (__fp_inf)
c:/program files (x86)/atmel/atmel toolchain/avr8 gcc/native/3.4.1056/avr8-gnu-toolchain/bin/../lib/gcc/avr/4.8.1/../../../../avr/lib/avr5\libm.a(fp_nan.o)
                              c:/program files (x86)/atmel/atmel toolchain/avr8 gcc/native/3.4.1056/avr8-gnu-toolchain/bin/../lib/gcc/avr/4.8.1/../../../../avr/lib/avr5\libm.a(addsf3x.o) (__fp_nan)
c:/program files (x86)/atmel/atmel toolchain/avr8 gcc/native/3.4.1056/avr8-gnu-toolchain/bin/../lib/gcc/avr/4.8.1/../../../../avr/lib/avr5\libm.a(fp_pscA.o)
                              c:/program files (x86)/atmel/atmel toolchain/avr8 gcc/native/3.4.1056/avr8-gnu-toolchain/bin/../lib/gcc/avr/4.8.1/../../../../avr/lib/avr5\libm.a(addsf3x.o) (__fp_pscA)
[...]
Memory Configuration

Name             Origin             Length             Attributes
text             0x00000000         0x00020000         xr
data             0x00800060         0x0000ffa0         rw !x
eeprom           0x00810000         0x00010000         rw !x
fuse             0x00820000         0x00000400         rw !x
lock             0x00830000         0x00000400         rw !x
signature        0x00840000         0x00000400         rw !x
user_signatures  0x00850000         0x00000400         rw !x
*default*        0x00000000         0xffffffff

Linker script and memory map

Address of section .data set to 0x800100
LOAD c:/program files (x86)/atmel/atmel toolchain/avr8 gcc/native/3.4.1056/avr8-gnu-toolchain/bin/../lib/gcc/avr/4.8.1/../../../../avr/lib/avr5/crtm32u4.o
LOAD c:/program files (x86)/atmel/atmel toolchain/avr8 gcc/native/3.4.1056/avr8-gnu-toolchain/bin/../lib/gcc/avr/4.8.1/../../../../avr/lib/avr5\libm.a
LOAD BrewMonitor.o
LOAD Descriptors.o
LOAD onewire.o
LOAD ds18x20.o
LOAD crc8.o
LOAD twimaster.o
LOAD memory.o
LOAD uart.o
LOAD LUFA/Drivers/USB/Core/AVR8/Device_AVR8.o
LOAD LUFA/Drivers/USB/Core/AVR8/Endpoint_AVR8.o
LOAD LUFA/Drivers/USB/Core/AVR8/Host_AVR8.o
LOAD LUFA/Drivers/USB/Core/AVR8/Pipe_AVR8.o
LOAD LUFA/Drivers/USB/Core/AVR8/USBController_AVR8.o
LOAD LUFA/Drivers/USB/Core/AVR8/USBInterrupt_AVR8.o
LOAD LUFA/Drivers/USB/Core/AVR8/EndpointStream_AVR8.o
LOAD LUFA/Drivers/USB/Core/AVR8/PipeStream_AVR8.o
LOAD LUFA/Drivers/USB/Core/ConfigDescriptors.o
LOAD LUFA/Drivers/USB/Core/DeviceStandardReq.o
LOAD LUFA/Drivers/USB/Core/Events.o
LOAD LUFA/Drivers/USB/Core/HostStandardReq.o
LOAD LUFA/Drivers/USB/Core/USBTask.o
LOAD LUFA/Drivers/USB/Class/Common/HIDParser.o
LOAD LUFA/Drivers/USB/Class/Device/AudioClassDevice.o
LOAD LUFA/Drivers/USB/Class/Device/CDCClassDevice.o
LOAD LUFA/Drivers/USB/Class/Device/HIDClassDevice.o
LOAD LUFA/Drivers/USB/Class/Device/MassStorageClassDevice.o
LOAD LUFA/Drivers/USB/Class/Device/MIDIClassDevice.o
LOAD LUFA/Drivers/USB/Class/Device/RNDISClassDevice.o
LOAD LUFA/Drivers/USB/Class/Host/AndroidAccessoryClassHost.o
LOAD LUFA/Drivers/USB/Class/Host/AudioClassHost.o
LOAD LUFA/Drivers/USB/Class/Host/CDCClassHost.o
LOAD LUFA/Drivers/USB/Class/Host/HIDClassHost.o
LOAD LUFA/Drivers/USB/Class/Host/MassStorageClassHost.o
LOAD LUFA/Drivers/USB/Class/Host/MIDIClassHost.o
LOAD LUFA/Drivers/USB/Class/Host/PrinterClassHost.o
LOAD LUFA/Drivers/USB/Class/Host/RNDISClassHost.o
LOAD LUFA/Drivers/USB/Class/Host/StillImageClassHost.o
START GROUP
LOAD c:/program files (x86)/atmel/atmel toolchain/avr8 gcc/native/3.4.1056/avr8-gnu-toolchain/bin/../lib/gcc/avr/4.8.1/avr5\libgcc.a
LOAD c:/program files (x86)/atmel/atmel toolchain/avr8 gcc/native/3.4.1056/avr8-gnu-toolchain/bin/../lib/gcc/avr/4.8.1/../../../../avr/lib/avr5\libm.a
LOAD c:/program files (x86)/atmel/atmel toolchain/avr8 gcc/native/3.4.1056/avr8-gnu-toolchain/bin/../lib/gcc/avr/4.8.1/../../../../avr/lib/avr5\libc.a
END GROUP

.hash
 *(.hash)

.dynsym
 *(.dynsym)

.dynstr
 *(.dynstr)

.gnu.version
 *(.gnu.version)

.gnu.version_d
 *(.gnu.version_d)

.gnu.version_r
 *(.gnu.version_r)

.rel.init
 *(.rel.init)

.rela.init
 *(.rela.init)

.rel.text
 *(.rel.text)
 *(.rel.text.*)
 *(.rel.gnu.linkonce.t*)

.rela.text
 *(.rela.text)
 *(.rela.text.*)
 *(.rela.gnu.linkonce.t*)

.rel.fini
 *(.rel.fini)

.rela.fini
 *(.rela.fini)

.rel.rodata
 *(.rel.rodata)
 *(.rel.rodata.*)
 *(.rel.gnu.linkonce.r*)

.rela.rodata
 *(.rela.rodata)
 *(.rela.rodata.*)
 *(.rela.gnu.linkonce.r*)

.rel.data
 *(.rel.data)
 *(.rel.data.*)
 *(.rel.gnu.linkonce.d*)

.rela.data
 *(.rela.data)
 *(.rela.data.*)
 *(.rela.gnu.linkonce.d*)

.rel.ctors
 *(.rel.ctors)

.rela.ctors
 *(.rela.ctors)

.rel.dtors
 *(.rel.dtors)

.rela.dtors
 *(.rela.dtors)

.rel.got
 *(.rel.got)

.rela.got
 *(.rela.got)

.rel.bss
 *(.rel.bss)

.rela.bss
 *(.rela.bss)

.rel.plt
 *(.rel.plt)

.rela.plt
 *(.rela.plt)

.text           0x00000000     0x2ff2
 *(.vectors)
 .vectors       0x00000000       0xac c:/program files (x86)/atmel/atmel toolchain/avr8 gcc/native/3.4.1056/avr8-gnu-toolchain/bin/../lib/gcc/avr/4.8.1/../../../../avr/lib/avr5/crtm32u4.o
                0x00000000                __vector_default
                0x00000000                __vectors
 *(.vectors)
 *(.progmem.gcc*)
 .progmem.gcc_sw_table.CALLBACK_HID_Device_ProcessHIDReport
                0x000000ac       0x12 BrewMonitor.o
 .progmem.gcc_sw_table.USB_Device_ProcessControlRequest
                0x000000be       0x14 LUFA/Drivers/USB/Core/DeviceStandardReq.o
 .progmem.gcc_fplib
                0x000000d2       0x28 c:/program files (x86)/atmel/atmel toolchain/avr8 gcc/native/3.4.1056/avr8-gnu-toolchain/bin/../lib/gcc/avr/4.8.1/../../../../avr/lib/avr5\libm.a(exp.o)
 .progmem.gcc_fplib
                0x000000fa       0x5a c:/program files (x86)/atmel/atmel toolchain/avr8 gcc/native/3.4.1056/avr8-gnu-toolchain/bin/../lib/gcc/avr/4.8.1/../../../../avr/lib/avr5\libm.a(log.o)
                0x00000154                . = ALIGN (0x2)
                0x00000154                __trampolines_start = .
 *(.trampolines)
 .trampolines   0x00000154        0x0 linker stubs
 *(.trampolines*)
                0x00000154                __trampolines_end = .
 *(.progmem*)
 .progmem.data  0x00000154       0x9e Descriptors.o
                0x00000154                ProductString
                0x00000176                ManufacturerString
                0x0000019a                LanguageString
                0x0000019e                ConfigurationDescriptor
                0x000001c0                DeviceDescriptor
                0x000001d2                GenericReport
 .progmem.data  0x000001f2       0xfa c:/program files (x86)/atmel/atmel toolchain/avr8 gcc/native/3.4.1056/avr8-gnu-toolchain/bin/../lib/gcc/avr/4.8.1/../../../../avr/lib/avr5\libc.a(ftoa_engine.o)
                0x000002ec                . = ALIGN (0x2)
 *(.jumptables)
 *(.jumptables*)
 *(.lowtext)
 *(.lowtext*)
                0x000002ec                __ctors_start = .
 *(.ctors)
                0x000002ec                __ctors_end = .
                0x000002ec                __dtors_start = .
 *(.dtors)
                0x000002ec                __dtors_end = .
 SORT(*)(.ctors)
 SORT(*)(.dtors)
 *(.init0)
 .init0         0x000002ec        0x0 c:/program files (x86)/atmel/atmel toolchain/avr8 gcc/native/3.4.1056/avr8-gnu-toolchain/bin/../lib/gcc/avr/4.8.1/../../../../avr/lib/avr5/crtm32u4.o
                0x000002ec                __init
 *(.init0)
 *(.init1)
 *(.init1)
 *(.init2)
 .init2         0x000002ec        0xc c:/program files (x86)/atmel/atmel toolchain/avr8 gcc/native/3.4.1056/avr8-gnu-toolchain/bin/../lib/gcc/avr/4.8.1/../../../../avr/lib/avr5/crtm32u4.o
 *(.init2)
 *(.init3)
 *(.init3)
 *(.init4)
 .init4         0x000002f8       0x16 c:/program files (x86)/atmel/atmel toolchain/avr8 gcc/native/3.4.1056/avr8-gnu-toolchain/bin/../lib/gcc/avr/4.8.1/avr5\libgcc.a(_copy_data.o)
                0x000002f8                __do_copy_data
 .init4         0x0000030e       0x10 c:/program files (x86)/atmel/atmel toolchain/avr8 gcc/native/3.4.1056/avr8-gnu-toolchain/bin/../lib/gcc/avr/4.8.1/avr5\libgcc.a(_clear_bss.o)
                0x0000030e                __do_clear_bss
 *(.init4)
 *(.init5)
 *(.init5)
 *(.init6)
 *(.init6)
 *(.init7)
 *(.init7)
 *(.init8)
 *(.init8)
 *(.init9)
 .init9         0x0000031e        0x6 c:/program files (x86)/atmel/atmel toolchain/avr8 gcc/native/3.4.1056/avr8-gnu-toolchain/bin/../lib/gcc/avr/4.8.1/../../../../avr/lib/avr5/crtm32u4.o
 *(.init9)
 *(.text)
 .text          0x00000324        0x2 c:/program files (x86)/atmel/atmel toolchain/avr8 gcc/native/3.4.1056/avr8-gnu-toolchain/bin/../lib/gcc/avr/4.8.1/../../../../avr/lib/avr5/crtm32u4.o
                0x00000324                __vector_38
                0x00000324                __vector_28
                0x00000324                __vector_1
                0x00000324                __vector_32
                0x00000324                __vector_34
                0x00000324                __vector_24
                0x00000324                __vector_12
                0x00000324                __bad_interrupt
                0x00000324                __vector_6
                0x00000324                __vector_31
                0x00000324                __vector_35
                0x00000324                __vector_39
                0x00000324                __vector_3
                0x00000324                __vector_23
                0x00000324                __vector_30
                0x00000324                __vector_11
                0x00000324                __vector_13
                0x00000324                __vector_7
                0x00000324                __vector_41
                0x00000324                __vector_27
                0x00000324                __vector_5
                0x00000324                __vector_33
                0x00000324                __vector_37
                0x00000324                __vector_4
                0x00000324                __vector_2
                0x00000324                __vector_15
                0x00000324                __vector_36
                0x00000324                __vector_29
                0x00000324                __vector_40
                0x00000324                __vector_8
                0x00000324                __vector_14
                0x00000324                __vector_16
                0x00000324                __vector_20
                0x00000324                __vector_42
                0x00000326                . = ALIGN (0x2)
 *(.text.*)
 .text.WaitForButtonRelease
                0x00000326       0x2c BrewMonitor.o
                0x00000326                WaitForButtonRelease
 .text.SetupHardware
                0x00000352       0xa8 BrewMonitor.o
                0x00000352                SetupHardware
 .text.SetupTimerInterrupts
                0x000003fa       0x54 BrewMonitor.o
                0x000003fa                SetupTimerInterrupts
 .text.__vector_9
                0x0000044e       0x6e BrewMonitor.o
                0x0000044e                __vector_9
 .text.__vector_22
                0x000004bc       0x70 BrewMonitor.o
                0x000004bc                __vector_22
 .text.StartRecording
                0x0000052c       0x78 BrewMonitor.o
                0x0000052c                StartRecording
 .text.StopRecording
                0x000005a4       0x16 BrewMonitor.o
                0x000005a4                StopRecording
 .text.ClearExternalMemory
                0x000005ba       0x32 BrewMonitor.o
                0x000005ba                ClearExternalMemory
 .text.GetNextEmptyAddress
                0x000005ec       0x2c BrewMonitor.o
                0x000005ec                GetNextEmptyAddress
 .text.LoadSettings
                0x00000618       0xda BrewMonitor.o
                0x00000618                LoadSettings
 .text.__vector_21
                0x000006f2       0x3c BrewMonitor.o
                0x000006f2                __vector_21
 .text.__vector_17
                0x0000072e       0x44 BrewMonitor.o
                0x0000072e                __vector_17
 .text.UploadSample
                0x00000772      0x10e BrewMonitor.o
                0x00000772                UploadSample
 .text.SendSample
                0x00000880       0x4a BrewMonitor.o
                0x00000880                SendSample
 .text.CompactMemory
                0x000008ca      0x136 BrewMonitor.o
                0x000008ca                CompactMemory
 .text.RecordSample
                0x00000a00      0x10a BrewMonitor.o
                0x00000a00                RecordSample
 .text.startup.main
                0x00000b0a       0x9e BrewMonitor.o
                0x00000b0a                main
 .text.__vector_18
                0x00000ba8      0x134 BrewMonitor.o
                0x00000ba8                __vector_18
 .text.__vector_19
                0x00000cdc       0x36 BrewMonitor.o
                0x00000cdc                __vector_19
 .text.EVENT_USB_Device_Connect
                0x00000d12        0x2 BrewMonitor.o
                0x00000d12                EVENT_USB_Device_Connect
 .text.EVENT_USB_Device_Disconnect
                0x00000d14        0x6 BrewMonitor.o
                0x00000d14                EVENT_USB_Device_Disconnect
 .text.EVENT_USB_Device_ConfigurationChanged
                0x00000d1a       0x14 BrewMonitor.o
                0x00000d1a                EVENT_USB_Device_ConfigurationChanged
 .text.EVENT_USB_Device_ControlRequest
                0x00000d2e        0x8 BrewMonitor.o
                0x00000d2e                EVENT_USB_Device_ControlRequest
 .text.EVENT_USB_Device_StartOfFrame
                0x00000d36       0x18 BrewMonitor.o
                0x00000d36                EVENT_USB_Device_StartOfFrame
 .text.CALLBACK_HID_Device_CreateHIDReport
                0x00000d4e       0x58 BrewMonitor.o
                0x00000d4e                CALLBACK_HID_Device_CreateHIDReport
 .text.CALLBACK_HID_Device_ProcessHIDReport
                0x00000da6      0x1a4 BrewMonitor.o
                0x00000da6                CALLBACK_HID_Device_ProcessHIDReport
 .text.CALLBACK_USB_GetDescriptor
                0x00000f4a       0x86 Descriptors.o
                0x00000f4a                CALLBACK_USB_GetDescriptor
 .text.ow_input_pin_state
                0x00000fd0       0x12 onewire.o
                0x00000fd0                ow_input_pin_state
 .text.ow_parasite_enable
                0x00000fe2       0x26 onewire.o
                0x00000fe2                ow_parasite_enable
 .text.ow_bit_io_intern
                0x00001008       0x98 onewire.o
 .text.ow_reset
                0x000010a0       0x8c onewire.o
                0x000010a0                ow_reset
 .text.ow_set_bus
                0x0000112c       0x28 onewire.o
                0x0000112c                ow_set_bus
 .text.ow_bit_io
                0x00001154        0x6 onewire.o
                0x00001154                ow_bit_io
 .text.ow_byte_wr
                0x0000115a       0x20 onewire.o
                0x0000115a                ow_byte_wr
 .text.ow_byte_wr_with_parasite_enable
                0x0000117a       0x2a onewire.o
                0x0000117a                ow_byte_wr_with_parasite_enable
 .text.ow_command_intern
                0x000011a4       0x54 onewire.o
 .text.ow_byte_rd
                0x000011f8        0x4 onewire.o
                0x000011f8                ow_byte_rd
 .text.ow_command
                0x000011fc        0x4 onewire.o
                0x000011fc                ow_command
 .text.ow_command_with_parasite_enable
                0x00001200        0x4 onewire.o
                0x00001200                ow_command_with_parasite_enable
 .text.read_scratchpad.constprop.0
                0x00001204       0x42 ds18x20.o
 .text.DS18X20_start_meas
                0x00001246       0x3c ds18x20.o
                0x00001246                DS18X20_start_meas
 .text.DS18X20_read_raw_single
                0x00001282       0x4a ds18x20.o
                0x00001282                DS18X20_read_raw_single
 .text.crc8     0x000012cc       0x32 crc8.o
                0x000012cc                crc8
 .text.i2c_init
                0x000012fe        0xc twimaster.o
                0x000012fe                i2c_init
 .text.i2c_start
                0x0000130a       0x44 twimaster.o
                0x0000130a                i2c_start
 .text.i2c_start_wait
                0x0000134e       0x4e twimaster.o
                0x0000134e                i2c_start_wait
 .text.i2c_rep_start
                0x0000139c        0x2 twimaster.o
                0x0000139c                i2c_rep_start
 .text.i2c_stop
                0x0000139e       0x10 twimaster.o
                0x0000139e                i2c_stop
 .text.i2c_write
                0x000013ae       0x22 twimaster.o
                0x000013ae                i2c_write
 .text.i2c_readAck
                0x000013d0       0x14 twimaster.o
                0x000013d0                i2c_readAck
 .text.i2c_readNak
                0x000013e4       0x14 twimaster.o
                0x000013e4                i2c_readNak
 .text.LC32_Init
                0x000013f8        0x2 memory.o
                0x000013f8                LC32_Init
 .text.LC32_Clear
                0x000013fa       0x40 memory.o
                0x000013fa                LC32_Clear
 .text.LC32_WriteSample
                0x0000143a       0x54 memory.o
                0x0000143a                LC32_WriteSample
 .text.LC32_ReadSample
                0x0000148e       0x5e memory.o
                0x0000148e                LC32_ReadSample
 .text.LC32_WritePage
                0x000014ec       0x72 memory.o
                0x000014ec                LC32_WritePage
 .text.__vector_25
                0x0000155e       0x5c uart.o
                0x0000155e                __vector_25
 .text.__vector_26
                0x000015ba       0x54 uart.o
                0x000015ba                __vector_26
 .text.uart_init
                0x0000160e       0x32 uart.o
                0x0000160e                uart_init
 .text.uart_putc
                0x00001640       0x2a uart.o
                0x00001640                uart_putc
 .text.uart_puts
                0x0000166a       0x16 uart.o
                0x0000166a                uart_puts
 .text.Endpoint_ConfigureEndpoint_Prv
                0x00001680       0x6a LUFA/Drivers/USB/Core/AVR8/Endpoint_AVR8.o
                0x00001680                Endpoint_ConfigureEndpoint_Prv
 .text.Endpoint_ConfigureEndpointTable
                0x000016ea       0x7a LUFA/Drivers/USB/Core/AVR8/Endpoint_AVR8.o
                0x000016ea                Endpoint_ConfigureEndpointTable
 .text.Endpoint_ClearStatusStage
                0x00001764       0x42 LUFA/Drivers/USB/Core/AVR8/Endpoint_AVR8.o
                0x00001764                Endpoint_ClearStatusStage
 .text.Endpoint_WaitUntilReady
                0x000017a6       0x60 LUFA/Drivers/USB/Core/AVR8/Endpoint_AVR8.o
                0x000017a6                Endpoint_WaitUntilReady
 .text.USB_ResetInterface
                0x00001806       0x80 LUFA/Drivers/USB/Core/AVR8/USBController_AVR8.o
                0x00001806                USB_ResetInterface
 .text.USB_Init
                0x00001886       0x16 LUFA/Drivers/USB/Core/AVR8/USBController_AVR8.o
                0x00001886                USB_Init
 .text.USB_INT_DisableAllInterrupts
                0x0000189c       0x10 LUFA/Drivers/USB/Core/AVR8/USBInterrupt_AVR8.o
                0x0000189c                USB_INT_DisableAllInterrupts
 .text.USB_INT_ClearAllInterrupts
                0x000018ac        0xa LUFA/Drivers/USB/Core/AVR8/USBInterrupt_AVR8.o
                0x000018ac                USB_INT_ClearAllInterrupts
 .text.__vector_10
                0x000018b6      0x188 LUFA/Drivers/USB/Core/AVR8/USBInterrupt_AVR8.o
                0x000018b6                __vector_10
 .text.Endpoint_Write_Stream_LE
                0x00001a3e       0x90 LUFA/Drivers/USB/Core/AVR8/EndpointStream_AVR8.o
                0x00001a3e                Endpoint_Write_Stream_LE
 .text.Endpoint_Write_Control_Stream_LE
                0x00001ace       0xb6 LUFA/Drivers/USB/Core/AVR8/EndpointStream_AVR8.o
                0x00001ace                Endpoint_Write_Control_Stream_LE
 .text.Endpoint_Read_Control_Stream_LE
                0x00001b84       0x80 LUFA/Drivers/USB/Core/AVR8/EndpointStream_AVR8.o
                0x00001b84                Endpoint_Read_Control_Stream_LE
 .text.Endpoint_Write_Control_PStream_LE
                0x00001c04       0xbc LUFA/Drivers/USB/Core/AVR8/EndpointStream_AVR8.o
                0x00001c04                Endpoint_Write_Control_PStream_LE
 .text.USB_Device_ProcessControlRequest
                0x00001cc0      0x292 LUFA/Drivers/USB/Core/DeviceStandardReq.o
                0x00001cc0                USB_Device_ProcessControlRequest
 .text.USB_Event_Stub
                0x00001f52        0x2 LUFA/Drivers/USB/Core/Events.o
                0x00001f52                USB_Event_Stub
                0x00001f52                EVENT_USB_Device_Suspend
                0x00001f52                EVENT_USB_Device_Reset
                0x00001f52                EVENT_USB_Device_WakeUp
 .text.USB_USBTask
                0x00001f54       0x38 LUFA/Drivers/USB/Core/USBTask.o
                0x00001f54                USB_USBTask
 .text.HID_Device_ProcessControlRequest
                0x00001f8c      0x260 LUFA/Drivers/USB/Class/Device/HIDClassDevice.o
                0x00001f8c                HID_Device_ProcessControlRequest
 .text.HID_Device_ConfigureEndpoints
                0x000021ec       0x26 LUFA/Drivers/USB/Class/Device/HIDClassDevice.o
                0x000021ec                HID_Device_ConfigureEndpoints
 .text.HID_Device_USBTask
                0x00002212      0x17c LUFA/Drivers/USB/Class/Device/HIDClassDevice.o
                0x00002212                HID_Device_USBTask
 .text.libgcc   0x0000238e        0xc c:/program files (x86)/atmel/atmel toolchain/avr8 gcc/native/3.4.1056/avr8-gnu-toolchain/bin/../lib/gcc/avr/4.8.1/avr5\libgcc.a(_tablejump.o)
                0x0000238e                __tablejump2__
                0x00002392                __tablejump__
 .text.avr-libc.fplib
                0x0000239a        0xa c:/program files (x86)/atmel/atmel toolchain/avr8 gcc/native/3.4.1056/avr8-gnu-toolchain/bin/../lib/gcc/avr/4.8.1/../../../../avr/lib/avr5\libm.a(addsf3.o)
                0x0000239a                __subsf3
                0x0000239c                __addsf3
 .text.avr-libc.fplib
                0x000023a4       0xc0 c:/program files (x86)/atmel/atmel toolchain/avr8 gcc/native/3.4.1056/avr8-gnu-toolchain/bin/../lib/gcc/avr/4.8.1/../../../../avr/lib/avr5\libm.a(addsf3x.o)
                0x000023be                __addsf3x
 .text.avr-libc.fplib
                0x00002464        0x8 c:/program files (x86)/atmel/atmel toolchain/avr8 gcc/native/3.4.1056/avr8-gnu-toolchain/bin/../lib/gcc/avr/4.8.1/../../../../avr/lib/avr5\libm.a(cmpsf2.o)
                0x00002464                __nesf2
                0x00002464                __eqsf2
                0x00002464                __cmpsf2
                0x00002464                __ltsf2
                0x00002464                __lesf2
 .text.avr-libc.fplib
                0x0000246c       0x7a c:/program files (x86)/atmel/atmel toolchain/avr8 gcc/native/3.4.1056/avr8-gnu-toolchain/bin/../lib/gcc/avr/4.8.1/../../../../avr/lib/avr5\libm.a(floatsisf.o)
                0x0000246c                __floatunsisf
                0x00002470                __floatsisf
 .text.avr-libc.fplib
                0x000024e6       0x48 c:/program files (x86)/atmel/atmel toolchain/avr8 gcc/native/3.4.1056/avr8-gnu-toolchain/bin/../lib/gcc/avr/4.8.1/../../../../avr/lib/avr5\libm.a(fp_cmp.o)
                0x000024e6                __fp_cmp
 .text.avr-libc.fplib
                0x0000252e        0xc c:/program files (x86)/atmel/atmel toolchain/avr8 gcc/native/3.4.1056/avr8-gnu-toolchain/bin/../lib/gcc/avr/4.8.1/../../../../avr/lib/avr5\libm.a(fp_inf.o)
                0x0000252e                __fp_inf
 .text.avr-libc.fplib
                0x0000253a        0x6 c:/program files (x86)/atmel/atmel toolchain/avr8 gcc/native/3.4.1056/avr8-gnu-toolchain/bin/../lib/gcc/avr/4.8.1/../../../../avr/lib/avr5\libm.a(fp_nan.o)
                0x0000253a                __fp_nan
 .text.avr-libc.fplib
                0x00002540        0xe c:/program files (x86)/atmel/atmel toolchain/avr8 gcc/native/3.4.1056/avr8-gnu-toolchain/bin/../lib/gcc/avr/4.8.1/../../../../avr/lib/avr5\libm.a(fp_pscA.o)
                0x00002540                __fp_pscA
 .text.avr-libc.fplib
                0x0000254e        0xe c:/program files (x86)/atmel/atmel toolchain/avr8 gcc/native/3.4.1056/avr8-gnu-toolchain/bin/../lib/gcc/avr/4.8.1/../../../../avr/lib/avr5\libm.a(fp_pscB.o)
                0x0000254e                __fp_pscB
 .text.avr-libc.fplib
                0x0000255c       0x22 c:/program files (x86)/atmel/atmel toolchain/avr8 gcc/native/3.4.1056/avr8-gnu-toolchain/bin/../lib/gcc/avr/4.8.1/../../../../avr/lib/avr5\libm.a(fp_round.o)
                0x0000255c                __fp_round
 .text.avr-libc.fplib
                0x0000257e       0x44 c:/program files (x86)/atmel/atmel toolchain/avr8 gcc/native/3.4.1056/avr8-gnu-toolchain/bin/../lib/gcc/avr/4.8.1/../../../../avr/lib/avr5\libm.a(fp_split3.o)
                0x0000257e                __fp_split3
                0x0000258e                __fp_splitA
 .text.avr-libc.fplib
                0x000025c2        0xe c:/program files (x86)/atmel/atmel toolchain/avr8 gcc/native/3.4.1056/avr8-gnu-toolchain/bin/../lib/gcc/avr/4.8.1/../../../../avr/lib/avr5\libm.a(fp_zero.o)
                0x000025c2                __fp_zero
                0x000025c4                __fp_szero
 .text.avr-libc.fplib
                0x000025d0        0x4 c:/program files (x86)/atmel/atmel toolchain/avr8 gcc/native/3.4.1056/avr8-gnu-toolchain/bin/../lib/gcc/avr/4.8.1/../../../../avr/lib/avr5\libm.a(mulsf3.o)
                0x000025d0                __mulsf3
 .text.avr-libc.fplib
                0x000025d4       0xc2 c:/program files (x86)/atmel/atmel toolchain/avr8 gcc/native/3.4.1056/avr8-gnu-toolchain/bin/../lib/gcc/avr/4.8.1/../../../../avr/lib/avr5\libm.a(mulsf3x.o)
                0x000025e8                __mulsf3x
                0x000025ec                __mulsf3_pse
 .text.avr-libc.fplib
                0x00002696       0x98 c:/program files (x86)/atmel/atmel toolchain/avr8 gcc/native/3.4.1056/avr8-gnu-toolchain/bin/../lib/gcc/avr/4.8.1/../../../../avr/lib/avr5\libm.a(pow.o)
                0x00002696                pow
 .text.avr-libc.fplib
                0x0000272e       0x62 c:/program files (x86)/atmel/atmel toolchain/avr8 gcc/native/3.4.1056/avr8-gnu-toolchain/bin/../lib/gcc/avr/4.8.1/../../../../avr/lib/avr5\libm.a(exp.o)
                0x00002738                exp
 .text.avr-libc.fplib
                0x00002790       0x4a c:/program files (x86)/atmel/atmel toolchain/avr8 gcc/native/3.4.1056/avr8-gnu-toolchain/bin/../lib/gcc/avr/4.8.1/../../../../avr/lib/avr5\libm.a(fp_powser.o)
                0x00002790                __fp_powser
 .text.avr-libc.fplib
                0x000027da        0xe c:/program files (x86)/atmel/atmel toolchain/avr8 gcc/native/3.4.1056/avr8-gnu-toolchain/bin/../lib/gcc/avr/4.8.1/../../../../avr/lib/avr5\libm.a(inverse.o)
                0x000027da                inverse
 .text.avr-libc.fplib
                0x000027e8       0x6c c:/program files (x86)/atmel/atmel toolchain/avr8 gcc/native/3.4.1056/avr8-gnu-toolchain/bin/../lib/gcc/avr/4.8.1/../../../../avr/lib/avr5\libm.a(ldexp.o)
                0x000027ec                ldexp
 .text.avr-libc.fplib
                0x00002854       0x8a c:/program files (x86)/atmel/atmel toolchain/avr8 gcc/native/3.4.1056/avr8-gnu-toolchain/bin/../lib/gcc/avr/4.8.1/../../../../avr/lib/avr5\libm.a(log.o)
                0x0000285e                log
 .text.avr-libc.fplib
                0x000028de       0x66 c:/program files (x86)/atmel/atmel toolchain/avr8 gcc/native/3.4.1056/avr8-gnu-toolchain/bin/../lib/gcc/avr/4.8.1/../../../../avr/lib/avr5\libm.a(modf.o)
                0x000028de                modf
                0x000028de                modff
 .text.avr-libc.fplib
                0x00002944        0x4 c:/program files (x86)/atmel/atmel toolchain/avr8 gcc/native/3.4.1056/avr8-gnu-toolchain/bin/../lib/gcc/avr/4.8.1/../../../../avr/lib/avr5\libm.a(divsf3.o)
                0x00002944                __divsf3
 .text.avr-libc.fplib
                0x00002948       0xcc c:/program files (x86)/atmel/atmel toolchain/avr8 gcc/native/3.4.1056/avr8-gnu-toolchain/bin/../lib/gcc/avr/4.8.1/../../../../avr/lib/avr5\libm.a(divsf3x.o)
                0x0000295e                __divsf3x
                0x00002962                __divsf3_pse
 .text.avr-libc.fplib
                0x00002a14       0x1c c:/program files (x86)/atmel/atmel toolchain/avr8 gcc/native/3.4.1056/avr8-gnu-toolchain/bin/../lib/gcc/avr/4.8.1/../../../../avr/lib/avr5\libm.a(fp_mpack.o)
                0x00002a14                __fp_mpack
                0x00002a18                __fp_mpack_finite
 .text.avr-libc
                0x00002a30       0x40 c:/program files (x86)/atmel/atmel toolchain/avr8 gcc/native/3.4.1056/avr8-gnu-toolchain/bin/../lib/gcc/avr/4.8.1/../../../../avr/lib/avr5\libc.a(dtostrf.o)
                0x00002a30                dtostrf
 .text.avr-libc
                0x00002a70       0x1a c:/program files (x86)/atmel/atmel toolchain/avr8 gcc/native/3.4.1056/avr8-gnu-toolchain/bin/../lib/gcc/avr/4.8.1/../../../../avr/lib/avr5\libc.a(memcmp.o)
                0x00002a70                memcmp
 .text.avr-libc
                0x00002a8a       0x12 c:/program files (x86)/atmel/atmel toolchain/avr8 gcc/native/3.4.1056/avr8-gnu-toolchain/bin/../lib/gcc/avr/4.8.1/../../../../avr/lib/avr5\libc.a(memcpy.o)
                0x00002a8a                memcpy
 .text.avr-libc
                0x00002a9c        0xe c:/program files (x86)/atmel/atmel toolchain/avr8 gcc/native/3.4.1056/avr8-gnu-toolchain/bin/../lib/gcc/avr/4.8.1/../../../../avr/lib/avr5\libc.a(memset.o)
                0x00002a9c                memset
 .text.avr-libc
                0x00002aaa       0x14 c:/program files (x86)/atmel/atmel toolchain/avr8 gcc/native/3.4.1056/avr8-gnu-toolchain/bin/../lib/gcc/avr/4.8.1/../../../../avr/lib/avr5\libc.a(itoa_ncheck.o)
                0x00002aaa                __itoa_ncheck
 .text.avr-libc
                0x00002abe       0x32 c:/program files (x86)/atmel/atmel toolchain/avr8 gcc/native/3.4.1056/avr8-gnu-toolchain/bin/../lib/gcc/avr/4.8.1/../../../../avr/lib/avr5\libc.a(utoa_ncheck.o)
                0x00002abe                __utoa_ncheck
                0x00002ac0                __utoa_common
 .text.avr-libc
                0x00002af0       0x10 c:/program files (x86)/atmel/atmel toolchain/avr8 gcc/native/3.4.1056/avr8-gnu-toolchain/bin/../lib/gcc/avr/4.8.1/../../../../avr/lib/avr5\libc.a(eerd_byte_atmega32u4.o)
                0x00002af0                __eerd_byte_m32u4
 .text.avr-libc
                0x00002b00       0x24 c:/program files (x86)/atmel/atmel toolchain/avr8 gcc/native/3.4.1056/avr8-gnu-toolchain/bin/../lib/gcc/avr/4.8.1/../../../../avr/lib/avr5\libc.a(eeupd_byte_atmega32u4.o)
                0x00002b00                __eeupd_byte_m32u4
                0x00002b02                __eeupd_r18_m32u4
 .text.avr-libc
                0x00002b24      0x2fa c:/program files (x86)/atmel/atmel toolchain/avr8 gcc/native/3.4.1056/avr8-gnu-toolchain/bin/../lib/gcc/avr/4.8.1/../../../../avr/lib/avr5\libc.a(dtoa_prf.o)
                0x00002b24                dtoa_prf
 .text.avr-libc
                0x00002e1e      0x1b0 c:/program files (x86)/atmel/atmel toolchain/avr8 gcc/native/3.4.1056/avr8-gnu-toolchain/bin/../lib/gcc/avr/4.8.1/../../../../avr/lib/avr5\libc.a(ftoa_engine.o)
                0x00002e1e                __ftoa_engine
 .text.avr-libc
                0x00002fce       0x20 c:/program files (x86)/atmel/atmel toolchain/avr8 gcc/native/3.4.1056/avr8-gnu-toolchain/bin/../lib/gcc/avr/4.8.1/../../../../avr/lib/avr5\libc.a(strrev.o)
                0x00002fce                strrev
                0x00002fee                . = ALIGN (0x2)
 *(.fini9)
 .fini9         0x00002fee        0x0 c:/program files (x86)/atmel/atmel toolchain/avr8 gcc/native/3.4.1056/avr8-gnu-toolchain/bin/../lib/gcc/avr/4.8.1/avr5\libgcc.a(_exit.o)
                0x00002fee                _exit
                0x00002fee                exit
 *(.fini9)
 *(.fini8)
 *(.fini8)
 *(.fini7)
 *(.fini7)
 *(.fini6)
 *(.fini6)
 *(.fini5)
 *(.fini5)
 *(.fini4)
 *(.fini4)
 *(.fini3)
 *(.fini3)
 *(.fini2)
 *(.fini2)
 *(.fini1)
 *(.fini1)
 *(.fini0)
 .fini0         0x00002fee        0x4 c:/program files (x86)/atmel/atmel toolchain/avr8 gcc/native/3.4.1056/avr8-gnu-toolchain/bin/../lib/gcc/avr/4.8.1/avr5\libgcc.a(_exit.o)
 *(.fini0)
                0x00002ff2                _etext = .

.data           0x00800100       0x90 load address 0x00002ff2
                0x00800100                PROVIDE (__data_start, .)
 *(.data)
 .data          0x00800100        0x0 c:/program files (x86)/atmel/atmel toolchain/avr8 gcc/native/3.4.1056/avr8-gnu-toolchain/bin/../lib/gcc/avr/4.8.1/../../../../avr/lib/avr5/crtm32u4.o
 .data          0x00800100       0x10 BrewMonitor.o
                0x00800100                Generic_HID_Interface
 .data          0x00800110        0x0 Descriptors.o
 .data          0x00800110        0x0 onewire.o
 .data          0x00800110        0x0 ds18x20.o
 .data          0x00800110        0x0 crc8.o
 .data          0x00800110        0x0 twimaster.o
 .data          0x00800110        0x0 memory.o
 .data          0x00800110        0x0 uart.o
 .data          0x00800110        0x0 LUFA/Drivers/USB/Core/AVR8/Device_AVR8.o
 .data          0x00800110        0x0 LUFA/Drivers/USB/Core/AVR8/Endpoint_AVR8.o
 .data          0x00800110        0x0 LUFA/Drivers/USB/Core/AVR8/Host_AVR8.o
 .data          0x00800110        0x0 LUFA/Drivers/USB/Core/AVR8/Pipe_AVR8.o
 .data          0x00800110        0x0 LUFA/Drivers/USB/Core/AVR8/USBController_AVR8.o
 .data          0x00800110        0x0 LUFA/Drivers/USB/Core/AVR8/USBInterrupt_AVR8.o
 .data          0x00800110        0x0 LUFA/Drivers/USB/Core/AVR8/EndpointStream_AVR8.o
 .data          0x00800110        0x0 LUFA/Drivers/USB/Core/AVR8/PipeStream_AVR8.o
 .data          0x00800110        0x0 LUFA/Drivers/USB/Core/ConfigDescriptors.o
 .data          0x00800110        0x0 LUFA/Drivers/USB/Core/DeviceStandardReq.o
 .data          0x00800110        0x0 LUFA/Drivers/USB/Core/Events.o
 .data          0x00800110        0x0 LUFA/Drivers/USB/Core/HostStandardReq.o
 .data          0x00800110        0x0 LUFA/Drivers/USB/Core/USBTask.o
 .data          0x00800110        0x0 LUFA/Drivers/USB/Class/Common/HIDParser.o
 .data          0x00800110        0x0 LUFA/Drivers/USB/Class/Device/AudioClassDevice.o
 .data          0x00800110        0x0 LUFA/Drivers/USB/Class/Device/CDCClassDevice.o
 .data          0x00800110        0x0 LUFA/Drivers/USB/Class/Device/HIDClassDevice.o
 .data          0x00800110        0x0 LUFA/Drivers/USB/Class/Device/MassStorageClassDevice.o
 .data          0x00800110        0x0 LUFA/Drivers/USB/Class/Device/MIDIClassDevice.o
 .data          0x00800110        0x0 LUFA/Drivers/USB/Class/Device/RNDISClassDevice.o
 .data          0x00800110        0x0 LUFA/Drivers/USB/Class/Host/AndroidAccessoryClassHost.o
 .data          0x00800110        0x0 LUFA/Drivers/USB/Class/Host/AudioClassHost.o
 .data          0x00800110        0x0 LUFA/Drivers/USB/Class/Host/CDCClassHost.o
 .data          0x00800110        0x0 LUFA/Drivers/USB/Class/Host/HIDClassHost.o
 .data          0x00800110        0x0 LUFA/Drivers/USB/Class/Host/MassStorageClassHost.o
 .data          0x00800110        0x0 LUFA/Drivers/USB/Class/Host/MIDIClassHost.o
 .data          0x00800110        0x0 LUFA/Drivers/USB/Class/Host/PrinterClassHost.o
 .data          0x00800110        0x0 LUFA/Drivers/USB/Class/Host/RNDISClassHost.o
 .data          0x00800110        0x0 LUFA/Drivers/USB/Class/Host/StillImageClassHost.o
 .data          0x00800110        0x0 c:/program files (x86)/atmel/atmel toolchain/avr8 gcc/native/3.4.1056/avr8-gnu-toolchain/bin/../lib/gcc/avr/4.8.1/avr5\libgcc.a(_divmodhi4.o)
 .data          0x00800110        0x0 c:/program files (x86)/atmel/atmel toolchain/avr8 gcc/native/3.4.1056/avr8-gnu-toolchain/bin/../lib/gcc/avr/4.8.1/avr5\libgcc.a(_divmodsi4.o)
 .data          0x00800110        0x0 c:/program files (x86)/atmel/atmel toolchain/avr8 gcc/native/3.4.1056/avr8-gnu-toolchain/bin/../lib/gcc/avr/4.8.1/avr5\libgcc.a(_negsi2.o)
 .data          0x00800110        0x0 c:/program files (x86)/atmel/atmel toolchain/avr8 gcc/native/3.4.1056/avr8-gnu-toolchain/bin/../lib/gcc/avr/4.8.1/avr5\libgcc.a(_exit.o)
 .data          0x00800110        0x0 c:/program files (x86)/atmel/atmel toolchain/avr8 gcc/native/3.4.1056/avr8-gnu-toolchain/bin/../lib/gcc/avr/4.8.1/avr5\libgcc.a(_tablejump.o)
 .data          0x00800110        0x0 c:/program files (x86)/atmel/atmel toolchain/avr8 gcc/native/3.4.1056/avr8-gnu-toolchain/bin/../lib/gcc/avr/4.8.1/avr5\libgcc.a(_copy_data.o)
 .data          0x00800110        0x0 c:/program files (x86)/atmel/atmel toolchain/avr8 gcc/native/3.4.1056/avr8-gnu-toolchain/bin/../lib/gcc/avr/4.8.1/avr5\libgcc.a(_clear_bss.o)
 .data          0x00800110        0x0 c:/program files (x86)/atmel/atmel toolchain/avr8 gcc/native/3.4.1056/avr8-gnu-toolchain/bin/../lib/gcc/avr/4.8.1/avr5\libgcc.a(_umulhisi3.o)
 .data          0x00800110        0x0 c:/program files (x86)/atmel/atmel toolchain/avr8 gcc/native/3.4.1056/avr8-gnu-toolchain/bin/../lib/gcc/avr/4.8.1/avr5\libgcc.a(_udivmodhi4.o)
 .data          0x00800110        0x0 c:/program files (x86)/atmel/atmel toolchain/avr8 gcc/native/3.4.1056/avr8-gnu-toolchain/bin/../lib/gcc/avr/4.8.1/avr5\libgcc.a(_udivmodsi4.o)
 .data          0x00800110        0x0 c:/program files (x86)/atmel/atmel toolchain/avr8 gcc/native/3.4.1056/avr8-gnu-toolchain/bin/../lib/gcc/avr/4.8.1/../../../../avr/lib/avr5\libm.a(addsf3.o)
 .data          0x00800110        0x0 c:/program files (x86)/atmel/atmel toolchain/avr8 gcc/native/3.4.1056/avr8-gnu-toolchain/bin/../lib/gcc/avr/4.8.1/../../../../avr/lib/avr5\libm.a(addsf3x.o)
 .data          0x00800110        0x0 c:/program files (x86)/atmel/atmel toolchain/avr8 gcc/native/3.4.1056/avr8-gnu-toolchain/bin/../lib/gcc/avr/4.8.1/../../../../avr/lib/avr5\libm.a(cmpsf2.o)
 .data          0x00800110        0x0 c:/program files (x86)/atmel/atmel toolchain/avr8 gcc/native/3.4.1056/avr8-gnu-toolchain/bin/../lib/gcc/avr/4.8.1/../../../../avr/lib/avr5\libm.a(floatsisf.o)
 .data          0x00800110        0x0 c:/program files (x86)/atmel/atmel toolchain/avr8 gcc/native/3.4.1056/avr8-gnu-toolchain/bin/../lib/gcc/avr/4.8.1/../../../../avr/lib/avr5\libm.a(fp_cmp.o)
 .data          0x00800110        0x0 c:/program files (x86)/atmel/atmel toolchain/avr8 gcc/native/3.4.1056/avr8-gnu-toolchain/bin/../lib/gcc/avr/4.8.1/../../../../avr/lib/avr5\libm.a(fp_inf.o)
 .data          0x00800110        0x0 c:/program files (x86)/atmel/atmel toolchain/avr8 gcc/native/3.4.1056/avr8-gnu-toolchain/bin/../lib/gcc/avr/4.8.1/../../../../avr/lib/avr5\libm.a(fp_nan.o)
 .data          0x00800110        0x0 c:/program files (x86)/atmel/atmel toolchain/avr8 gcc/native/3.4.1056/avr8-gnu-toolchain/bin/../lib/gcc/avr/4.8.1/../../../../avr/lib/avr5\libm.a(fp_pscA.o)
 .data          0x00800110        0x0 c:/program files (x86)/atmel/atmel toolchain/avr8 gcc/native/3.4.1056/avr8-gnu-toolchain/bin/../lib/gcc/avr/4.8.1/../../../../avr/lib/avr5\libm.a(fp_pscB.o)
 .data          0x00800110        0x0 c:/program files (x86)/atmel/atmel toolchain/avr8 gcc/native/3.4.1056/avr8-gnu-toolchain/bin/../lib/gcc/avr/4.8.1/../../../../avr/lib/avr5\libm.a(fp_round.o)
 .data          0x00800110        0x0 c:/program files (x86)/atmel/atmel toolchain/avr8 gcc/native/3.4.1056/avr8-gnu-toolchain/bin/../lib/gcc/avr/4.8.1/../../../../avr/lib/avr5\libm.a(fp_split3.o)
 .data          0x00800110        0x0 c:/program files (x86)/atmel/atmel toolchain/avr8 gcc/native/3.4.1056/avr8-gnu-toolchain/bin/../lib/gcc/avr/4.8.1/../../../../avr/lib/avr5\libm.a(fp_zero.o)
 .data          0x00800110        0x0 c:/program files (x86)/atmel/atmel toolchain/avr8 gcc/native/3.4.1056/avr8-gnu-toolchain/bin/../lib/gcc/avr/4.8.1/../../../../avr/lib/avr5\libm.a(mulsf3.o)
 .data          0x00800110        0x0 c:/program files (x86)/atmel/atmel toolchain/avr8 gcc/native/3.4.1056/avr8-gnu-toolchain/bin/../lib/gcc/avr/4.8.1/../../../../avr/lib/avr5\libm.a(mulsf3x.o)
 .data          0x00800110        0x0 c:/program files (x86)/atmel/atmel toolchain/avr8 gcc/native/3.4.1056/avr8-gnu-toolchain/bin/../lib/gcc/avr/4.8.1/../../../../avr/lib/avr5\libm.a(pow.o)
 .data          0x00800110        0x0 c:/program files (x86)/atmel/atmel toolchain/avr8 gcc/native/3.4.1056/avr8-gnu-toolchain/bin/../lib/gcc/avr/4.8.1/../../../../avr/lib/avr5\libm.a(exp.o)
 .data          0x00800110        0x0 c:/program files (x86)/atmel/atmel toolchain/avr8 gcc/native/3.4.1056/avr8-gnu-toolchain/bin/../lib/gcc/avr/4.8.1/../../../../avr/lib/avr5\libm.a(fp_powser.o)
 .data          0x00800110        0x0 c:/program files (x86)/atmel/atmel toolchain/avr8 gcc/native/3.4.1056/avr8-gnu-toolchain/bin/../lib/gcc/avr/4.8.1/../../../../avr/lib/avr5\libm.a(inverse.o)
 .data          0x00800110        0x0 c:/program files (x86)/atmel/atmel toolchain/avr8 gcc/native/3.4.1056/avr8-gnu-toolchain/bin/../lib/gcc/avr/4.8.1/../../../../avr/lib/avr5\libm.a(ldexp.o)
 .data          0x00800110        0x0 c:/program files (x86)/atmel/atmel toolchain/avr8 gcc/native/3.4.1056/avr8-gnu-toolchain/bin/../lib/gcc/avr/4.8.1/../../../../avr/lib/avr5\libm.a(log.o)
 .data          0x00800110        0x0 c:/program files (x86)/atmel/atmel toolchain/avr8 gcc/native/3.4.1056/avr8-gnu-toolchain/bin/../lib/gcc/avr/4.8.1/../../../../avr/lib/avr5\libm.a(modf.o)
 .data          0x00800110        0x0 c:/program files (x86)/atmel/atmel toolchain/avr8 gcc/native/3.4.1056/avr8-gnu-toolchain/bin/../lib/gcc/avr/4.8.1/../../../../avr/lib/avr5\libm.a(divsf3.o)
 .data          0x00800110        0x0 c:/program files (x86)/atmel/atmel toolchain/avr8 gcc/native/3.4.1056/avr8-gnu-toolchain/bin/../lib/gcc/avr/4.8.1/../../../../avr/lib/avr5\libm.a(divsf3x.o)
 .data          0x00800110        0x0 c:/program files (x86)/atmel/atmel toolchain/avr8 gcc/native/3.4.1056/avr8-gnu-toolchain/bin/../lib/gcc/avr/4.8.1/../../../../avr/lib/avr5\libm.a(fp_mpack.o)
 .data          0x00800110        0x0 c:/program files (x86)/atmel/atmel toolchain/avr8 gcc/native/3.4.1056/avr8-gnu-toolchain/bin/../lib/gcc/avr/4.8.1/../../../../avr/lib/avr5\libc.a(dtostrf.o)
 .data          0x00800110        0x0 c:/program files (x86)/atmel/atmel toolchain/avr8 gcc/native/3.4.1056/avr8-gnu-toolchain/bin/../lib/gcc/avr/4.8.1/../../../../avr/lib/avr5\libc.a(memcpy_P.o)
 .data          0x00800110        0x0 c:/program files (x86)/atmel/atmel toolchain/avr8 gcc/native/3.4.1056/avr8-gnu-toolchain/bin/../lib/gcc/avr/4.8.1/../../../../avr/lib/avr5\libc.a(memcmp.o)
 .data          0x00800110        0x0 c:/program files (x86)/atmel/atmel toolchain/avr8 gcc/native/3.4.1056/avr8-gnu-toolchain/bin/../lib/gcc/avr/4.8.1/../../../../avr/lib/avr5\libc.a(memcpy.o)
 .data          0x00800110        0x0 c:/program files (x86)/atmel/atmel toolchain/avr8 gcc/native/3.4.1056/avr8-gnu-toolchain/bin/../lib/gcc/avr/4.8.1/../../../../avr/lib/avr5\libc.a(memset.o)
 .data          0x00800110        0x0 c:/program files (x86)/atmel/atmel toolchain/avr8 gcc/native/3.4.1056/avr8-gnu-toolchain/bin/../lib/gcc/avr/4.8.1/../../../../avr/lib/avr5\libc.a(itoa_ncheck.o)
 .data          0x00800110        0x0 c:/program files (x86)/atmel/atmel toolchain/avr8 gcc/native/3.4.1056/avr8-gnu-toolchain/bin/../lib/gcc/avr/4.8.1/../../../../avr/lib/avr5\libc.a(utoa_ncheck.o)
 .data          0x00800110        0x0 c:/program files (x86)/atmel/atmel toolchain/avr8 gcc/native/3.4.1056/avr8-gnu-toolchain/bin/../lib/gcc/avr/4.8.1/../../../../avr/lib/avr5\libc.a(eerd_byte_atmega32u4.o)
 .data          0x00800110        0x0 c:/program files (x86)/atmel/atmel toolchain/avr8 gcc/native/3.4.1056/avr8-gnu-toolchain/bin/../lib/gcc/avr/4.8.1/../../../../avr/lib/avr5\libc.a(eeupd_byte_atmega32u4.o)
 .data          0x00800110        0x0 c:/program files (x86)/atmel/atmel toolchain/avr8 gcc/native/3.4.1056/avr8-gnu-toolchain/bin/../lib/gcc/avr/4.8.1/../../../../avr/lib/avr5\libc.a(dtoa_prf.o)
 .data          0x00800110        0x0 c:/program files (x86)/atmel/atmel toolchain/avr8 gcc/native/3.4.1056/avr8-gnu-toolchain/bin/../lib/gcc/avr/4.8.1/../../../../avr/lib/avr5\libc.a(ftoa_engine.o)
 .data          0x00800110        0x0 c:/program files (x86)/atmel/atmel toolchain/avr8 gcc/native/3.4.1056/avr8-gnu-toolchain/bin/../lib/gcc/avr/4.8.1/../../../../avr/lib/avr5\libc.a(strrev.o)
 *(.data*)
 *(.rodata)
 *(.rodata*)
 .rodata.str1.1
                0x00800110       0x7f BrewMonitor.o
                                 0x81 (size before relaxing)
 *(.gnu.linkonce.d*)
                0x00800190                . = ALIGN (0x2)
 *fill*         0x0080018f        0x1 
                0x00800190                _edata = .
                0x00800190                PROVIDE (__data_end, .)

.bss            0x00800190       0xa1
                0x00800190                PROVIDE (__bss_start, .)
 *(.bss)
 .bss           0x00800190        0x8 BrewMonitor.o
 .bss           0x00800198       0x45 uart.o
 *(.bss*)
 *(COMMON)
 COMMON         0x008001dd       0x40 BrewMonitor.o
                0x008001dd                _fastStreaming
                0x008001de                _clearMemoryFlag
                0x008001df                _usbArg7
                0x008001e0                _usbArg5
                0x008001e1                _bubbleDelay
                0x008001e3                _recordLedTurnOffCounter
                0x008001e4                _recordBubbleCount
                0x008001e6                _compactionCount
                0x008001e7                _usbArg0
                0x008001e8                _bubbleLow1Detected
                0x008001e9                _bubbleHighDetected
                0x008001ea                _nextMemoryPosition
                0x008001ec                _startRecordingFlag
                0x008001ed                _usbArg4
                0x008001ee                _usbArg10
                0x008001ef                _temperature
                0x008001f1                _debounceCounter
                0x008001f2                _usbArg9
                0x008001f3                _bubbleLow2Detected
                0x008001f4                _divisorCounter
                0x008001f6                _sendSampleFlag
                0x008001f7                _adcHighThreshold
                0x008001f8                _usbArg11
                0x008001f9                _adcValue
                0x008001fa                _usbArg2
                0x008001fb                _dataReady
                0x008001fc                _readyForBubble
                0x008001fd                _usbBubbleCount
                0x008001ff                _recording
                0x00800200                _usbArg8
                0x00800201                _usbArg6
                0x00800202                _stopRecordingFlag
                0x00800203                _usbArg3
                0x00800204                _resumeRecordingFlag
                0x00800205                _secondsCounter
                0x00800206                _recordSampleFlag
                0x00800207                _bubbleOccurring
                0x00800208                _adcLowThreshold
                0x00800209                _sensorIDs
                0x00800219                _downButtonCounter
                0x0080021b                _usbArg1
                0x0080021c                _measureTempFlag
 COMMON         0x0080021d        0x7 onewire.o
                0x0080021d                OW_OUT
                0x0080021f                OW_PIN_MASK
                0x00800220                OW_IN
                0x00800222                OW_DDR
 COMMON         0x00800224        0x3 LUFA/Drivers/USB/Core/DeviceStandardReq.o
                0x00800224                USB_Device_ConfigurationNumber
                0x00800225                USB_Device_CurrentlySelfPowered
                0x00800226                USB_Device_RemoteWakeupEnabled
 COMMON         0x00800227        0xa LUFA/Drivers/USB/Core/USBTask.o
                0x00800227                USB_IsInitialized
                0x00800228                USB_DeviceState
                0x00800229                USB_ControlRequest
                0x00800231                PROVIDE (__bss_end, .)
                0x00002ff2                __data_load_start = LOADADDR (.data)
                0x00003082                __data_load_end = (__data_load_start + SIZEOF (.data))

.noinit         0x00800231        0x0
                0x00800231                PROVIDE (__noinit_start, .)
 *(.noinit*)
                0x00800231                PROVIDE (__noinit_end, .)
                0x00800231                _end = .
                0x00800231                PROVIDE (__heap_start, .)

.eeprom         0x00810000        0x0
 *(.eeprom*)
                0x00810000                __eeprom_end = .

.fuse
 *(.fuse)
 *(.lfuse)
 *(.hfuse)
 *(.efuse)

.lock
 *(.lock*)

.signature
 *(.signature*)

.user_signatures
 *(.user_signatures*)

.stab
 *(.stab)

.stabstr
 *(.stabstr)

.stab.excl
 *(.stab.excl)

.stab.exclstr
 *(.stab.exclstr)

.stab.index
 *(.stab.index)

.stab.indexstr
 *(.stab.indexstr)

.comment        0x00000000       0x30
 *(.comment)
 .comment       0x00000000       0x30 BrewMonitor.o
                                 0x31 (size before relaxing)
 .comment       0x00000000       0x31 Descriptors.o
 .comment       0x00000000       0x31 onewire.o
 .comment       0x00000000       0x31 ds18x20.o
 .comment       0x00000000       0x31 crc8.o
 .comment       0x00000000       0x31 twimaster.o
 .comment       0x00000000       0x31 memory.o
 .comment       0x00000000       0x31 uart.o
 .comment       0x00000000       0x31 LUFA/Drivers/USB/Core/AVR8/Device_AVR8.o
 .comment       0x00000000       0x31 LUFA/Drivers/USB/Core/AVR8/Endpoint_AVR8.o
 .comment       0x00000000       0x31 LUFA/Drivers/USB/Core/AVR8/Host_AVR8.o
 .comment       0x00000000       0x31 LUFA/Drivers/USB/Core/AVR8/Pipe_AVR8.o
 .comment       0x00000000       0x31 LUFA/Drivers/USB/Core/AVR8/USBController_AVR8.o
 .comment       0x00000000       0x31 LUFA/Drivers/USB/Core/AVR8/USBInterrupt_AVR8.o
 .comment       0x00000000       0x31 LUFA/Drivers/USB/Core/AVR8/EndpointStream_AVR8.o
 .comment       0x00000000       0x31 LUFA/Drivers/USB/Core/AVR8/PipeStream_AVR8.o
 .comment       0x00000000       0x31 LUFA/Drivers/USB/Core/ConfigDescriptors.o
 .comment       0x00000000       0x31 LUFA/Drivers/USB/Core/DeviceStandardReq.o
 .comment       0x00000000       0x31 LUFA/Drivers/USB/Core/Events.o
 .comment       0x00000000       0x31 LUFA/Drivers/USB/Core/HostStandardReq.o
 .comment       0x00000000       0x31 LUFA/Drivers/USB/Core/USBTask.o
 .comment       0x00000000       0x31 LUFA/Drivers/USB/Class/Common/HIDParser.o
 .comment       0x00000000       0x31 LUFA/Drivers/USB/Class/Device/AudioClassDevice.o
 .comment       0x00000000       0x31 LUFA/Drivers/USB/Class/Device/CDCClassDevice.o
 .comment       0x00000000       0x31 LUFA/Drivers/USB/Class/Device/HIDClassDevice.o
 .comment       0x00000000       0x31 LUFA/Drivers/USB/Class/Device/MassStorageClassDevice.o
 .comment       0x00000000       0x31 LUFA/Drivers/USB/Class/Device/MIDIClassDevice.o
 .comment       0x00000000       0x31 LUFA/Drivers/USB/Class/Device/RNDISClassDevice.o
 .comment       0x00000000       0x31 LUFA/Drivers/USB/Class/Host/AndroidAccessoryClassHost.o
 .comment       0x00000000       0x31 LUFA/Drivers/USB/Class/Host/AudioClassHost.o
 .comment       0x00000000       0x31 LUFA/Drivers/USB/Class/Host/CDCClassHost.o
 .comment       0x00000000       0x31 LUFA/Drivers/USB/Class/Host/HIDClassHost.o
 .comment       0x00000000       0x31 LUFA/Drivers/USB/Class/Host/MassStorageClassHost.o
 .comment       0x00000000       0x31 LUFA/Drivers/USB/Class/Host/MIDIClassHost.o
 .comment       0x00000000       0x31 LUFA/Drivers/USB/Class/Host/PrinterClassHost.o
 .comment       0x00000000       0x31 LUFA/Drivers/USB/Class/Host/RNDISClassHost.o
 .comment       0x00000000       0x31 LUFA/Drivers/USB/Class/Host/StillImageClassHost.o
 .comment       0x00000000       0x31 c:/program files (x86)/atmel/atmel toolchain/avr8 gcc/native/3.4.1056/avr8-gnu-toolchain/bin/../lib/gcc/avr/4.8.1/../../../../avr/lib/avr5\libc.a(dtostrf.o)
 .comment       0x00000000       0x31 c:/program files (x86)/atmel/atmel toolchain/avr8 gcc/native/3.4.1056/avr8-gnu-toolchain/bin/../lib/gcc/avr/4.8.1/../../../../avr/lib/avr5\libc.a(dtoa_prf.o)

.note.gnu.build-id
 *(.note.gnu.build-id)

.debug
 *(.debug)

.line
 *(.line)

.debug_srcinfo
 *(.debug_srcinfo)

.debug_sfnames
 *(.debug_sfnames)

.debug_aranges  0x00000000      0x878
 *(.debug_aranges)
 .debug_aranges
                0x00000000       0xf0 BrewMonitor.o
 .debug_aranges
                0x000000f0       0x20 Descriptors.o
 .debug_aranges
                0x00000110       0x88 onewire.o
 .debug_aranges
                0x00000198       0x88 ds18x20.o
 .debug_aranges
                0x00000220       0x20 crc8.o
 .debug_aranges
                0x00000240       0x58 twimaster.o
 .debug_aranges
                0x00000298       0x48 memory.o
 .debug_aranges
                0x000002e0       0x50 uart.o
 .debug_aranges
                0x00000330       0x20 LUFA/Drivers/USB/Core/AVR8/Device_AVR8.o
 .debug_aranges
                0x00000350       0x40 LUFA/Drivers/USB/Core/AVR8/Endpoint_AVR8.o
 .debug_aranges
                0x00000390       0x18 LUFA/Drivers/USB/Core/AVR8/Host_AVR8.o
 .debug_aranges
                0x000003a8       0x18 LUFA/Drivers/USB/Core/AVR8/Pipe_AVR8.o
 .debug_aranges
                0x000003c0       0x30 LUFA/Drivers/USB/Core/AVR8/USBController_AVR8.o
 .debug_aranges
                0x000003f0       0x30 LUFA/Drivers/USB/Core/AVR8/USBInterrupt_AVR8.o
 .debug_aranges
                0x00000420       0xc8 LUFA/Drivers/USB/Core/AVR8/EndpointStream_AVR8.o
 .debug_aranges
                0x000004e8       0x18 LUFA/Drivers/USB/Core/AVR8/PipeStream_AVR8.o
 .debug_aranges
                0x00000500       0x40 LUFA/Drivers/USB/Core/ConfigDescriptors.o
 .debug_aranges
                0x00000540       0x20 LUFA/Drivers/USB/Core/DeviceStandardReq.o
 .debug_aranges
                0x00000560       0x20 LUFA/Drivers/USB/Core/Events.o
 .debug_aranges
                0x00000580       0x18 LUFA/Drivers/USB/Core/HostStandardReq.o
 .debug_aranges
                0x00000598       0x20 LUFA/Drivers/USB/Core/USBTask.o
 .debug_aranges
                0x000005b8       0x38 LUFA/Drivers/USB/Class/Common/HIDParser.o
 .debug_aranges
                0x000005f0       0x30 LUFA/Drivers/USB/Class/Device/AudioClassDevice.o
 .debug_aranges
                0x00000620       0x98 LUFA/Drivers/USB/Class/Device/CDCClassDevice.o
 .debug_aranges
                0x000006b8       0x30 LUFA/Drivers/USB/Class/Device/HIDClassDevice.o
 .debug_aranges
                0x000006e8       0x30 LUFA/Drivers/USB/Class/Device/MassStorageClassDevice.o
 .debug_aranges
                0x00000718       0x40 LUFA/Drivers/USB/Class/Device/MIDIClassDevice.o
 .debug_aranges
                0x00000758       0x48 LUFA/Drivers/USB/Class/Device/RNDISClassDevice.o
 .debug_aranges
                0x000007a0       0x18 LUFA/Drivers/USB/Class/Host/AndroidAccessoryClassHost.o
 .debug_aranges
                0x000007b8       0x18 LUFA/Drivers/USB/Class/Host/AudioClassHost.o
 .debug_aranges
                0x000007d0       0x18 LUFA/Drivers/USB/Class/Host/CDCClassHost.o
 .debug_aranges
                0x000007e8       0x18 LUFA/Drivers/USB/Class/Host/HIDClassHost.o
 .debug_aranges
                0x00000800       0x18 LUFA/Drivers/USB/Class/Host/MassStorageClassHost.o
 .debug_aranges
                0x00000818       0x18 LUFA/Drivers/USB/Class/Host/MIDIClassHost.o
 .debug_aranges
                0x00000830       0x18 LUFA/Drivers/USB/Class/Host/PrinterClassHost.o
 .debug_aranges
                0x00000848       0x18 LUFA/Drivers/USB/Class/Host/RNDISClassHost.o
 .debug_aranges
                0x00000860       0x18 LUFA/Drivers/USB/Class/Host/StillImageClassHost.o

.debug_pubnames
 *(.debug_pubnames)

.debug_info     0x00000000     0xc1a7
 *(.debug_info .gnu.linkonce.wi.*)
 .debug_info    0x00000000     0x173f BrewMonitor.o
 .debug_info    0x0000173f      0x6b4 Descriptors.o
 .debug_info    0x00001df3      0x7e5 onewire.o
 .debug_info    0x000025d8      0x9b9 ds18x20.o
 .debug_info    0x00002f91      0x108 crc8.o
 .debug_info    0x00003099      0x1c2 twimaster.o
 .debug_info    0x0000325b      0x55f memory.o
 .debug_info    0x000037ba      0x314 uart.o
 .debug_info    0x00003ace       0xd6 LUFA/Drivers/USB/Core/AVR8/Device_AVR8.o
 .debug_info    0x00003ba4      0x618 LUFA/Drivers/USB/Core/AVR8/Endpoint_AVR8.o
 .debug_info    0x000041bc       0x5a LUFA/Drivers/USB/Core/AVR8/Host_AVR8.o
 .debug_info    0x00004216       0x5a LUFA/Drivers/USB/Core/AVR8/Pipe_AVR8.o
 .debug_info    0x00004270      0x4c1 LUFA/Drivers/USB/Core/AVR8/USBController_AVR8.o
 .debug_info    0x00004731      0x677 LUFA/Drivers/USB/Core/AVR8/USBInterrupt_AVR8.o
 .debug_info    0x00004da8     0x17c2 LUFA/Drivers/USB/Core/AVR8/EndpointStream_AVR8.o
 .debug_info    0x0000656a       0x5a LUFA/Drivers/USB/Core/AVR8/PipeStream_AVR8.o
 .debug_info    0x000065c4      0x3cd LUFA/Drivers/USB/Core/ConfigDescriptors.o
 .debug_info    0x00006991      0xa8a LUFA/Drivers/USB/Core/DeviceStandardReq.o
 .debug_info    0x0000741b       0x7c LUFA/Drivers/USB/Core/Events.o
 .debug_info    0x00007497       0x21 LUFA/Drivers/USB/Core/HostStandardReq.o
 .debug_info    0x000074b8      0x271 LUFA/Drivers/USB/Core/USBTask.o
 .debug_info    0x00007729      0x740 LUFA/Drivers/USB/Class/Common/HIDParser.o
 .debug_info    0x00007e69      0x900 LUFA/Drivers/USB/Class/Device/AudioClassDevice.o
 .debug_info    0x00008769      0xe54 LUFA/Drivers/USB/Class/Device/CDCClassDevice.o
 .debug_info    0x000095bd      0x9ee LUFA/Drivers/USB/Class/Device/HIDClassDevice.o
 .debug_info    0x00009fab      0x97b LUFA/Drivers/USB/Class/Device/MassStorageClassDevice.o
 .debug_info    0x0000a926      0x5dc LUFA/Drivers/USB/Class/Device/MIDIClassDevice.o
 .debug_info    0x0000af02     0x117c LUFA/Drivers/USB/Class/Device/RNDISClassDevice.o
 .debug_info    0x0000c07e       0x21 LUFA/Drivers/USB/Class/Host/AndroidAccessoryClassHost.o
 .debug_info    0x0000c09f       0x21 LUFA/Drivers/USB/Class/Host/AudioClassHost.o
 .debug_info    0x0000c0c0       0x21 LUFA/Drivers/USB/Class/Host/CDCClassHost.o
 .debug_info    0x0000c0e1       0x21 LUFA/Drivers/USB/Class/Host/HIDClassHost.o
 .debug_info    0x0000c102       0x21 LUFA/Drivers/USB/Class/Host/MassStorageClassHost.o
 .debug_info    0x0000c123       0x21 LUFA/Drivers/USB/Class/Host/MIDIClassHost.o
 .debug_info    0x0000c144       0x21 LUFA/Drivers/USB/Class/Host/PrinterClassHost.o
 .debug_info    0x0000c165       0x21 LUFA/Drivers/USB/Class/Host/RNDISClassHost.o
 .debug_info    0x0000c186       0x21 LUFA/Drivers/USB/Class/Host/StillImageClassHost.o

.debug_abbrev   0x00000000     0x3243
 *(.debug_abbrev)
 .debug_abbrev  0x00000000      0x497 BrewMonitor.o
 .debug_abbrev  0x00000497      0x169 Descriptors.o
 .debug_abbrev  0x00000600      0x2bc onewire.o
 .debug_abbrev  0x000008bc      0x2cd ds18x20.o
 .debug_abbrev  0x00000b89       0x8e crc8.o
 .debug_abbrev  0x00000c17       0xeb twimaster.o
 .debug_abbrev  0x00000d02      0x18f memory.o
 .debug_abbrev  0x00000e91      0x116 uart.o
 .debug_abbrev  0x00000fa7       0x83 LUFA/Drivers/USB/Core/AVR8/Device_AVR8.o
 .debug_abbrev  0x0000102a      0x225 LUFA/Drivers/USB/Core/AVR8/Endpoint_AVR8.o
 .debug_abbrev  0x0000124f       0x29 LUFA/Drivers/USB/Core/AVR8/Host_AVR8.o
 .debug_abbrev  0x00001278       0x29 LUFA/Drivers/USB/Core/AVR8/Pipe_AVR8.o
 .debug_abbrev  0x000012a1      0x1a8 LUFA/Drivers/USB/Core/AVR8/USBController_AVR8.o
 .debug_abbrev  0x00001449      0x1d8 LUFA/Drivers/USB/Core/AVR8/USBInterrupt_AVR8.o
 .debug_abbrev  0x00001621      0x227 LUFA/Drivers/USB/Core/AVR8/EndpointStream_AVR8.o
 .debug_abbrev  0x00001848       0x29 LUFA/Drivers/USB/Core/AVR8/PipeStream_AVR8.o
 .debug_abbrev  0x00001871      0x179 LUFA/Drivers/USB/Core/ConfigDescriptors.o
 .debug_abbrev  0x000019ea      0x2b2 LUFA/Drivers/USB/Core/DeviceStandardReq.o
 .debug_abbrev  0x00001c9c       0x47 LUFA/Drivers/USB/Core/Events.o
 .debug_abbrev  0x00001ce3       0x13 LUFA/Drivers/USB/Core/HostStandardReq.o
 .debug_abbrev  0x00001cf6      0x170 LUFA/Drivers/USB/Core/USBTask.o
 .debug_abbrev  0x00001e66      0x221 LUFA/Drivers/USB/Class/Common/HIDParser.o
 .debug_abbrev  0x00002087      0x20f LUFA/Drivers/USB/Class/Device/AudioClassDevice.o
 .debug_abbrev  0x00002296      0x420 LUFA/Drivers/USB/Class/Device/CDCClassDevice.o
 .debug_abbrev  0x000026b6      0x26e LUFA/Drivers/USB/Class/Device/HIDClassDevice.o
 .debug_abbrev  0x00002924      0x2bc LUFA/Drivers/USB/Class/Device/MassStorageClassDevice.o
 .debug_abbrev  0x00002be0      0x246 LUFA/Drivers/USB/Class/Device/MIDIClassDevice.o
 .debug_abbrev  0x00002e26      0x372 LUFA/Drivers/USB/Class/Device/RNDISClassDevice.o
 .debug_abbrev  0x00003198       0x13 LUFA/Drivers/USB/Class/Host/AndroidAccessoryClassHost.o
 .debug_abbrev  0x000031ab       0x13 LUFA/Drivers/USB/Class/Host/AudioClassHost.o
 .debug_abbrev  0x000031be       0x13 LUFA/Drivers/USB/Class/Host/CDCClassHost.o
 .debug_abbrev  0x000031d1       0x13 LUFA/Drivers/USB/Class/Host/HIDClassHost.o
 .debug_abbrev  0x000031e4       0x13 LUFA/Drivers/USB/Class/Host/MassStorageClassHost.o
 .debug_abbrev  0x000031f7       0x13 LUFA/Drivers/USB/Class/Host/MIDIClassHost.o
 .debug_abbrev  0x0000320a       0x13 LUFA/Drivers/USB/Class/Host/PrinterClassHost.o
 .debug_abbrev  0x0000321d       0x13 LUFA/Drivers/USB/Class/Host/RNDISClassHost.o
 .debug_abbrev  0x00003230       0x13 LUFA/Drivers/USB/Class/Host/StillImageClassHost.o

.debug_line     0x00000000     0xf033
 *(.debug_line .debug_line.* .debug_line_end)
 .debug_line    0x00000000      0xfaf BrewMonitor.o
 .debug_line    0x00000faf      0xb84 Descriptors.o
 .debug_line    0x00001b33      0x468 onewire.o
 .debug_line    0x00001f9b      0x4b4 ds18x20.o
 .debug_line    0x0000244f      0x136 crc8.o
 .debug_line    0x00002585      0x3d9 twimaster.o
 .debug_line    0x0000295e      0x2ca memory.o
 .debug_line    0x00002c28      0x2cc uart.o
 .debug_line    0x00002ef4      0x87e LUFA/Drivers/USB/Core/AVR8/Device_AVR8.o
 .debug_line    0x00003772      0x9ee LUFA/Drivers/USB/Core/AVR8/Endpoint_AVR8.o
 .debug_line    0x00004160      0x465 LUFA/Drivers/USB/Core/AVR8/Host_AVR8.o
 .debug_line    0x000045c5      0x465 LUFA/Drivers/USB/Core/AVR8/Pipe_AVR8.o
 .debug_line    0x00004a2a      0x7dd LUFA/Drivers/USB/Core/AVR8/USBController_AVR8.o
 .debug_line    0x00005207      0x981 LUFA/Drivers/USB/Core/AVR8/USBInterrupt_AVR8.o
 .debug_line    0x00005b88     0x11c0 LUFA/Drivers/USB/Core/AVR8/EndpointStream_AVR8.o
 .debug_line    0x00006d48      0x46b LUFA/Drivers/USB/Core/AVR8/PipeStream_AVR8.o
 .debug_line    0x000071b3      0x7ba LUFA/Drivers/USB/Core/ConfigDescriptors.o
 .debug_line    0x0000796d      0x8b0 LUFA/Drivers/USB/Core/DeviceStandardReq.o
 .debug_line    0x0000821d      0x452 LUFA/Drivers/USB/Core/Events.o
 .debug_line    0x0000866f       0x52 LUFA/Drivers/USB/Core/HostStandardReq.o
 .debug_line    0x000086c1      0x76a LUFA/Drivers/USB/Core/USBTask.o
 .debug_line    0x00008e2b      0x68b LUFA/Drivers/USB/Class/Common/HIDParser.o
 .debug_line    0x000094b6      0xda7 LUFA/Drivers/USB/Class/Device/AudioClassDevice.o
 .debug_line    0x0000a25d      0xffc LUFA/Drivers/USB/Class/Device/CDCClassDevice.o
 .debug_line    0x0000b259      0xe3e LUFA/Drivers/USB/Class/Device/HIDClassDevice.o
 .debug_line    0x0000c097      0xe40 LUFA/Drivers/USB/Class/Device/MassStorageClassDevice.o
 .debug_line    0x0000ced7      0xddf LUFA/Drivers/USB/Class/Device/MIDIClassDevice.o
 .debug_line    0x0000dcb6      0xefc LUFA/Drivers/USB/Class/Device/RNDISClassDevice.o
 .debug_line    0x0000ebb2       0x89 LUFA/Drivers/USB/Class/Host/AndroidAccessoryClassHost.o
 .debug_line    0x0000ec3b       0x7e LUFA/Drivers/USB/Class/Host/AudioClassHost.o
 .debug_line    0x0000ecb9       0x7c LUFA/Drivers/USB/Class/Host/CDCClassHost.o
 .debug_line    0x0000ed35       0x7c LUFA/Drivers/USB/Class/Host/HIDClassHost.o
 .debug_line    0x0000edb1       0x84 LUFA/Drivers/USB/Class/Host/MassStorageClassHost.o
 .debug_line    0x0000ee35       0x7d LUFA/Drivers/USB/Class/Host/MIDIClassHost.o
 .debug_line    0x0000eeb2       0x80 LUFA/Drivers/USB/Class/Host/PrinterClassHost.o
 .debug_line    0x0000ef32       0x7e LUFA/Drivers/USB/Class/Host/RNDISClassHost.o
 .debug_line    0x0000efb0       0x83 LUFA/Drivers/USB/Class/Host/StillImageClassHost.o

.debug_frame    0x00000000     0x16c0
 *(.debug_frame)
 .debug_frame   0x00000000      0x37c BrewMonitor.o
 .debug_frame   0x0000037c       0x24 Descriptors.o
 .debug_frame   0x000003a0      0x168 onewire.o
 .debug_frame   0x00000508      0x254 ds18x20.o
 .debug_frame   0x0000075c       0x24 crc8.o
 .debug_frame   0x00000780       0x94 twimaster.o
 .debug_frame   0x00000814       0xfc memory.o
 .debug_frame   0x00000910       0xe0 uart.o
 .debug_frame   0x000009f0       0x24 LUFA/Drivers/USB/Core/AVR8/Device_AVR8.o
 .debug_frame   0x00000a14       0x78 LUFA/Drivers/USB/Core/AVR8/Endpoint_AVR8.o
 .debug_frame   0x00000a8c       0x58 LUFA/Drivers/USB/Core/AVR8/USBController_AVR8.o
 .debug_frame   0x00000ae4       0x8c LUFA/Drivers/USB/Core/AVR8/USBInterrupt_AVR8.o
 .debug_frame   0x00000b70      0x3ac LUFA/Drivers/USB/Core/AVR8/EndpointStream_AVR8.o
 .debug_frame   0x00000f1c      0x108 LUFA/Drivers/USB/Core/ConfigDescriptors.o
 .debug_frame   0x00001024       0x40 LUFA/Drivers/USB/Core/DeviceStandardReq.o
 .debug_frame   0x00001064       0x24 LUFA/Drivers/USB/Core/Events.o
 .debug_frame   0x00001088       0x2c LUFA/Drivers/USB/Core/USBTask.o
 .debug_frame   0x000010b4      0x114 LUFA/Drivers/USB/Class/Common/HIDParser.o
 .debug_frame   0x000011c8       0xa8 LUFA/Drivers/USB/Class/Device/AudioClassDevice.o
 .debug_frame   0x00001270      0x168 LUFA/Drivers/USB/Class/Device/CDCClassDevice.o
 .debug_frame   0x000013d8       0xe4 LUFA/Drivers/USB/Class/Device/HIDClassDevice.o
 .debug_frame   0x000014bc       0x80 LUFA/Drivers/USB/Class/Device/MassStorageClassDevice.o
 .debug_frame   0x0000153c       0x70 LUFA/Drivers/USB/Class/Device/MIDIClassDevice.o
 .debug_frame   0x000015ac      0x114 LUFA/Drivers/USB/Class/Device/RNDISClassDevice.o

.debug_str      0x00000000    0x1ab7b
 *(.debug_str)
 .debug_str     0x00000000    0x166de BrewMonitor.o
                              0x169d8 (size before relaxing)
 .debug_str     0x000166de      0x68c Descriptors.o
                              0x14dee (size before relaxing)
 .debug_str     0x00016d6a      0x3dd onewire.o
                               0x8ab8 (size before relaxing)
 .debug_str     0x00017147      0x1c6 ds18x20.o
                               0xb4ec (size before relaxing)
 .debug_str     0x0001730d       0x5f crc8.o
                               0x327a (size before relaxing)
 .debug_str     0x0001736c      0x3ba twimaster.o
                               0x8142 (size before relaxing)
 .debug_str     0x00017726       0x3e memory.o
                               0x7f7b (size before relaxing)
 .debug_str     0x00017764      0x27e uart.o
                               0xadfe (size before relaxing)
 .debug_str     0x000179e2       0xa5 LUFA/Drivers/USB/Core/AVR8/Device_AVR8.o
                               0xeaeb (size before relaxing)
 .debug_str     0x00017a87      0x42c LUFA/Drivers/USB/Core/AVR8/Endpoint_AVR8.o
                               0xef0d (size before relaxing)
 .debug_str     0x00017eb3       0x27 LUFA/Drivers/USB/Core/AVR8/Host_AVR8.o
                               0xe117 (size before relaxing)
 .debug_str     0x00017eda       0x27 LUFA/Drivers/USB/Core/AVR8/Pipe_AVR8.o
                               0xe117 (size before relaxing)
 .debug_str     0x00017f01      0x205 LUFA/Drivers/USB/Core/AVR8/USBController_AVR8.o
                               0xee6d (size before relaxing)
 .debug_str     0x00018106       0xf3 LUFA/Drivers/USB/Core/AVR8/USBInterrupt_AVR8.o
                               0xee21 (size before relaxing)
 .debug_str     0x000181f9      0x9c0 LUFA/Drivers/USB/Core/AVR8/EndpointStream_AVR8.o
                               0xf86b (size before relaxing)
 .debug_str     0x00018bb9       0x2d LUFA/Drivers/USB/Core/AVR8/PipeStream_AVR8.o
                               0xe11d (size before relaxing)
 .debug_str     0x00018be6      0x221 LUFA/Drivers/USB/Core/ConfigDescriptors.o
                               0xee5d (size before relaxing)
 .debug_str     0x00018e07      0x41c LUFA/Drivers/USB/Core/DeviceStandardReq.o
                               0xf2a4 (size before relaxing)
 .debug_str     0x00019223       0x47 LUFA/Drivers/USB/Core/Events.o
                               0xe148 (size before relaxing)
 .debug_str     0x0001926a       0x28 LUFA/Drivers/USB/Core/HostStandardReq.o
                               0x2b45 (size before relaxing)
 .debug_str     0x00019292       0x72 LUFA/Drivers/USB/Core/USBTask.o
                               0xec8c (size before relaxing)
 .debug_str     0x00019304      0x470 LUFA/Drivers/USB/Class/Common/HIDParser.o
                              0x123f1 (size before relaxing)
 .debug_str     0x00019774      0x2d2 LUFA/Drivers/USB/Class/Device/AudioClassDevice.o
                              0x14bb2 (size before relaxing)
 .debug_str     0x00019a46      0x3b9 LUFA/Drivers/USB/Class/Device/CDCClassDevice.o
                              0x14f05 (size before relaxing)
 .debug_str     0x00019dff      0x125 LUFA/Drivers/USB/Class/Device/HIDClassDevice.o
                              0x14c02 (size before relaxing)
 .debug_str     0x00019f24      0x283 LUFA/Drivers/USB/Class/Device/MassStorageClassDevice.o
                              0x14d10 (size before relaxing)
 .debug_str     0x0001a1a7      0x130 LUFA/Drivers/USB/Class/Device/MIDIClassDevice.o
                              0x14b48 (size before relaxing)
 .debug_str     0x0001a2d7      0x6fc LUFA/Drivers/USB/Class/Device/RNDISClassDevice.o
                              0x15265 (size before relaxing)
 .debug_str     0x0001a9d3       0x38 LUFA/Drivers/USB/Class/Host/AndroidAccessoryClassHost.o
                               0x2b55 (size before relaxing)
 .debug_str     0x0001aa0b       0x2d LUFA/Drivers/USB/Class/Host/AudioClassHost.o
                               0x2b4a (size before relaxing)
 .debug_str     0x0001aa38       0x2b LUFA/Drivers/USB/Class/Host/CDCClassHost.o
                               0x2b48 (size before relaxing)
 .debug_str     0x0001aa63       0x2b LUFA/Drivers/USB/Class/Host/HIDClassHost.o
                               0x2b48 (size before relaxing)
 .debug_str     0x0001aa8e       0x33 LUFA/Drivers/USB/Class/Host/MassStorageClassHost.o
                               0x2b50 (size before relaxing)
 .debug_str     0x0001aac1       0x2c LUFA/Drivers/USB/Class/Host/MIDIClassHost.o
                               0x2b49 (size before relaxing)
 .debug_str     0x0001aaed       0x2f LUFA/Drivers/USB/Class/Host/PrinterClassHost.o
                               0x2b4c (size before relaxing)
 .debug_str     0x0001ab1c       0x2d LUFA/Drivers/USB/Class/Host/RNDISClassHost.o
                               0x2b4a (size before relaxing)
 .debug_str     0x0001ab49       0x32 LUFA/Drivers/USB/Class/Host/StillImageClassHost.o
                               0x2b4f (size before relaxing)

.debug_loc      0x00000000     0x8479
 *(.debug_loc)
 .debug_loc     0x00000000      0x9b3 BrewMonitor.o
 .debug_loc     0x000009b3      0x24b Descriptors.o
 .debug_loc     0x00000bfe      0x6b2 onewire.o
 .debug_loc     0x000012b0      0xe40 ds18x20.o
 .debug_loc     0x000020f0      0x12f crc8.o
 .debug_loc     0x0000221f      0x109 twimaster.o
 .debug_loc     0x00002328      0x475 memory.o
 .debug_loc     0x0000279d      0x320 uart.o
 .debug_loc     0x00002abd      0x3f2 LUFA/Drivers/USB/Core/AVR8/Endpoint_AVR8.o
 .debug_loc     0x00002eaf       0x49 LUFA/Drivers/USB/Core/AVR8/USBController_AVR8.o
 .debug_loc     0x00002ef8      0x247 LUFA/Drivers/USB/Core/AVR8/USBInterrupt_AVR8.o
 .debug_loc     0x0000313f     0x1dc8 LUFA/Drivers/USB/Core/AVR8/EndpointStream_AVR8.o
 .debug_loc     0x00004f07      0x5bd LUFA/Drivers/USB/Core/ConfigDescriptors.o
 .debug_loc     0x000054c4      0x2e7 LUFA/Drivers/USB/Core/DeviceStandardReq.o
 .debug_loc     0x000057ab       0x49 LUFA/Drivers/USB/Core/USBTask.o
 .debug_loc     0x000057f4      0xad6 LUFA/Drivers/USB/Class/Common/HIDParser.o
 .debug_loc     0x000062ca      0x37c LUFA/Drivers/USB/Class/Device/AudioClassDevice.o
 .debug_loc     0x00006646      0x847 LUFA/Drivers/USB/Class/Device/CDCClassDevice.o
 .debug_loc     0x00006e8d      0x42b LUFA/Drivers/USB/Class/Device/HIDClassDevice.o
 .debug_loc     0x000072b8      0x29f LUFA/Drivers/USB/Class/Device/MassStorageClassDevice.o
 .debug_loc     0x00007557      0x2a4 LUFA/Drivers/USB/Class/Device/MIDIClassDevice.o
 .debug_loc     0x000077fb      0xc7e LUFA/Drivers/USB/Class/Device/RNDISClassDevice.o

.debug_macinfo
 *(.debug_macinfo)

.debug_weaknames
 *(.debug_weaknames)

.debug_funcnames
 *(.debug_funcnames)

.debug_typenames
 *(.debug_typenames)

.debug_varnames
 *(.debug_varnames)

.debug_pubtypes
 *(.debug_pubtypes)

.debug_ranges   0x00000000      0x8f8
 *(.debug_ranges)
 .debug_ranges  0x00000000       0xe0 BrewMonitor.o
 .debug_ranges  0x000000e0       0x10 Descriptors.o
 .debug_ranges  0x000000f0       0x90 onewire.o
 .debug_ranges  0x00000180       0x78 ds18x20.o
 .debug_ranges  0x000001f8       0x10 crc8.o
 .debug_ranges  0x00000208       0x48 twimaster.o
 .debug_ranges  0x00000250       0x38 memory.o
 .debug_ranges  0x00000288       0x40 uart.o
 .debug_ranges  0x000002c8       0x10 LUFA/Drivers/USB/Core/AVR8/Device_AVR8.o
 .debug_ranges  0x000002d8       0x90 LUFA/Drivers/USB/Core/AVR8/Endpoint_AVR8.o
 .debug_ranges  0x00000368       0x20 LUFA/Drivers/USB/Core/AVR8/USBController_AVR8.o
 .debug_ranges  0x00000388       0x20 LUFA/Drivers/USB/Core/AVR8/USBInterrupt_AVR8.o
 .debug_ranges  0x000003a8      0x250 LUFA/Drivers/USB/Core/AVR8/EndpointStream_AVR8.o
 .debug_ranges  0x000005f8       0x30 LUFA/Drivers/USB/Core/ConfigDescriptors.o
 .debug_ranges  0x00000628       0x40 LUFA/Drivers/USB/Core/DeviceStandardReq.o
 .debug_ranges  0x00000668       0x10 LUFA/Drivers/USB/Core/Events.o
 .debug_ranges  0x00000678       0x10 LUFA/Drivers/USB/Core/USBTask.o
 .debug_ranges  0x00000688       0xd0 LUFA/Drivers/USB/Class/Common/HIDParser.o
 .debug_ranges  0x00000758       0x20 LUFA/Drivers/USB/Class/Device/AudioClassDevice.o
 .debug_ranges  0x00000778       0x88 LUFA/Drivers/USB/Class/Device/CDCClassDevice.o
 .debug_ranges  0x00000800       0x20 LUFA/Drivers/USB/Class/Device/HIDClassDevice.o
 .debug_ranges  0x00000820       0x20 LUFA/Drivers/USB/Class/Device/MassStorageClassDevice.o
 .debug_ranges  0x00000840       0x30 LUFA/Drivers/USB/Class/Device/MIDIClassDevice.o
 .debug_ranges  0x00000870       0x88 LUFA/Drivers/USB/Class/Device/RNDISClassDevice.o

.debug_macro    0x00000000     0xaa1f
 *(.debug_macro)
 .debug_macro   0x00000000      0x49d BrewMonitor.o
 .debug_macro   0x0000049d      0xa48 BrewMonitor.o
 .debug_macro   0x00000ee5       0x10 BrewMonitor.o
 .debug_macro   0x00000ef5      0x1ad BrewMonitor.o
 .debug_macro   0x000010a2      0x293 BrewMonitor.o
 .debug_macro   0x00001335       0x9e BrewMonitor.o
 .debug_macro   0x000013d3     0x20f4 BrewMonitor.o
 .debug_macro   0x000034c7      0x14f BrewMonitor.o
 .debug_macro   0x00003616       0xd9 BrewMonitor.o
 .debug_macro   0x000036ef       0x34 BrewMonitor.o
 .debug_macro   0x00003723       0x18 BrewMonitor.o
 .debug_macro   0x0000373b       0x6c BrewMonitor.o
 .debug_macro   0x000037a7       0x76 BrewMonitor.o
 .debug_macro   0x0000381d       0xab BrewMonitor.o
 .debug_macro   0x000038c8       0x69 BrewMonitor.o
 .debug_macro   0x00003931       0x16 BrewMonitor.o
 .debug_macro   0x00003947       0x97 BrewMonitor.o
 .debug_macro   0x000039de       0x16 BrewMonitor.o
 .debug_macro   0x000039f4       0x10 BrewMonitor.o
 .debug_macro   0x00003a04       0x12 BrewMonitor.o
 .debug_macro   0x00003a16      0x175 BrewMonitor.o
 .debug_macro   0x00003b8b       0x12 BrewMonitor.o
 .debug_macro   0x00003b9d       0x10 BrewMonitor.o
 .debug_macro   0x00003bad       0x22 BrewMonitor.o
 .debug_macro   0x00003bcf       0xef BrewMonitor.o
 .debug_macro   0x00003cbe       0x22 BrewMonitor.o
 .debug_macro   0x00003ce0      0x161 BrewMonitor.o
 .debug_macro   0x00003e41       0x2f BrewMonitor.o
 .debug_macro   0x00003e70       0x1c BrewMonitor.o
 .debug_macro   0x00003e8c       0x68 BrewMonitor.o
 .debug_macro   0x00003ef4       0x28 BrewMonitor.o
 .debug_macro   0x00003f1c       0x87 BrewMonitor.o
 .debug_macro   0x00003fa3       0x35 BrewMonitor.o
 .debug_macro   0x00003fd8      0x10c BrewMonitor.o
 .debug_macro   0x000040e4      0x160 BrewMonitor.o
 .debug_macro   0x00004244      0x167 BrewMonitor.o
 .debug_macro   0x000043ab       0x10 BrewMonitor.o
 .debug_macro   0x000043bb       0x1c BrewMonitor.o
 .debug_macro   0x000043d7       0x86 BrewMonitor.o
 .debug_macro   0x0000445d       0x2e BrewMonitor.o
 .debug_macro   0x0000448b       0x26 BrewMonitor.o
 .debug_macro   0x000044b1       0x4d BrewMonitor.o
 .debug_macro   0x000044fe       0x81 BrewMonitor.o
 .debug_macro   0x0000457f       0x16 BrewMonitor.o
 .debug_macro   0x00004595       0x12 BrewMonitor.o
 .debug_macro   0x000045a7       0x22 BrewMonitor.o
 .debug_macro   0x000045c9       0x64 BrewMonitor.o
 .debug_macro   0x0000462d       0x3a BrewMonitor.o
 .debug_macro   0x00004667       0x10 BrewMonitor.o
 .debug_macro   0x00004677       0x1c BrewMonitor.o
 .debug_macro   0x00004693       0x16 BrewMonitor.o
 .debug_macro   0x000046a9       0x16 BrewMonitor.o
 .debug_macro   0x000046bf      0x12c BrewMonitor.o
 .debug_macro   0x000047eb       0x16 BrewMonitor.o
 .debug_macro   0x00004801       0x46 BrewMonitor.o
 .debug_macro   0x00004847       0x58 BrewMonitor.o
 .debug_macro   0x0000489f       0x10 BrewMonitor.o
 .debug_macro   0x000048af       0x35 BrewMonitor.o
 .debug_macro   0x000048e4       0xeb BrewMonitor.o
 .debug_macro   0x000049cf       0x16 BrewMonitor.o
 .debug_macro   0x000049e5      0x154 BrewMonitor.o
 .debug_macro   0x00004b39       0x2a BrewMonitor.o
 .debug_macro   0x00004b63      0x647 BrewMonitor.o
 .debug_macro   0x000051aa       0x16 BrewMonitor.o
 .debug_macro   0x000051c0      0x12b BrewMonitor.o
 .debug_macro   0x000052eb       0x16 BrewMonitor.o
 .debug_macro   0x00005301       0x10 BrewMonitor.o
 .debug_macro   0x00005311       0x22 BrewMonitor.o
 .debug_macro   0x00005333       0x16 BrewMonitor.o
 .debug_macro   0x00005349       0x16 BrewMonitor.o
 .debug_macro   0x0000535f       0x10 BrewMonitor.o
 .debug_macro   0x0000536f      0x1c5 BrewMonitor.o
 .debug_macro   0x00005534       0x16 BrewMonitor.o
 .debug_macro   0x0000554a       0x10 BrewMonitor.o
 .debug_macro   0x0000555a       0x10 BrewMonitor.o
 .debug_macro   0x0000556a       0x9a BrewMonitor.o
 .debug_macro   0x00005604       0x52 BrewMonitor.o
 .debug_macro   0x00005656       0x1c BrewMonitor.o
 .debug_macro   0x00005672       0x5a BrewMonitor.o
 .debug_macro   0x000056cc      0x118 BrewMonitor.o
 .debug_macro   0x000057e4       0xe8 BrewMonitor.o
 .debug_macro   0x000058cc       0x22 BrewMonitor.o
 .debug_macro   0x000058ee       0x4e BrewMonitor.o
 .debug_macro   0x0000593c      0x422 Descriptors.o
 .debug_macro   0x00005d5e       0x89 Descriptors.o
 .debug_macro   0x00005de7       0xaa Descriptors.o
 .debug_macro   0x00005e91      0x181 Descriptors.o
 .debug_macro   0x00006012       0x20 Descriptors.o
 .debug_macro   0x00006032       0xe2 onewire.o
 .debug_macro   0x00006114      0x16d onewire.o
 .debug_macro   0x00006281       0x2e onewire.o
 .debug_macro   0x000062af       0xe7 ds18x20.o
 .debug_macro   0x00006396      0x10e ds18x20.o
 .debug_macro   0x000064a4       0x66 ds18x20.o
 .debug_macro   0x0000650a      0x299 ds18x20.o
 .debug_macro   0x000067a3      0x11e ds18x20.o
 .debug_macro   0x000068c1       0x30 crc8.o
 .debug_macro   0x000068f1       0xaa twimaster.o
 .debug_macro   0x0000699b       0xd7 twimaster.o
 .debug_macro   0x00006a72       0x1d twimaster.o
 .debug_macro   0x00006a8f       0x9f memory.o
 .debug_macro   0x00006b2e       0x1c memory.o
 .debug_macro   0x00006b4a       0x17 memory.o
 .debug_macro   0x00006b61      0x125 uart.o
 .debug_macro   0x00006c86      0x297 LUFA/Drivers/USB/Core/AVR8/Device_AVR8.o
 .debug_macro   0x00006f1d       0x36 LUFA/Drivers/USB/Core/AVR8/Device_AVR8.o
 .debug_macro   0x00006f53       0x47 LUFA/Drivers/USB/Core/AVR8/Device_AVR8.o
 .debug_macro   0x00006f9a      0x29f LUFA/Drivers/USB/Core/AVR8/Endpoint_AVR8.o
 .debug_macro   0x00007239       0x10 LUFA/Drivers/USB/Core/AVR8/Endpoint_AVR8.o
 .debug_macro   0x00007249      0x172 LUFA/Drivers/USB/Core/AVR8/Host_AVR8.o
 .debug_macro   0x000073bb      0x172 LUFA/Drivers/USB/Core/AVR8/Pipe_AVR8.o
 .debug_macro   0x0000752d      0x277 LUFA/Drivers/USB/Core/AVR8/USBController_AVR8.o
 .debug_macro   0x000077a4       0x87 LUFA/Drivers/USB/Core/AVR8/USBController_AVR8.o
 .debug_macro   0x0000782b      0x27f LUFA/Drivers/USB/Core/AVR8/USBInterrupt_AVR8.o
 .debug_macro   0x00007aaa      0x608 LUFA/Drivers/USB/Core/AVR8/EndpointStream_AVR8.o
 .debug_macro   0x000080b2       0x28 LUFA/Drivers/USB/Core/AVR8/EndpointStream_AVR8.o
 .debug_macro   0x000080da       0x1c LUFA/Drivers/USB/Core/AVR8/EndpointStream_AVR8.o
 .debug_macro   0x000080f6       0x1c LUFA/Drivers/USB/Core/AVR8/EndpointStream_AVR8.o
 .debug_macro   0x00008112      0x172 LUFA/Drivers/USB/Core/AVR8/PipeStream_AVR8.o
 .debug_macro   0x00008284      0x28e LUFA/Drivers/USB/Core/ConfigDescriptors.o
 .debug_macro   0x00008512      0x277 LUFA/Drivers/USB/Core/DeviceStandardReq.o
 .debug_macro   0x00008789       0x18 LUFA/Drivers/USB/Core/DeviceStandardReq.o
 .debug_macro   0x000087a1      0x182 LUFA/Drivers/USB/Core/Events.o
 .debug_macro   0x00008923       0x20 LUFA/Drivers/USB/Core/HostStandardReq.o
 .debug_macro   0x00008943      0x283 LUFA/Drivers/USB/Core/USBTask.o
 .debug_macro   0x00008bc6      0x1c0 LUFA/Drivers/USB/Class/Common/HIDParser.o
 .debug_macro   0x00008d86      0x422 LUFA/Drivers/USB/Class/Device/AudioClassDevice.o
 .debug_macro   0x000091a8       0x40 LUFA/Drivers/USB/Class/Device/AudioClassDevice.o
 .debug_macro   0x000091e8      0x132 LUFA/Drivers/USB/Class/Device/AudioClassDevice.o
 .debug_macro   0x0000931a      0x422 LUFA/Drivers/USB/Class/Device/CDCClassDevice.o
 .debug_macro   0x0000973c      0x426 LUFA/Drivers/USB/Class/Device/HIDClassDevice.o
 .debug_macro   0x00009b62      0x42c LUFA/Drivers/USB/Class/Device/MassStorageClassDevice.o
 .debug_macro   0x00009f8e      0x125 LUFA/Drivers/USB/Class/Device/MassStorageClassDevice.o
 .debug_macro   0x0000a0b3      0x426 LUFA/Drivers/USB/Class/Device/MIDIClassDevice.o
 .debug_macro   0x0000a4d9      0x426 LUFA/Drivers/USB/Class/Device/RNDISClassDevice.o
 .debug_macro   0x0000a8ff       0x20 LUFA/Drivers/USB/Class/Host/AndroidAccessoryClassHost.o
 .debug_macro   0x0000a91f       0x20 LUFA/Drivers/USB/Class/Host/AudioClassHost.o
 .debug_macro   0x0000a93f       0x20 LUFA/Drivers/USB/Class/Host/CDCClassHost.o
 .debug_macro   0x0000a95f       0x20 LUFA/Drivers/USB/Class/Host/HIDClassHost.o
 .debug_macro   0x0000a97f       0x20 LUFA/Drivers/USB/Class/Host/MassStorageClassHost.o
 .debug_macro   0x0000a99f       0x20 LUFA/Drivers/USB/Class/Host/MIDIClassHost.o
 .debug_macro   0x0000a9bf       0x20 LUFA/Drivers/USB/Class/Host/PrinterClassHost.o
 .debug_macro   0x0000a9df       0x20 LUFA/Drivers/USB/Class/Host/RNDISClassHost.o
 .debug_macro   0x0000a9ff       0x20 LUFA/Drivers/USB/Class/Host/StillImageClassHost.o
OUTPUT(BrewMonitor.elf elf32-avr)
LOAD linker stubs

Cross Reference Table

Symbol                                            File
Audio_Device_ConfigureEndpoints                   LUFA/Drivers/USB/Class/Device/AudioClassDevice.o
Audio_Device_Event_Stub                           LUFA/Drivers/USB/Class/Device/AudioClassDevice.o
Audio_Device_ProcessControlRequest                LUFA/Drivers/USB/Class/Device/AudioClassDevice.o
CALLBACK_Audio_Device_GetSetEndpointProperty      LUFA/Drivers/USB/Class/Device/AudioClassDevice.o
CALLBACK_Audio_Device_GetSetInterfaceProperty     LUFA/Drivers/USB/Class/Device/AudioClassDevice.o
CALLBACK_HIDParser_FilterHIDReportItem            LUFA/Drivers/USB/Class/Common/HIDParser.o
CALLBACK_HID_Device_CreateHIDReport               BrewMonitor.o
                                                  LUFA/Drivers/USB/Class/Device/HIDClassDevice.o
CALLBACK_HID_Device_ProcessHIDReport              BrewMonitor.o
                                                  LUFA/Drivers/USB/Class/Device/HIDClassDevice.o
CALLBACK_MS_Device_SCSICommandReceived            LUFA/Drivers/USB/Class/Device/MassStorageClassDevice.o
CALLBACK_USB_GetDescriptor                        Descriptors.o
                                                  LUFA/Drivers/USB/Core/DeviceStandardReq.o
CDC_Device_BytesReceived                          LUFA/Drivers/USB/Class/Device/CDCClassDevice.o
CDC_Device_ConfigureEndpoints                     LUFA/Drivers/USB/Class/Device/CDCClassDevice.o
CDC_Device_CreateBlockingStream                   LUFA/Drivers/USB/Class/Device/CDCClassDevice.o
CDC_Device_CreateStream                           LUFA/Drivers/USB/Class/Device/CDCClassDevice.o
CDC_Device_Event_Stub                             LUFA/Drivers/USB/Class/Device/CDCClassDevice.o
CDC_Device_Flush                                  LUFA/Drivers/USB/Class/Device/CDCClassDevice.o
CDC_Device_ProcessControlRequest                  LUFA/Drivers/USB/Class/Device/CDCClassDevice.o
CDC_Device_ReceiveByte                            LUFA/Drivers/USB/Class/Device/CDCClassDevice.o
CDC_Device_SendByte                               LUFA/Drivers/USB/Class/Device/CDCClassDevice.o
CDC_Device_SendControlLineStateChange             LUFA/Drivers/USB/Class/Device/CDCClassDevice.o
CDC_Device_SendData                               LUFA/Drivers/USB/Class/Device/CDCClassDevice.o
CDC_Device_SendString                             LUFA/Drivers/USB/Class/Device/CDCClassDevice.o
CDC_Device_USBTask                                LUFA/Drivers/USB/Class/Device/CDCClassDevice.o
ClearExternalMemory                               BrewMonitor.o
CompactMemory                                     BrewMonitor.o
ConfigurationDescriptor                           Descriptors.o
DS18X20_conversion_in_progress                    ds18x20.o
DS18X20_find_sensor                               ds18x20.o
                                                  BrewMonitor.o
DS18X20_format_from_decicelsius                   ds18x20.o
DS18X20_format_from_maxres                        ds18x20.o
DS18X20_get_power_status                          ds18x20.o
DS18X20_read_decicelsius                          ds18x20.o
DS18X20_read_decicelsius_single                   ds18x20.o
DS18X20_read_maxres                               ds18x20.o
DS18X20_read_maxres_single                        ds18x20.o
DS18X20_read_raw_single                           ds18x20.o
                                                  BrewMonitor.o
DS18X20_start_meas                                ds18x20.o
                                                  BrewMonitor.o
DeviceDescriptor                                  Descriptors.o
EVENT_Audio_Device_StreamStartStop                LUFA/Drivers/USB/Class/Device/AudioClassDevice.o
EVENT_CDC_Device_BreakSent                        LUFA/Drivers/USB/Class/Device/CDCClassDevice.o
EVENT_CDC_Device_ControLineStateChanged           LUFA/Drivers/USB/Class/Device/CDCClassDevice.o
EVENT_CDC_Device_LineEncodingChanged              LUFA/Drivers/USB/Class/Device/CDCClassDevice.o
EVENT_USB_Device_ConfigurationChanged             BrewMonitor.o
                                                  LUFA/Drivers/USB/Core/DeviceStandardReq.o
EVENT_USB_Device_Connect                          BrewMonitor.o
                                                  LUFA/Drivers/USB/Core/AVR8/USBInterrupt_AVR8.o
EVENT_USB_Device_ControlRequest                   BrewMonitor.o
                                                  LUFA/Drivers/USB/Core/DeviceStandardReq.o
EVENT_USB_Device_Disconnect                       BrewMonitor.o
                                                  LUFA/Drivers/USB/Core/AVR8/USBInterrupt_AVR8.o
EVENT_USB_Device_Reset                            LUFA/Drivers/USB/Core/Events.o
                                                  LUFA/Drivers/USB/Core/AVR8/USBInterrupt_AVR8.o
EVENT_USB_Device_StartOfFrame                     BrewMonitor.o
                                                  LUFA/Drivers/USB/Core/AVR8/USBInterrupt_AVR8.o
EVENT_USB_Device_Suspend                          LUFA/Drivers/USB/Core/Events.o
                                                  LUFA/Drivers/USB/Core/AVR8/USBInterrupt_AVR8.o
EVENT_USB_Device_WakeUp                           LUFA/Drivers/USB/Core/Events.o
                                                  LUFA/Drivers/USB/Core/AVR8/USBInterrupt_AVR8.o
Endpoint_ClearEndpoints                           LUFA/Drivers/USB/Core/AVR8/Endpoint_AVR8.o
Endpoint_ClearStatusStage                         LUFA/Drivers/USB/Core/AVR8/Endpoint_AVR8.o
                                                  LUFA/Drivers/USB/Class/Device/MassStorageClassDevice.o
                                                  LUFA/Drivers/USB/Class/Device/HIDClassDevice.o
                                                  LUFA/Drivers/USB/Class/Device/CDCClassDevice.o
                                                  LUFA/Drivers/USB/Class/Device/AudioClassDevice.o
                                                  LUFA/Drivers/USB/Core/DeviceStandardReq.o
Endpoint_ConfigureEndpointTable                   LUFA/Drivers/USB/Core/AVR8/Endpoint_AVR8.o
                                                  LUFA/Drivers/USB/Class/Device/RNDISClassDevice.o
                                                  LUFA/Drivers/USB/Class/Device/MIDIClassDevice.o
                                                  LUFA/Drivers/USB/Class/Device/MassStorageClassDevice.o
                                                  LUFA/Drivers/USB/Class/Device/HIDClassDevice.o
                                                  LUFA/Drivers/USB/Class/Device/CDCClassDevice.o
                                                  LUFA/Drivers/USB/Class/Device/AudioClassDevice.o
Endpoint_ConfigureEndpoint_Prv                    LUFA/Drivers/USB/Core/AVR8/Endpoint_AVR8.o
                                                  LUFA/Drivers/USB/Core/AVR8/USBInterrupt_AVR8.o
                                                  LUFA/Drivers/USB/Core/AVR8/USBController_AVR8.o
Endpoint_Discard_Stream                           LUFA/Drivers/USB/Core/AVR8/EndpointStream_AVR8.o
Endpoint_Null_Stream                              LUFA/Drivers/USB/Core/AVR8/EndpointStream_AVR8.o
Endpoint_Read_Control_EStream_BE                  LUFA/Drivers/USB/Core/AVR8/EndpointStream_AVR8.o
Endpoint_Read_Control_EStream_LE                  LUFA/Drivers/USB/Core/AVR8/EndpointStream_AVR8.o
Endpoint_Read_Control_Stream_BE                   LUFA/Drivers/USB/Core/AVR8/EndpointStream_AVR8.o
Endpoint_Read_Control_Stream_LE                   LUFA/Drivers/USB/Core/AVR8/EndpointStream_AVR8.o
                                                  LUFA/Drivers/USB/Class/Device/RNDISClassDevice.o
                                                  LUFA/Drivers/USB/Class/Device/HIDClassDevice.o
                                                  LUFA/Drivers/USB/Class/Device/AudioClassDevice.o
Endpoint_Read_EStream_BE                          LUFA/Drivers/USB/Core/AVR8/EndpointStream_AVR8.o
Endpoint_Read_EStream_LE                          LUFA/Drivers/USB/Core/AVR8/EndpointStream_AVR8.o
Endpoint_Read_Stream_BE                           LUFA/Drivers/USB/Core/AVR8/EndpointStream_AVR8.o
Endpoint_Read_Stream_LE                           LUFA/Drivers/USB/Core/AVR8/EndpointStream_AVR8.o
                                                  LUFA/Drivers/USB/Class/Device/RNDISClassDevice.o
                                                  LUFA/Drivers/USB/Class/Device/MIDIClassDevice.o
                                                  LUFA/Drivers/USB/Class/Device/MassStorageClassDevice.o
Endpoint_WaitUntilReady                           LUFA/Drivers/USB/Core/AVR8/Endpoint_AVR8.o
                                                  LUFA/Drivers/USB/Class/Device/RNDISClassDevice.o
                                                  LUFA/Drivers/USB/Class/Device/MIDIClassDevice.o
                                                  LUFA/Drivers/USB/Class/Device/CDCClassDevice.o
                                                  LUFA/Drivers/USB/Core/AVR8/EndpointStream_AVR8.o
Endpoint_Write_Control_EStream_BE                 LUFA/Drivers/USB/Core/AVR8/EndpointStream_AVR8.o
Endpoint_Write_Control_EStream_LE                 LUFA/Drivers/USB/Core/AVR8/EndpointStream_AVR8.o
Endpoint_Write_Control_PStream_BE                 LUFA/Drivers/USB/Core/AVR8/EndpointStream_AVR8.o
Endpoint_Write_Control_PStream_LE                 LUFA/Drivers/USB/Core/AVR8/EndpointStream_AVR8.o
                                                  LUFA/Drivers/USB/Core/DeviceStandardReq.o
Endpoint_Write_Control_Stream_BE                  LUFA/Drivers/USB/Core/AVR8/EndpointStream_AVR8.o
Endpoint_Write_Control_Stream_LE                  LUFA/Drivers/USB/Core/AVR8/EndpointStream_AVR8.o
                                                  LUFA/Drivers/USB/Class/Device/RNDISClassDevice.o
                                                  LUFA/Drivers/USB/Class/Device/HIDClassDevice.o
                                                  LUFA/Drivers/USB/Class/Device/AudioClassDevice.o
                                                  LUFA/Drivers/USB/Core/DeviceStandardReq.o
Endpoint_Write_EStream_BE                         LUFA/Drivers/USB/Core/AVR8/EndpointStream_AVR8.o
Endpoint_Write_EStream_LE                         LUFA/Drivers/USB/Core/AVR8/EndpointStream_AVR8.o
Endpoint_Write_PStream_BE                         LUFA/Drivers/USB/Core/AVR8/EndpointStream_AVR8.o
Endpoint_Write_PStream_LE                         LUFA/Drivers/USB/Core/AVR8/EndpointStream_AVR8.o
Endpoint_Write_Stream_BE                          LUFA/Drivers/USB/Core/AVR8/EndpointStream_AVR8.o
Endpoint_Write_Stream_LE                          LUFA/Drivers/USB/Core/AVR8/EndpointStream_AVR8.o
                                                  LUFA/Drivers/USB/Class/Device/RNDISClassDevice.o
                                                  LUFA/Drivers/USB/Class/Device/MIDIClassDevice.o
                                                  LUFA/Drivers/USB/Class/Device/MassStorageClassDevice.o