Archive member included because of file (symbol)

c:/program files (x86)/atmel/atmel toolchain/avr8 gcc/native/3.4.1056/avr8-gnu-toolchain/bin/../lib/gcc/avr/4.8.1/avr5\libgcc.a(_divmodhi4.o)
                              ds18x20.o (__divmodhi4)
c:/program files (x86)/atmel/atmel toolchain/avr8 gcc/native/3.4.1056/avr8-gnu-toolchain/bin/../lib/gcc/avr/4.8.1/avr5\libgcc.a(_divmodsi4.o)
                              ds18x20.o (__divmodsi4)
c:/program files (x86)/atmel/atmel toolchain/avr8 gcc/native/3.4.1056/avr8-gnu-toolchain/bin/../lib/gcc/avr/4.8.1/avr5\libgcc.a(_negsi2.o)
                              c:/program files (x86)/atmel/atmel toolchain/avr8 gcc/native/3.4.1056/avr8-gnu-toolchain/bin/../lib/gcc/avr/4.8.1/avr5\libgcc.a(_divmodsi4.o) (__negsi2)
c:/program files (x86)/atmel/atmel toolchain/avr8 gcc/native/3.4.1056/avr8-gnu-toolchain/bin/../lib/gcc/avr/4.8.1/avr5\libgcc.a(_exit.o)
                              c:/program files (x86)/atmel/atmel toolchain/avr8 gcc/native/3.4.1056/avr8-gnu-toolchain/bin/../lib/gcc/avr/4.8.1/../../../../avr/lib/avr5/crtm32u4.o (exit)
c:/program files (x86)/atmel/atmel toolchain/avr8 gcc/native/3.4.1056/avr8-gnu-toolchain/bin/../lib/gcc/avr/4.8.1/avr5\libgcc.a(_tablejump.o)
                              BrewMonitor.o (__tablejump2__)
c:/program files (x86)/atmel/atmel toolchain/avr8 gcc/native/3.4.1056/avr8-gnu-toolchain/bin/../lib/gcc/avr/4.8.1/avr5\libgcc.a(_copy_data.o)
                              BrewMonitor.o (__do_copy_data)
c:/program files (x86)/atmel/atmel toolchain/avr8 gcc/native/3.4.1056/avr8-gnu-toolchain/bin/../lib/gcc/avr/4.8.1/avr5\libgcc.a(_clear_bss.o)
                              BrewMonitor.o (__do_clear_bss)
c:/program files (x86)/atmel/atmel toolchain/avr8 gcc/native/3.4.1056/avr8-gnu-toolchain/bin/../lib/gcc/avr/4.8.1/avr5\libgcc.a(_umulhisi3.o)
                              ds18x20.o (__umulhisi3)
c:/program files (x86)/atmel/atmel toolchain/avr8 gcc/native/3.4.1056/avr8-gnu-toolchain/bin/../lib/gcc/avr/4.8.1/avr5\libgcc.a(_udivmodhi4.o)
                              c:/program files (x86)/atmel/atmel toolchain/avr8 gcc/native/3.4.1056/avr8-gnu-toolchain/bin/../lib/gcc/avr/4.8.1/avr5\libgcc.a(_divmodhi4.o) (__udivmodhi4)
c:/program files (x86)/atmel/atmel toolchain/avr8 gcc/native/3.4.1056/avr8-gnu-toolchain/bin/../lib/gcc/avr/4.8.1/avr5\libgcc.a(_udivmodsi4.o)
                              c:/program files (x86)/atmel/atmel toolchain/avr8 gcc/native/3.4.1056/avr8-gnu-toolchain/bin/../lib/gcc/avr/4.8.1/avr5\libgcc.a(_divmodsi4.o) (__udivmodsi4)
c:/program files (x86)/atmel/atmel toolchain/avr8 gcc/native/3.4.1056/avr8-gnu-toolchain/bin/../lib/gcc/avr/4.8.1/../../../../avr/lib/avr5\libm.a(addsf3.o)
                              BrewMonitor.o (__subsf3)
c:/program files (x86)/atmel/atmel toolchain/avr8 gcc/native/3.4.1056/avr8-gnu-toolchain/bin/../lib/gcc/avr/4.8.1/../../../../avr/lib/avr5\libm.a(addsf3x.o)
                              c:/program files (x86)/atmel/atmel toolchain/avr8 gcc/native/3.4.1056/avr8-gnu-toolchain/bin/../lib/gcc/avr/4.8.1/../../../../avr/lib/avr5\libm.a(addsf3.o) (__addsf3x)
c:/program files (x86)/atmel/atmel toolchain/avr8 gcc/native/3.4.1056/avr8-gnu-toolchain/bin/../lib/gcc/avr/4.8.1/../../../../avr/lib/avr5\libm.a(cmpsf2.o)
                              BrewMonitor.o (__ltsf2)
c:/program files (x86)/atmel/atmel toolchain/avr8 gcc/native/3.4.1056/avr8-gnu-toolchain/bin/../lib/gcc/avr/4.8.1/../../../../avr/lib/avr5\libm.a(floatsisf.o)
                              BrewMonitor.o (__floatunsisf)
c:/program files (x86)/atmel/atmel toolchain/avr8 gcc/native/3.4.1056/avr8-gnu-toolchain/bin/../lib/gcc/avr/4.8.1/../../../../avr/lib/avr5\libm.a(fp_cmp.o)
                              c:/program files (x86)/atmel/atmel toolchain/avr8 gcc/native/3.4.1056/avr8-gnu-toolchain/bin/../lib/gcc/avr/4.8.1/../../../../avr/lib/avr5\libm.a(cmpsf2.o) (__fp_cmp)
c:/program files (x86)/atmel/atmel toolchain/avr8 gcc/native/3.4.1056/avr8-gnu-toolchain/bin/../lib/gcc/avr/4.8.1/../../../../avr/lib/avr5\libm.a(fp_inf.o)
                              c:/program files (x86)/atmel/atmel toolchain/avr8 gcc/native/3.4.1056/avr8-gnu-toolchain/bin/../lib/gcc/avr/4.8.1/../../../../avr/lib/avr5\libm.a(addsf3x.o) (__fp_inf)
c:/program files (x86)/atmel/atmel toolchain/avr8 gcc/native/3.4.1056/avr8-gnu-toolchain/bin/../lib/gcc/avr/4.8.1/../../../../avr/lib/avr5\libm.a(fp_nan.o)
                              c:/program files (x86)/atmel/atmel toolchain/avr8 gcc/native/3.4.1056/avr8-gnu-toolchain/bin/../lib/gcc/avr/4.8.1/../../../../avr/lib/avr5\libm.a(addsf3x.o) (__fp_nan)
c:/program files (x86)/atmel/atmel toolchain/avr8 gcc/native/3.4.1056/avr8-gnu-toolchain/bin/../lib/gcc/avr/4.8.1/../../../../avr/lib/avr5\libm.a(fp_pscA.o)
                              c:/program files (x86)/atmel/atmel toolchain/avr8 gcc/native/3.4.1056/avr8-gnu-toolchain/bin/../lib/gcc/avr/4.8.1/../../../../avr/lib/avr5\libm.a(addsf3x.o) (__fp_pscA)
[...]
Memory Configuration

Name             Origin             Length             Attributes
text             0x00000000         0x00020000         xr
data             0x00800060         0x0000ffa0         rw !x
eeprom           0x00810000         0x00010000         rw !x
fuse             0x00820000         0x00000400         rw !x
lock             0x00830000         0x00000400         rw !x
signature        0x00840000         0x00000400         rw !x
user_signatures  0x00850000         0x00000400         rw !x
*default*        0x00000000         0xffffffff

Linker script and memory map

Address of section .data set to 0x800100
LOAD c:/program files (x86)/atmel/atmel toolchain/avr8 gcc/native/3.4.1056/avr8-gnu-toolchain/bin/../lib/gcc/avr/4.8.1/../../../../avr/lib/avr5/crtm32u4.o
LOAD c:/program files (x86)/atmel/atmel toolchain/avr8 gcc/native/3.4.1056/avr8-gnu-toolchain/bin/../lib/gcc/avr/4.8.1/../../../../avr/lib/avr5\libm.a
LOAD BrewMonitor.o
LOAD Descriptors.o
LOAD onewire.o
LOAD ds18x20.o
LOAD crc8.o
LOAD twimaster.o
LOAD memory.o
LOAD powerswitch.o
LOAD LUFA/Drivers/USB/Core/AVR8/Device_AVR8.o
LOAD LUFA/Drivers/USB/Core/AVR8/Endpoint_AVR8.o
LOAD LUFA/Drivers/USB/Core/AVR8/Host_AVR8.o
LOAD LUFA/Drivers/USB/Core/AVR8/Pipe_AVR8.o
LOAD LUFA/Drivers/USB/Core/AVR8/USBController_AVR8.o
LOAD LUFA/Drivers/USB/Core/AVR8/USBInterrupt_AVR8.o
LOAD LUFA/Drivers/USB/Core/AVR8/EndpointStream_AVR8.o
LOAD LUFA/Drivers/USB/Core/AVR8/PipeStream_AVR8.o
LOAD LUFA/Drivers/USB/Core/ConfigDescriptors.o
LOAD LUFA/Drivers/USB/Core/DeviceStandardReq.o
LOAD LUFA/Drivers/USB/Core/Events.o
LOAD LUFA/Drivers/USB/Core/HostStandardReq.o
LOAD LUFA/Drivers/USB/Core/USBTask.o
LOAD LUFA/Drivers/USB/Class/Common/HIDParser.o
LOAD LUFA/Drivers/USB/Class/Device/AudioClassDevice.o
LOAD LUFA/Drivers/USB/Class/Device/CDCClassDevice.o
LOAD LUFA/Drivers/USB/Class/Device/HIDClassDevice.o
LOAD LUFA/Drivers/USB/Class/Device/MassStorageClassDevice.o
LOAD LUFA/Drivers/USB/Class/Device/MIDIClassDevice.o
LOAD LUFA/Drivers/USB/Class/Device/RNDISClassDevice.o
LOAD LUFA/Drivers/USB/Class/Host/AndroidAccessoryClassHost.o
LOAD LUFA/Drivers/USB/Class/Host/AudioClassHost.o
LOAD LUFA/Drivers/USB/Class/Host/CDCClassHost.o
LOAD LUFA/Drivers/USB/Class/Host/HIDClassHost.o
LOAD LUFA/Drivers/USB/Class/Host/MassStorageClassHost.o
LOAD LUFA/Drivers/USB/Class/Host/MIDIClassHost.o
LOAD LUFA/Drivers/USB/Class/Host/PrinterClassHost.o
LOAD LUFA/Drivers/USB/Class/Host/RNDISClassHost.o
LOAD LUFA/Drivers/USB/Class/Host/StillImageClassHost.o
START GROUP
LOAD c:/program files (x86)/atmel/atmel toolchain/avr8 gcc/native/3.4.1056/avr8-gnu-toolchain/bin/../lib/gcc/avr/4.8.1/avr5\libgcc.a
LOAD c:/program files (x86)/atmel/atmel toolchain/avr8 gcc/native/3.4.1056/avr8-gnu-toolchain/bin/../lib/gcc/avr/4.8.1/../../../../avr/lib/avr5\libm.a
LOAD c:/program files (x86)/atmel/atmel toolchain/avr8 gcc/native/3.4.1056/avr8-gnu-toolchain/bin/../lib/gcc/avr/4.8.1/../../../../avr/lib/avr5\libc.a
END GROUP

.hash
 *(.hash)

.dynsym
 *(.dynsym)

.dynstr
 *(.dynstr)

.gnu.version
 *(.gnu.version)

.gnu.version_d
 *(.gnu.version_d)

.gnu.version_r
 *(.gnu.version_r)

.rel.init
 *(.rel.init)

.rela.init
 *(.rela.init)

.rel.text
 *(.rel.text)
 *(.rel.text.*)
 *(.rel.gnu.linkonce.t*)

.rela.text
 *(.rela.text)
 *(.rela.text.*)
 *(.rela.gnu.linkonce.t*)

.rel.fini
 *(.rel.fini)

.rela.fini
 *(.rela.fini)

.rel.rodata
 *(.rel.rodata)
 *(.rel.rodata.*)
 *(.rel.gnu.linkonce.r*)

.rela.rodata
 *(.rela.rodata)
 *(.rela.rodata.*)
 *(.rela.gnu.linkonce.r*)

.rel.data
 *(.rel.data)
 *(.rel.data.*)
 *(.rel.gnu.linkonce.d*)

.rela.data
 *(.rela.data)
 *(.rela.data.*)
 *(.rela.gnu.linkonce.d*)

.rel.ctors
 *(.rel.ctors)

.rela.ctors
 *(.rela.ctors)

.rel.dtors
 *(.rel.dtors)

.rela.dtors
 *(.rela.dtors)

.rel.got
 *(.rel.got)

.rela.got
 *(.rela.got)

.rel.bss
 *(.rel.bss)

.rela.bss
 *(.rela.bss)

.rel.plt
 *(.rel.plt)

.rela.plt
 *(.rela.plt)

.text           0x00000000     0x2852
 *(.vectors)
 .vectors       0x00000000       0xac c:/program files (x86)/atmel/atmel toolchain/avr8 gcc/native/3.4.1056/avr8-gnu-toolchain/bin/../lib/gcc/avr/4.8.1/../../../../avr/lib/avr5/crtm32u4.o
                0x00000000                __vector_default
                0x00000000                __vectors
 *(.vectors)
 *(.progmem.gcc*)
 .progmem.gcc_sw_table.CALLBACK_HID_Device_ProcessHIDReport
                0x000000ac       0x12 BrewMonitor.o
 .progmem.gcc_sw_table.USB_Device_ProcessControlRequest
                0x000000be       0x14 LUFA/Drivers/USB/Core/DeviceStandardReq.o
 .progmem.gcc_fplib
                0x000000d2       0x28 c:/program files (x86)/atmel/atmel toolchain/avr8 gcc/native/3.4.1056/avr8-gnu-toolchain/bin/../lib/gcc/avr/4.8.1/../../../../avr/lib/avr5\libm.a(exp.o)
 .progmem.gcc_fplib
                0x000000fa       0x5a c:/program files (x86)/atmel/atmel toolchain/avr8 gcc/native/3.4.1056/avr8-gnu-toolchain/bin/../lib/gcc/avr/4.8.1/../../../../avr/lib/avr5\libm.a(log.o)
                0x00000154                . = ALIGN (0x2)
                0x00000154                __trampolines_start = .
 *(.trampolines)
 .trampolines   0x00000154        0x0 linker stubs
 *(.trampolines*)
                0x00000154                __trampolines_end = .
 *(.progmem*)
 .progmem.data  0x00000154       0x9e Descriptors.o
                0x00000154                ProductString
                0x00000176                ManufacturerString
                0x0000019a                LanguageString
                0x0000019e                ConfigurationDescriptor
                0x000001c0                DeviceDescriptor
                0x000001d2                GenericReport
                0x000001f2                . = ALIGN (0x2)
 *(.jumptables)
 *(.jumptables*)
 *(.lowtext)
 *(.lowtext*)
                0x000001f2                __ctors_start = .
 *(.ctors)
                0x000001f2                __ctors_end = .
                0x000001f2                __dtors_start = .
 *(.dtors)
                0x000001f2                __dtors_end = .
 SORT(*)(.ctors)
 SORT(*)(.dtors)
 *(.init0)
 .init0         0x000001f2        0x0 c:/program files (x86)/atmel/atmel toolchain/avr8 gcc/native/3.4.1056/avr8-gnu-toolchain/bin/../lib/gcc/avr/4.8.1/../../../../avr/lib/avr5/crtm32u4.o
                0x000001f2                __init
 *(.init0)
 *(.init1)
 *(.init1)
 *(.init2)
 .init2         0x000001f2        0xc c:/program files (x86)/atmel/atmel toolchain/avr8 gcc/native/3.4.1056/avr8-gnu-toolchain/bin/../lib/gcc/avr/4.8.1/../../../../avr/lib/avr5/crtm32u4.o
 *(.init2)
 *(.init3)
 *(.init3)
 *(.init4)
 .init4         0x000001fe       0x16 c:/program files (x86)/atmel/atmel toolchain/avr8 gcc/native/3.4.1056/avr8-gnu-toolchain/bin/../lib/gcc/avr/4.8.1/avr5\libgcc.a(_copy_data.o)
                0x000001fe                __do_copy_data
 .init4         0x00000214       0x10 c:/program files (x86)/atmel/atmel toolchain/avr8 gcc/native/3.4.1056/avr8-gnu-toolchain/bin/../lib/gcc/avr/4.8.1/avr5\libgcc.a(_clear_bss.o)
                0x00000214                __do_clear_bss
 *(.init4)
 *(.init5)
 *(.init5)
 *(.init6)
 *(.init6)
 *(.init7)
 *(.init7)
 *(.init8)
 *(.init8)
 *(.init9)
 .init9         0x00000224        0x6 c:/program files (x86)/atmel/atmel toolchain/avr8 gcc/native/3.4.1056/avr8-gnu-toolchain/bin/../lib/gcc/avr/4.8.1/../../../../avr/lib/avr5/crtm32u4.o
 *(.init9)
 *(.text)
 .text          0x0000022a        0x2 c:/program files (x86)/atmel/atmel toolchain/avr8 gcc/native/3.4.1056/avr8-gnu-toolchain/bin/../lib/gcc/avr/4.8.1/../../../../avr/lib/avr5/crtm32u4.o
                0x0000022a                __vector_38
                0x0000022a                __vector_28
                0x0000022a                __vector_1
                0x0000022a                __vector_32
                0x0000022a                __vector_34
                0x0000022a                __vector_24
                0x0000022a                __vector_12
                0x0000022a                __bad_interrupt
                0x0000022a                __vector_6
                0x0000022a                __vector_31
                0x0000022a                __vector_35
                0x0000022a                __vector_39
                0x0000022a                __vector_3
                0x0000022a                __vector_23
                0x0000022a                __vector_30
                0x0000022a                __vector_25
                0x0000022a                __vector_11
                0x0000022a                __vector_13
                0x0000022a                __vector_7
                0x0000022a                __vector_41
                0x0000022a                __vector_27
                0x0000022a                __vector_5
                0x0000022a                __vector_33
                0x0000022a                __vector_37
                0x0000022a                __vector_4
                0x0000022a                __vector_2
                0x0000022a                __vector_15
                0x0000022a                __vector_36
                0x0000022a                __vector_29
                0x0000022a                __vector_40
                0x0000022a                __vector_8
                0x0000022a                __vector_26
                0x0000022a                __vector_14
                0x0000022a                __vector_16
                0x0000022a                __vector_20
                0x0000022a                __vector_42
                0x0000022c                . = ALIGN (0x2)
 *(.text.*)
 .text.WaitForButtonRelease
                0x0000022c       0x2c BrewMonitor.o
                0x0000022c                WaitForButtonRelease
 .text.SetupHardware
                0x00000258       0xa6 BrewMonitor.o
                0x00000258                SetupHardware
 .text.SetupTimerInterrupts
                0x000002fe       0x54 BrewMonitor.o
                0x000002fe                SetupTimerInterrupts
 .text.__vector_9
                0x00000352       0x6e BrewMonitor.o
                0x00000352                __vector_9
 .text.__vector_22
                0x000003c0       0x70 BrewMonitor.o
                0x000003c0                __vector_22
 .text.StartRecording
                0x00000430       0x78 BrewMonitor.o
                0x00000430                StartRecording
 .text.StopRecording
                0x000004a8       0x16 BrewMonitor.o
                0x000004a8                StopRecording
 .text.ClearExternalMemory
                0x000004be       0x32 BrewMonitor.o
                0x000004be                ClearExternalMemory
 .text.GetNextEmptyAddress
                0x000004f0       0x2c BrewMonitor.o
                0x000004f0                GetNextEmptyAddress
 .text.LoadSettings
                0x0000051c       0xda BrewMonitor.o
                0x0000051c                LoadSettings
 .text.__vector_21
                0x000005f6       0x3c BrewMonitor.o
                0x000005f6                __vector_21
 .text.__vector_17
                0x00000632       0x44 BrewMonitor.o
                0x00000632                __vector_17
 .text.SendSample
                0x00000676       0x4a BrewMonitor.o
                0x00000676                SendSample
 .text.CompactMemory
                0x000006c0      0x136 BrewMonitor.o
                0x000006c0                CompactMemory
 .text.RecordSample
                0x000007f6      0x118 BrewMonitor.o
                0x000007f6                RecordSample
 .text.startup.main
                0x0000090e       0x9a BrewMonitor.o
                0x0000090e                main
 .text.__vector_18
                0x000009a8      0x134 BrewMonitor.o
                0x000009a8                __vector_18
 .text.__vector_19
                0x00000adc       0x36 BrewMonitor.o
                0x00000adc                __vector_19
 .text.EVENT_USB_Device_Connect
                0x00000b12        0x2 BrewMonitor.o
                0x00000b12                EVENT_USB_Device_Connect
 .text.EVENT_USB_Device_Disconnect
                0x00000b14        0x6 BrewMonitor.o
                0x00000b14                EVENT_USB_Device_Disconnect
 .text.EVENT_USB_Device_ConfigurationChanged
                0x00000b1a       0x14 BrewMonitor.o
                0x00000b1a                EVENT_USB_Device_ConfigurationChanged
 .text.EVENT_USB_Device_ControlRequest
                0x00000b2e        0x8 BrewMonitor.o
                0x00000b2e                EVENT_USB_Device_ControlRequest
 .text.EVENT_USB_Device_StartOfFrame
                0x00000b36       0x18 BrewMonitor.o
                0x00000b36                EVENT_USB_Device_StartOfFrame
 .text.CALLBACK_HID_Device_CreateHIDReport
                0x00000b4e       0x58 BrewMonitor.o
                0x00000b4e                CALLBACK_HID_Device_CreateHIDReport
 .text.CALLBACK_HID_Device_ProcessHIDReport
                0x00000ba6      0x1a4 BrewMonitor.o
                0x00000ba6                CALLBACK_HID_Device_ProcessHIDReport
 .text.CALLBACK_USB_GetDescriptor
                0x00000d4a       0x86 Descriptors.o
                0x00000d4a                CALLBACK_USB_GetDescriptor
 .text.ow_input_pin_state
                0x00000dd0       0x12 onewire.o
                0x00000dd0                ow_input_pin_state
 .text.ow_parasite_enable
                0x00000de2       0x26 onewire.o
                0x00000de2                ow_parasite_enable
 .text.ow_bit_io_intern
                0x00000e08       0x98 onewire.o
 .text.ow_reset
                0x00000ea0       0x8c onewire.o
                0x00000ea0                ow_reset
 .text.ow_set_bus
                0x00000f2c       0x28 onewire.o
                0x00000f2c                ow_set_bus
 .text.ow_bit_io
                0x00000f54        0x6 onewire.o
                0x00000f54                ow_bit_io
 .text.ow_byte_wr
                0x00000f5a       0x20 onewire.o
                0x00000f5a                ow_byte_wr
 .text.ow_byte_wr_with_parasite_enable
                0x00000f7a       0x2a onewire.o
                0x00000f7a                ow_byte_wr_with_parasite_enable
 .text.ow_command_intern
                0x00000fa4       0x54 onewire.o
 .text.ow_byte_rd
                0x00000ff8        0x4 onewire.o
                0x00000ff8                ow_byte_rd
 .text.ow_command
                0x00000ffc        0x4 onewire.o
                0x00000ffc                ow_command
 .text.ow_command_with_parasite_enable
                0x00001000        0x4 onewire.o
                0x00001000                ow_command_with_parasite_enable
 .text.read_scratchpad.constprop.0
                0x00001004       0x42 ds18x20.o
 .text.DS18X20_start_meas
                0x00001046       0x3c ds18x20.o
                0x00001046                DS18X20_start_meas
 .text.DS18X20_read_raw_single
                0x00001082       0x4a ds18x20.o
                0x00001082                DS18X20_read_raw_single
 .text.crc8     0x000010cc       0x32 crc8.o
                0x000010cc                crc8
 .text.i2c_init
                0x000010fe        0xc twimaster.o
                0x000010fe                i2c_init
 .text.i2c_start
                0x0000110a       0x44 twimaster.o
                0x0000110a                i2c_start
 .text.i2c_start_wait
                0x0000114e       0x4e twimaster.o
                0x0000114e                i2c_start_wait
 .text.i2c_rep_start
                0x0000119c        0x2 twimaster.o
                0x0000119c                i2c_rep_start
 .text.i2c_stop
                0x0000119e       0x10 twimaster.o
                0x0000119e                i2c_stop
 .text.i2c_write
                0x000011ae       0x22 twimaster.o
                0x000011ae                i2c_write
 .text.i2c_readAck
                0x000011d0       0x14 twimaster.o
                0x000011d0                i2c_readAck
 .text.i2c_readNak
                0x000011e4       0x14 twimaster.o
                0x000011e4                i2c_readNak
 .text.LC32_Init
                0x000011f8        0x2 memory.o
                0x000011f8                LC32_Init
 .text.LC32_Clear
                0x000011fa       0x40 memory.o
                0x000011fa                LC32_Clear
 .text.LC32_WriteSample
                0x0000123a       0x54 memory.o
                0x0000123a                LC32_WriteSample
 .text.LC32_ReadSample
                0x0000128e       0x5e memory.o
                0x0000128e                LC32_ReadSample
 .text.LC32_WritePage
                0x000012ec       0x72 memory.o
                0x000012ec                LC32_WritePage
 .text.PowerSwitch_Setup
                0x0000135e        0x4 powerswitch.o
                0x0000135e                PowerSwitch_Setup
 .text.StartSequence
                0x00001362       0x1e powerswitch.o
                0x00001362                StartSequence
 .text.SendByte
                0x00001380       0x54 powerswitch.o
                0x00001380                SendByte
 .text.PowerSwitch_HeaterOn
                0x000013d4       0x2e powerswitch.o
                0x000013d4                PowerSwitch_HeaterOn
 .text.PowerSwitch_HeaterOff
                0x00001402       0x2e powerswitch.o
                0x00001402                PowerSwitch_HeaterOff
 .text.Endpoint_ConfigureEndpoint_Prv
                0x00001430       0x6a LUFA/Drivers/USB/Core/AVR8/Endpoint_AVR8.o
                0x00001430                Endpoint_ConfigureEndpoint_Prv
 .text.Endpoint_ConfigureEndpointTable
                0x0000149a       0x7a LUFA/Drivers/USB/Core/AVR8/Endpoint_AVR8.o
                0x0000149a                Endpoint_ConfigureEndpointTable
 .text.Endpoint_ClearStatusStage
                0x00001514       0x42 LUFA/Drivers/USB/Core/AVR8/Endpoint_AVR8.o
                0x00001514                Endpoint_ClearStatusStage
 .text.Endpoint_WaitUntilReady
                0x00001556       0x60 LUFA/Drivers/USB/Core/AVR8/Endpoint_AVR8.o
                0x00001556                Endpoint_WaitUntilReady
 .text.USB_ResetInterface
                0x000015b6       0x80 LUFA/Drivers/USB/Core/AVR8/USBController_AVR8.o
                0x000015b6                USB_ResetInterface
 .text.USB_Init
                0x00001636       0x16 LUFA/Drivers/USB/Core/AVR8/USBController_AVR8.o
                0x00001636                USB_Init
 .text.USB_INT_DisableAllInterrupts
                0x0000164c       0x10 LUFA/Drivers/USB/Core/AVR8/USBInterrupt_AVR8.o
                0x0000164c                USB_INT_DisableAllInterrupts
 .text.USB_INT_ClearAllInterrupts
                0x0000165c        0xa LUFA/Drivers/USB/Core/AVR8/USBInterrupt_AVR8.o
                0x0000165c                USB_INT_ClearAllInterrupts
 .text.__vector_10
                0x00001666      0x188 LUFA/Drivers/USB/Core/AVR8/USBInterrupt_AVR8.o
                0x00001666                __vector_10
 .text.Endpoint_Write_Stream_LE
                0x000017ee       0x90 LUFA/Drivers/USB/Core/AVR8/EndpointStream_AVR8.o
                0x000017ee                Endpoint_Write_Stream_LE
 .text.Endpoint_Write_Control_Stream_LE
                0x0000187e       0xb6 LUFA/Drivers/USB/Core/AVR8/EndpointStream_AVR8.o
                0x0000187e                Endpoint_Write_Control_Stream_LE
 .text.Endpoint_Read_Control_Stream_LE
                0x00001934       0x80 LUFA/Drivers/USB/Core/AVR8/EndpointStream_AVR8.o
                0x00001934                Endpoint_Read_Control_Stream_LE
 .text.Endpoint_Write_Control_PStream_LE
                0x000019b4       0xbc LUFA/Drivers/USB/Core/AVR8/EndpointStream_AVR8.o
                0x000019b4                Endpoint_Write_Control_PStream_LE
 .text.USB_Device_ProcessControlRequest
                0x00001a70      0x292 LUFA/Drivers/USB/Core/DeviceStandardReq.o
                0x00001a70                USB_Device_ProcessControlRequest
 .text.USB_Event_Stub
                0x00001d02        0x2 LUFA/Drivers/USB/Core/Events.o
                0x00001d02                USB_Event_Stub
                0x00001d02                EVENT_USB_Device_Suspend
                0x00001d02                EVENT_USB_Device_Reset
                0x00001d02                EVENT_USB_Device_WakeUp
 .text.USB_USBTask
                0x00001d04       0x38 LUFA/Drivers/USB/Core/USBTask.o
                0x00001d04                USB_USBTask
 .text.HID_Device_ProcessControlRequest
                0x00001d3c      0x260 LUFA/Drivers/USB/Class/Device/HIDClassDevice.o
                0x00001d3c                HID_Device_ProcessControlRequest
 .text.HID_Device_ConfigureEndpoints
                0x00001f9c       0x26 LUFA/Drivers/USB/Class/Device/HIDClassDevice.o
                0x00001f9c                HID_Device_ConfigureEndpoints
 .text.HID_Device_USBTask
                0x00001fc2      0x17c LUFA/Drivers/USB/Class/Device/HIDClassDevice.o
                0x00001fc2                HID_Device_USBTask
 .text.libgcc   0x0000213e        0xc c:/program files (x86)/atmel/atmel toolchain/avr8 gcc/native/3.4.1056/avr8-gnu-toolchain/bin/../lib/gcc/avr/4.8.1/avr5\libgcc.a(_tablejump.o)
                0x0000213e                __tablejump2__
                0x00002142                __tablejump__
 .text.avr-libc.fplib
                0x0000214a        0xa c:/program files (x86)/atmel/atmel toolchain/avr8 gcc/native/3.4.1056/avr8-gnu-toolchain/bin/../lib/gcc/avr/4.8.1/../../../../avr/lib/avr5\libm.a(addsf3.o)
                0x0000214a                __subsf3
                0x0000214c                __addsf3
 .text.avr-libc.fplib
                0x00002154       0xc0 c:/program files (x86)/atmel/atmel toolchain/avr8 gcc/native/3.4.1056/avr8-gnu-toolchain/bin/../lib/gcc/avr/4.8.1/../../../../avr/lib/avr5\libm.a(addsf3x.o)
                0x0000216e                __addsf3x
 .text.avr-libc.fplib
                0x00002214        0x8 c:/program files (x86)/atmel/atmel toolchain/avr8 gcc/native/3.4.1056/avr8-gnu-toolchain/bin/../lib/gcc/avr/4.8.1/../../../../avr/lib/avr5\libm.a(cmpsf2.o)
                0x00002214                __nesf2
                0x00002214                __eqsf2
                0x00002214                __cmpsf2
                0x00002214                __ltsf2
                0x00002214                __lesf2
 .text.avr-libc.fplib
                0x0000221c       0x7a c:/program files (x86)/atmel/atmel toolchain/avr8 gcc/native/3.4.1056/avr8-gnu-toolchain/bin/../lib/gcc/avr/4.8.1/../../../../avr/lib/avr5\libm.a(floatsisf.o)
                0x0000221c                __floatunsisf
                0x00002220                __floatsisf
 .text.avr-libc.fplib
                0x00002296       0x48 c:/program files (x86)/atmel/atmel toolchain/avr8 gcc/native/3.4.1056/avr8-gnu-toolchain/bin/../lib/gcc/avr/4.8.1/../../../../avr/lib/avr5\libm.a(fp_cmp.o)
                0x00002296                __fp_cmp
 .text.avr-libc.fplib
                0x000022de        0xc c:/program files (x86)/atmel/atmel toolchain/avr8 gcc/native/3.4.1056/avr8-gnu-toolchain/bin/../lib/gcc/avr/4.8.1/../../../../avr/lib/avr5\libm.a(fp_inf.o)
                0x000022de                __fp_inf
 .text.avr-libc.fplib
                0x000022ea        0x6 c:/program files (x86)/atmel/atmel toolchain/avr8 gcc/native/3.4.1056/avr8-gnu-toolchain/bin/../lib/gcc/avr/4.8.1/../../../../avr/lib/avr5\libm.a(fp_nan.o)
                0x000022ea                __fp_nan
 .text.avr-libc.fplib
                0x000022f0        0xe c:/program files (x86)/atmel/atmel toolchain/avr8 gcc/native/3.4.1056/avr8-gnu-toolchain/bin/../lib/gcc/avr/4.8.1/../../../../avr/lib/avr5\libm.a(fp_pscA.o)
                0x000022f0                __fp_pscA
 .text.avr-libc.fplib
                0x000022fe        0xe c:/program files (x86)/atmel/atmel toolchain/avr8 gcc/native/3.4.1056/avr8-gnu-toolchain/bin/../lib/gcc/avr/4.8.1/../../../../avr/lib/avr5\libm.a(fp_pscB.o)
                0x000022fe                __fp_pscB
 .text.avr-libc.fplib
                0x0000230c       0x22 c:/program files (x86)/atmel/atmel toolchain/avr8 gcc/native/3.4.1056/avr8-gnu-toolchain/bin/../lib/gcc/avr/4.8.1/../../../../avr/lib/avr5\libm.a(fp_round.o)
                0x0000230c                __fp_round
 .text.avr-libc.fplib
                0x0000232e       0x44 c:/program files (x86)/atmel/atmel toolchain/avr8 gcc/native/3.4.1056/avr8-gnu-toolchain/bin/../lib/gcc/avr/4.8.1/../../../../avr/lib/avr5\libm.a(fp_split3.o)
                0x0000232e                __fp_split3
                0x0000233e                __fp_splitA
 .text.avr-libc.fplib
                0x00002372        0xe c:/program files (x86)/atmel/atmel toolchain/avr8 gcc/native/3.4.1056/avr8-gnu-toolchain/bin/../lib/gcc/avr/4.8.1/../../../../avr/lib/avr5\libm.a(fp_zero.o)
                0x00002372                __fp_zero
                0x00002374                __fp_szero
 .text.avr-libc.fplib
                0x00002380       0x98 c:/program files (x86)/atmel/atmel toolchain/avr8 gcc/native/3.4.1056/avr8-gnu-toolchain/bin/../lib/gcc/avr/4.8.1/../../../../avr/lib/avr5\libm.a(pow.o)
                0x00002380                pow
 .text.avr-libc.fplib
                0x00002418       0x62 c:/program files (x86)/atmel/atmel toolchain/avr8 gcc/native/3.4.1056/avr8-gnu-toolchain/bin/../lib/gcc/avr/4.8.1/../../../../avr/lib/avr5\libm.a(exp.o)
                0x00002422                exp
 .text.avr-libc.fplib
                0x0000247a       0x4a c:/program files (x86)/atmel/atmel toolchain/avr8 gcc/native/3.4.1056/avr8-gnu-toolchain/bin/../lib/gcc/avr/4.8.1/../../../../avr/lib/avr5\libm.a(fp_powser.o)
                0x0000247a                __fp_powser
 .text.avr-libc.fplib
                0x000024c4        0xe c:/program files (x86)/atmel/atmel toolchain/avr8 gcc/native/3.4.1056/avr8-gnu-toolchain/bin/../lib/gcc/avr/4.8.1/../../../../avr/lib/avr5\libm.a(inverse.o)
                0x000024c4                inverse
 .text.avr-libc.fplib
                0x000024d2       0x6c c:/program files (x86)/atmel/atmel toolchain/avr8 gcc/native/3.4.1056/avr8-gnu-toolchain/bin/../lib/gcc/avr/4.8.1/../../../../avr/lib/avr5\libm.a(ldexp.o)
                0x000024d6                ldexp
 .text.avr-libc.fplib
                0x0000253e       0x8a c:/program files (x86)/atmel/atmel toolchain/avr8 gcc/native/3.4.1056/avr8-gnu-toolchain/bin/../lib/gcc/avr/4.8.1/../../../../avr/lib/avr5\libm.a(log.o)
                0x00002548                log
 .text.avr-libc.fplib
                0x000025c8       0x66 c:/program files (x86)/atmel/atmel toolchain/avr8 gcc/native/3.4.1056/avr8-gnu-toolchain/bin/../lib/gcc/avr/4.8.1/../../../../avr/lib/avr5\libm.a(modf.o)
                0x000025c8                modf
                0x000025c8                modff
 .text.avr-libc.fplib
                0x0000262e        0x4 c:/program files (x86)/atmel/atmel toolchain/avr8 gcc/native/3.4.1056/avr8-gnu-toolchain/bin/../lib/gcc/avr/4.8.1/../../../../avr/lib/avr5\libm.a(mulsf3.o)
                0x0000262e                __mulsf3
 .text.avr-libc.fplib
                0x00002632       0xc2 c:/program files (x86)/atmel/atmel toolchain/avr8 gcc/native/3.4.1056/avr8-gnu-toolchain/bin/../lib/gcc/avr/4.8.1/../../../../avr/lib/avr5\libm.a(mulsf3x.o)
                0x00002646                __mulsf3x
                0x0000264a                __mulsf3_pse
 .text.avr-libc.fplib
                0x000026f4        0x4 c:/program files (x86)/atmel/atmel toolchain/avr8 gcc/native/3.4.1056/avr8-gnu-toolchain/bin/../lib/gcc/avr/4.8.1/../../../../avr/lib/avr5\libm.a(divsf3.o)
                0x000026f4                __divsf3
 .text.avr-libc.fplib
                0x000026f8       0xcc c:/program files (x86)/atmel/atmel toolchain/avr8 gcc/native/3.4.1056/avr8-gnu-toolchain/bin/../lib/gcc/avr/4.8.1/../../../../avr/lib/avr5\libm.a(divsf3x.o)
                0x0000270e                __divsf3x
                0x00002712                __divsf3_pse
 .text.avr-libc.fplib
                0x000027c4       0x1c c:/program files (x86)/atmel/atmel toolchain/avr8 gcc/native/3.4.1056/avr8-gnu-toolchain/bin/../lib/gcc/avr/4.8.1/../../../../avr/lib/avr5\libm.a(fp_mpack.o)
                0x000027c4                __fp_mpack
                0x000027c8                __fp_mpack_finite
 .text.avr-libc
                0x000027e0       0x1a c:/program files (x86)/atmel/atmel toolchain/avr8 gcc/native/3.4.1056/avr8-gnu-toolchain/bin/../lib/gcc/avr/4.8.1/../../../../avr/lib/avr5\libc.a(memcmp.o)
                0x000027e0                memcmp
 .text.avr-libc
                0x000027fa       0x12 c:/program files (x86)/atmel/atmel toolchain/avr8 gcc/native/3.4.1056/avr8-gnu-toolchain/bin/../lib/gcc/avr/4.8.1/../../../../avr/lib/avr5\libc.a(memcpy.o)
                0x000027fa                memcpy
 .text.avr-libc
                0x0000280c        0xe c:/program files (x86)/atmel/atmel toolchain/avr8 gcc/native/3.4.1056/avr8-gnu-toolchain/bin/../lib/gcc/avr/4.8.1/../../../../avr/lib/avr5\libc.a(memset.o)
                0x0000280c                memset
 .text.avr-libc
                0x0000281a       0x10 c:/program files (x86)/atmel/atmel toolchain/avr8 gcc/native/3.4.1056/avr8-gnu-toolchain/bin/../lib/gcc/avr/4.8.1/../../../../avr/lib/avr5\libc.a(eerd_byte_atmega32u4.o)
                0x0000281a                __eerd_byte_m32u4
 .text.avr-libc
                0x0000282a       0x24 c:/program files (x86)/atmel/atmel toolchain/avr8 gcc/native/3.4.1056/avr8-gnu-toolchain/bin/../lib/gcc/avr/4.8.1/../../../../avr/lib/avr5\libc.a(eeupd_byte_atmega32u4.o)
                0x0000282a                __eeupd_byte_m32u4
                0x0000282c                __eeupd_r18_m32u4
                0x0000284e                . = ALIGN (0x2)
 *(.fini9)
 .fini9         0x0000284e        0x0 c:/program files (x86)/atmel/atmel toolchain/avr8 gcc/native/3.4.1056/avr8-gnu-toolchain/bin/../lib/gcc/avr/4.8.1/avr5\libgcc.a(_exit.o)
                0x0000284e                _exit
                0x0000284e                exit
 *(.fini9)
 *(.fini8)
 *(.fini8)
 *(.fini7)
 *(.fini7)
 *(.fini6)
 *(.fini6)
 *(.fini5)
 *(.fini5)
 *(.fini4)
 *(.fini4)
 *(.fini3)
 *(.fini3)
 *(.fini2)
 *(.fini2)
 *(.fini1)
 *(.fini1)
 *(.fini0)
 .fini0         0x0000284e        0x4 c:/program files (x86)/atmel/atmel toolchain/avr8 gcc/native/3.4.1056/avr8-gnu-toolchain/bin/../lib/gcc/avr/4.8.1/avr5\libgcc.a(_exit.o)
 *(.fini0)
                0x00002852                _etext = .

.data           0x00800100       0x10 load address 0x00002852
                0x00800100                PROVIDE (__data_start, .)
 *(.data)
 .data          0x00800100        0x0 c:/program files (x86)/atmel/atmel toolchain/avr8 gcc/native/3.4.1056/avr8-gnu-toolchain/bin/../lib/gcc/avr/4.8.1/../../../../avr/lib/avr5/crtm32u4.o
 .data          0x00800100       0x10 BrewMonitor.o
                0x00800100                Generic_HID_Interface
 .data          0x00800110        0x0 Descriptors.o
 .data          0x00800110        0x0 onewire.o
 .data          0x00800110        0x0 ds18x20.o
 .data          0x00800110        0x0 crc8.o
 .data          0x00800110        0x0 twimaster.o
 .data          0x00800110        0x0 memory.o
 .data          0x00800110        0x0 powerswitch.o
 .data          0x00800110        0x0 LUFA/Drivers/USB/Core/AVR8/Device_AVR8.o
 .data          0x00800110        0x0 LUFA/Drivers/USB/Core/AVR8/Endpoint_AVR8.o
 .data          0x00800110        0x0 LUFA/Drivers/USB/Core/AVR8/Host_AVR8.o
 .data          0x00800110        0x0 LUFA/Drivers/USB/Core/AVR8/Pipe_AVR8.o
 .data          0x00800110        0x0 LUFA/Drivers/USB/Core/AVR8/USBController_AVR8.o
 .data          0x00800110        0x0 LUFA/Drivers/USB/Core/AVR8/USBInterrupt_AVR8.o
 .data          0x00800110        0x0 LUFA/Drivers/USB/Core/AVR8/EndpointStream_AVR8.o
 .data          0x00800110        0x0 LUFA/Drivers/USB/Core/AVR8/PipeStream_AVR8.o
 .data          0x00800110        0x0 LUFA/Drivers/USB/Core/ConfigDescriptors.o
 .data          0x00800110        0x0 LUFA/Drivers/USB/Core/DeviceStandardReq.o
 .data          0x00800110        0x0 LUFA/Drivers/USB/Core/Events.o
 .data          0x00800110        0x0 LUFA/Drivers/USB/Core/HostStandardReq.o
 .data          0x00800110        0x0 LUFA/Drivers/USB/Core/USBTask.o
 .data          0x00800110        0x0 LUFA/Drivers/USB/Class/Common/HIDParser.o
 .data          0x00800110        0x0 LUFA/Drivers/USB/Class/Device/AudioClassDevice.o
 .data          0x00800110        0x0 LUFA/Drivers/USB/Class/Device/CDCClassDevice.o
 .data          0x00800110        0x0 LUFA/Drivers/USB/Class/Device/HIDClassDevice.o
 .data          0x00800110        0x0 LUFA/Drivers/USB/Class/Device/MassStorageClassDevice.o
 .data          0x00800110        0x0 LUFA/Drivers/USB/Class/Device/MIDIClassDevice.o
 .data          0x00800110        0x0 LUFA/Drivers/USB/Class/Device/RNDISClassDevice.o
 .data          0x00800110        0x0 LUFA/Drivers/USB/Class/Host/AndroidAccessoryClassHost.o
 .data          0x00800110        0x0 LUFA/Drivers/USB/Class/Host/AudioClassHost.o
 .data          0x00800110        0x0 LUFA/Drivers/USB/Class/Host/CDCClassHost.o
 .data          0x00800110        0x0 LUFA/Drivers/USB/Class/Host/HIDClassHost.o
 .data          0x00800110        0x0 LUFA/Drivers/USB/Class/Host/MassStorageClassHost.o
 .data          0x00800110        0x0 LUFA/Drivers/USB/Class/Host/MIDIClassHost.o
 .data          0x00800110        0x0 LUFA/Drivers/USB/Class/Host/PrinterClassHost.o
 .data          0x00800110        0x0 LUFA/Drivers/USB/Class/Host/RNDISClassHost.o
 .data          0x00800110        0x0 LUFA/Drivers/USB/Class/Host/StillImageClassHost.o
 .data          0x00800110        0x0 c:/program files (x86)/atmel/atmel toolchain/avr8 gcc/native/3.4.1056/avr8-gnu-toolchain/bin/../lib/gcc/avr/4.8.1/avr5\libgcc.a(_divmodhi4.o)
 .data          0x00800110        0x0 c:/program files (x86)/atmel/atmel toolchain/avr8 gcc/native/3.4.1056/avr8-gnu-toolchain/bin/../lib/gcc/avr/4.8.1/avr5\libgcc.a(_divmodsi4.o)
 .data          0x00800110        0x0 c:/program files (x86)/atmel/atmel toolchain/avr8 gcc/native/3.4.1056/avr8-gnu-toolchain/bin/../lib/gcc/avr/4.8.1/avr5\libgcc.a(_negsi2.o)
 .data          0x00800110        0x0 c:/program files (x86)/atmel/atmel toolchain/avr8 gcc/native/3.4.1056/avr8-gnu-toolchain/bin/../lib/gcc/avr/4.8.1/avr5\libgcc.a(_exit.o)
 .data          0x00800110        0x0 c:/program files (x86)/atmel/atmel toolchain/avr8 gcc/native/3.4.1056/avr8-gnu-toolchain/bin/../lib/gcc/avr/4.8.1/avr5\libgcc.a(_tablejump.o)
 .data          0x00800110        0x0 c:/program files (x86)/atmel/atmel toolchain/avr8 gcc/native/3.4.1056/avr8-gnu-toolchain/bin/../lib/gcc/avr/4.8.1/avr5\libgcc.a(_copy_data.o)
 .data          0x00800110        0x0 c:/program files (x86)/atmel/atmel toolchain/avr8 gcc/native/3.4.1056/avr8-gnu-toolchain/bin/../lib/gcc/avr/4.8.1/avr5\libgcc.a(_clear_bss.o)
 .data          0x00800110        0x0 c:/program files (x86)/atmel/atmel toolchain/avr8 gcc/native/3.4.1056/avr8-gnu-toolchain/bin/../lib/gcc/avr/4.8.1/avr5\libgcc.a(_umulhisi3.o)
 .data          0x00800110        0x0 c:/program files (x86)/atmel/atmel toolchain/avr8 gcc/native/3.4.1056/avr8-gnu-toolchain/bin/../lib/gcc/avr/4.8.1/avr5\libgcc.a(_udivmodhi4.o)
 .data          0x00800110        0x0 c:/program files (x86)/atmel/atmel toolchain/avr8 gcc/native/3.4.1056/avr8-gnu-toolchain/bin/../lib/gcc/avr/4.8.1/avr5\libgcc.a(_udivmodsi4.o)
 .data          0x00800110        0x0 c:/program files (x86)/atmel/atmel toolchain/avr8 gcc/native/3.4.1056/avr8-gnu-toolchain/bin/../lib/gcc/avr/4.8.1/../../../../avr/lib/avr5\libm.a(addsf3.o)
 .data          0x00800110        0x0 c:/program files (x86)/atmel/atmel toolchain/avr8 gcc/native/3.4.1056/avr8-gnu-toolchain/bin/../lib/gcc/avr/4.8.1/../../../../avr/lib/avr5\libm.a(addsf3x.o)
 .data          0x00800110        0x0 c:/program files (x86)/atmel/atmel toolchain/avr8 gcc/native/3.4.1056/avr8-gnu-toolchain/bin/../lib/gcc/avr/4.8.1/../../../../avr/lib/avr5\libm.a(cmpsf2.o)
 .data          0x00800110        0x0 c:/program files (x86)/atmel/atmel toolchain/avr8 gcc/native/3.4.1056/avr8-gnu-toolchain/bin/../lib/gcc/avr/4.8.1/../../../../avr/lib/avr5\libm.a(floatsisf.o)
 .data          0x00800110        0x0 c:/program files (x86)/atmel/atmel toolchain/avr8 gcc/native/3.4.1056/avr8-gnu-toolchain/bin/../lib/gcc/avr/4.8.1/../../../../avr/lib/avr5\libm.a(fp_cmp.o)
 .data          0x00800110        0x0 c:/program files (x86)/atmel/atmel toolchain/avr8 gcc/native/3.4.1056/avr8-gnu-toolchain/bin/../lib/gcc/avr/4.8.1/../../../../avr/lib/avr5\libm.a(fp_inf.o)
 .data          0x00800110        0x0 c:/program files (x86)/atmel/atmel toolchain/avr8 gcc/native/3.4.1056/avr8-gnu-toolchain/bin/../lib/gcc/avr/4.8.1/../../../../avr/lib/avr5\libm.a(fp_nan.o)
 .data          0x00800110        0x0 c:/program files (x86)/atmel/atmel toolchain/avr8 gcc/native/3.4.1056/avr8-gnu-toolchain/bin/../lib/gcc/avr/4.8.1/../../../../avr/lib/avr5\libm.a(fp_pscA.o)
 .data          0x00800110        0x0 c:/program files (x86)/atmel/atmel toolchain/avr8 gcc/native/3.4.1056/avr8-gnu-toolchain/bin/../lib/gcc/avr/4.8.1/../../../../avr/lib/avr5\libm.a(fp_pscB.o)
 .data          0x00800110        0x0 c:/program files (x86)/atmel/atmel toolchain/avr8 gcc/native/3.4.1056/avr8-gnu-toolchain/bin/../lib/gcc/avr/4.8.1/../../../../avr/lib/avr5\libm.a(fp_round.o)
 .data          0x00800110        0x0 c:/program files (x86)/atmel/atmel toolchain/avr8 gcc/native/3.4.1056/avr8-gnu-toolchain/bin/../lib/gcc/avr/4.8.1/../../../../avr/lib/avr5\libm.a(fp_split3.o)
 .data          0x00800110        0x0 c:/program files (x86)/atmel/atmel toolchain/avr8 gcc/native/3.4.1056/avr8-gnu-toolchain/bin/../lib/gcc/avr/4.8.1/../../../../avr/lib/avr5\libm.a(fp_zero.o)
 .data          0x00800110        0x0 c:/program files (x86)/atmel/atmel toolchain/avr8 gcc/native/3.4.1056/avr8-gnu-toolchain/bin/../lib/gcc/avr/4.8.1/../../../../avr/lib/avr5\libm.a(pow.o)
 .data          0x00800110        0x0 c:/program files (x86)/atmel/atmel toolchain/avr8 gcc/native/3.4.1056/avr8-gnu-toolchain/bin/../lib/gcc/avr/4.8.1/../../../../avr/lib/avr5\libm.a(exp.o)
 .data          0x00800110        0x0 c:/program files (x86)/atmel/atmel toolchain/avr8 gcc/native/3.4.1056/avr8-gnu-toolchain/bin/../lib/gcc/avr/4.8.1/../../../../avr/lib/avr5\libm.a(fp_powser.o)
 .data          0x00800110        0x0 c:/program files (x86)/atmel/atmel toolchain/avr8 gcc/native/3.4.1056/avr8-gnu-toolchain/bin/../lib/gcc/avr/4.8.1/../../../../avr/lib/avr5\libm.a(inverse.o)
 .data          0x00800110        0x0 c:/program files (x86)/atmel/atmel toolchain/avr8 gcc/native/3.4.1056/avr8-gnu-toolchain/bin/../lib/gcc/avr/4.8.1/../../../../avr/lib/avr5\libm.a(ldexp.o)
 .data          0x00800110        0x0 c:/program files (x86)/atmel/atmel toolchain/avr8 gcc/native/3.4.1056/avr8-gnu-toolchain/bin/../lib/gcc/avr/4.8.1/../../../../avr/lib/avr5\libm.a(log.o)
 .data          0x00800110        0x0 c:/program files (x86)/atmel/atmel toolchain/avr8 gcc/native/3.4.1056/avr8-gnu-toolchain/bin/../lib/gcc/avr/4.8.1/../../../../avr/lib/avr5\libm.a(modf.o)
 .data          0x00800110        0x0 c:/program files (x86)/atmel/atmel toolchain/avr8 gcc/native/3.4.1056/avr8-gnu-toolchain/bin/../lib/gcc/avr/4.8.1/../../../../avr/lib/avr5\libm.a(mulsf3.o)
 .data          0x00800110        0x0 c:/program files (x86)/atmel/atmel toolchain/avr8 gcc/native/3.4.1056/avr8-gnu-toolchain/bin/../lib/gcc/avr/4.8.1/../../../../avr/lib/avr5\libm.a(mulsf3x.o)
 .data          0x00800110        0x0 c:/program files (x86)/atmel/atmel toolchain/avr8 gcc/native/3.4.1056/avr8-gnu-toolchain/bin/../lib/gcc/avr/4.8.1/../../../../avr/lib/avr5\libm.a(divsf3.o)
 .data          0x00800110        0x0 c:/program files (x86)/atmel/atmel toolchain/avr8 gcc/native/3.4.1056/avr8-gnu-toolchain/bin/../lib/gcc/avr/4.8.1/../../../../avr/lib/avr5\libm.a(divsf3x.o)
 .data          0x00800110        0x0 c:/program files (x86)/atmel/atmel toolchain/avr8 gcc/native/3.4.1056/avr8-gnu-toolchain/bin/../lib/gcc/avr/4.8.1/../../../../avr/lib/avr5\libm.a(fp_mpack.o)
 .data          0x00800110        0x0 c:/program files (x86)/atmel/atmel toolchain/avr8 gcc/native/3.4.1056/avr8-gnu-toolchain/bin/../lib/gcc/avr/4.8.1/../../../../avr/lib/avr5\libc.a(memcpy_P.o)
 .data          0x00800110        0x0 c:/program files (x86)/atmel/atmel toolchain/avr8 gcc/native/3.4.1056/avr8-gnu-toolchain/bin/../lib/gcc/avr/4.8.1/../../../../avr/lib/avr5\libc.a(memcmp.o)
 .data          0x00800110        0x0 c:/program files (x86)/atmel/atmel toolchain/avr8 gcc/native/3.4.1056/avr8-gnu-toolchain/bin/../lib/gcc/avr/4.8.1/../../../../avr/lib/avr5\libc.a(memcpy.o)
 .data          0x00800110        0x0 c:/program files (x86)/atmel/atmel toolchain/avr8 gcc/native/3.4.1056/avr8-gnu-toolchain/bin/../lib/gcc/avr/4.8.1/../../../../avr/lib/avr5\libc.a(memset.o)
 .data          0x00800110        0x0 c:/program files (x86)/atmel/atmel toolchain/avr8 gcc/native/3.4.1056/avr8-gnu-toolchain/bin/../lib/gcc/avr/4.8.1/../../../../avr/lib/avr5\libc.a(eerd_byte_atmega32u4.o)
 .data          0x00800110        0x0 c:/program files (x86)/atmel/atmel toolchain/avr8 gcc/native/3.4.1056/avr8-gnu-toolchain/bin/../lib/gcc/avr/4.8.1/../../../../avr/lib/avr5\libc.a(eeupd_byte_atmega32u4.o)
 *(.data*)
 *(.rodata)
 *(.rodata*)
 *(.gnu.linkonce.d*)
                0x00800110                . = ALIGN (0x2)
                0x00800110                _edata = .
                0x00800110                PROVIDE (__data_end, .)

.bss            0x00800110       0x5c
                0x00800110                PROVIDE (__bss_start, .)
 *(.bss)
 .bss           0x00800110        0x8 BrewMonitor.o
 *(.bss*)
 *(COMMON)
 COMMON         0x00800118       0x40 BrewMonitor.o
                0x00800118                _fastStreaming
                0x00800119                _clearMemoryFlag
                0x0080011a                _usbArg7
                0x0080011b                _usbArg5
                0x0080011c                _bubbleDelay
                0x0080011e                _recordLedTurnOffCounter
                0x0080011f                _recordBubbleCount
                0x00800121                _compactionCount
                0x00800122                _usbArg0
                0x00800123                _bubbleLow1Detected
                0x00800124                _bubbleHighDetected
                0x00800125                _nextMemoryPosition
                0x00800127                _startRecordingFlag
                0x00800128                _usbArg4
                0x00800129                _usbArg10
                0x0080012a                _debounceCounter
                0x0080012b                _usbArg9
                0x0080012c                _bubbleLow2Detected
                0x0080012d                _divisorCounter
                0x0080012f                _sendSampleFlag
                0x00800130                _rawTemperature
                0x00800132                _adcHighThreshold
                0x00800133                _usbArg11
                0x00800134                _adcValue
                0x00800135                _usbArg2
                0x00800136                _dataReady
                0x00800137                _readyForBubble
                0x00800138                _usbBubbleCount
                0x0080013a                _recording
                0x0080013b                _usbArg8
                0x0080013c                _usbArg6
                0x0080013d                _stopRecordingFlag
                0x0080013e                _usbArg3
                0x0080013f                _resumeRecordingFlag
                0x00800140                _secondsCounter
                0x00800141                _recordSampleFlag
                0x00800142                _bubbleOccurring
                0x00800143                _adcLowThreshold
                0x00800144                _sensorIDs
                0x00800154                _downButtonCounter
                0x00800156                _usbArg1
                0x00800157                _measureTempFlag
 COMMON         0x00800158        0x7 onewire.o
                0x00800158                OW_OUT
                0x0080015a                OW_PIN_MASK
                0x0080015b                OW_IN
                0x0080015d                OW_DDR
 COMMON         0x0080015f        0x3 LUFA/Drivers/USB/Core/DeviceStandardReq.o
                0x0080015f                USB_Device_ConfigurationNumber
                0x00800160                USB_Device_CurrentlySelfPowered
                0x00800161                USB_Device_RemoteWakeupEnabled
 COMMON         0x00800162        0xa LUFA/Drivers/USB/Core/USBTask.o
                0x00800162                USB_IsInitialized
                0x00800163                USB_DeviceState
                0x00800164                USB_ControlRequest
                0x0080016c                PROVIDE (__bss_end, .)
                0x00002852                __data_load_start = LOADADDR (.data)
                0x00002862                __data_load_end = (__data_load_start + SIZEOF (.data))

.noinit         0x0080016c        0x0
                0x0080016c                PROVIDE (__noinit_start, .)
 *(.noinit*)
                0x0080016c                PROVIDE (__noinit_end, .)
                0x0080016c                _end = .
                0x0080016c                PROVIDE (__heap_start, .)

.eeprom         0x00810000        0x0
 *(.eeprom*)
                0x00810000                __eeprom_end = .

.fuse
 *(.fuse)
 *(.lfuse)
 *(.hfuse)
 *(.efuse)

.lock
 *(.lock*)

.signature
 *(.signature*)

.user_signatures
 *(.user_signatures*)

.stab
 *(.stab)

.stabstr
 *(.stabstr)

.stab.excl
 *(.stab.excl)

.stab.exclstr
 *(.stab.exclstr)

.stab.index
 *(.stab.index)

.stab.indexstr
 *(.stab.indexstr)

.comment        0x00000000       0x30
 *(.comment)
 .comment       0x00000000       0x30 BrewMonitor.o
                                 0x31 (size before relaxing)
 .comment       0x00000000       0x31 Descriptors.o
 .comment       0x00000000       0x31 onewire.o
 .comment       0x00000000       0x31 ds18x20.o
 .comment       0x00000000       0x31 crc8.o
 .comment       0x00000000       0x31 twimaster.o
 .comment       0x00000000       0x31 memory.o
 .comment       0x00000000       0x31 powerswitch.o
 .comment       0x00000000       0x31 LUFA/Drivers/USB/Core/AVR8/Device_AVR8.o
 .comment       0x00000000       0x31 LUFA/Drivers/USB/Core/AVR8/Endpoint_AVR8.o
 .comment       0x00000000       0x31 LUFA/Drivers/USB/Core/AVR8/Host_AVR8.o
 .comment       0x00000000       0x31 LUFA/Drivers/USB/Core/AVR8/Pipe_AVR8.o
 .comment       0x00000000       0x31 LUFA/Drivers/USB/Core/AVR8/USBController_AVR8.o
 .comment       0x00000000       0x31 LUFA/Drivers/USB/Core/AVR8/USBInterrupt_AVR8.o
 .comment       0x00000000       0x31 LUFA/Drivers/USB/Core/AVR8/EndpointStream_AVR8.o
 .comment       0x00000000       0x31 LUFA/Drivers/USB/Core/AVR8/PipeStream_AVR8.o
 .comment       0x00000000       0x31 LUFA/Drivers/USB/Core/ConfigDescriptors.o
 .comment       0x00000000       0x31 LUFA/Drivers/USB/Core/DeviceStandardReq.o
 .comment       0x00000000       0x31 LUFA/Drivers/USB/Core/Events.o
 .comment       0x00000000       0x31 LUFA/Drivers/USB/Core/HostStandardReq.o
 .comment       0x00000000       0x31 LUFA/Drivers/USB/Core/USBTask.o
 .comment       0x00000000       0x31 LUFA/Drivers/USB/Class/Common/HIDParser.o
 .comment       0x00000000       0x31 LUFA/Drivers/USB/Class/Device/AudioClassDevice.o
 .comment       0x00000000       0x31 LUFA/Drivers/USB/Class/Device/CDCClassDevice.o
 .comment       0x00000000       0x31 LUFA/Drivers/USB/Class/Device/HIDClassDevice.o
 .comment       0x00000000       0x31 LUFA/Drivers/USB/Class/Device/MassStorageClassDevice.o
 .comment       0x00000000       0x31 LUFA/Drivers/USB/Class/Device/MIDIClassDevice.o
 .comment       0x00000000       0x31 LUFA/Drivers/USB/Class/Device/RNDISClassDevice.o
 .comment       0x00000000       0x31 LUFA/Drivers/USB/Class/Host/AndroidAccessoryClassHost.o
 .comment       0x00000000       0x31 LUFA/Drivers/USB/Class/Host/AudioClassHost.o
 .comment       0x00000000       0x31 LUFA/Drivers/USB/Class/Host/CDCClassHost.o
 .comment       0x00000000       0x31 LUFA/Drivers/USB/Class/Host/HIDClassHost.o
 .comment       0x00000000       0x31 LUFA/Drivers/USB/Class/Host/MassStorageClassHost.o
 .comment       0x00000000       0x31 LUFA/Drivers/USB/Class/Host/MIDIClassHost.o
 .comment       0x00000000       0x31 LUFA/Drivers/USB/Class/Host/PrinterClassHost.o
 .comment       0x00000000       0x31 LUFA/Drivers/USB/Class/Host/RNDISClassHost.o
 .comment       0x00000000       0x31 LUFA/Drivers/USB/Class/Host/StillImageClassHost.o

.note.gnu.build-id
 *(.note.gnu.build-id)

.debug
 *(.debug)

.line
 *(.line)

.debug_srcinfo
 *(.debug_srcinfo)

.debug_sfnames
 *(.debug_sfnames)

.debug_aranges  0x00000000      0x880
 *(.debug_aranges)
 .debug_aranges
                0x00000000       0xe8 BrewMonitor.o
 .debug_aranges
                0x000000e8       0x20 Descriptors.o
 .debug_aranges
                0x00000108       0x88 onewire.o
 .debug_aranges
                0x00000190       0x88 ds18x20.o
 .debug_aranges
                0x00000218       0x20 crc8.o
 .debug_aranges
                0x00000238       0x58 twimaster.o
 .debug_aranges
                0x00000290       0x48 memory.o
 .debug_aranges
                0x000002d8       0x60 powerswitch.o
 .debug_aranges
                0x00000338       0x20 LUFA/Drivers/USB/Core/AVR8/Device_AVR8.o
 .debug_aranges
                0x00000358       0x40 LUFA/Drivers/USB/Core/AVR8/Endpoint_AVR8.o
 .debug_aranges
                0x00000398       0x18 LUFA/Drivers/USB/Core/AVR8/Host_AVR8.o
 .debug_aranges
                0x000003b0       0x18 LUFA/Drivers/USB/Core/AVR8/Pipe_AVR8.o
 .debug_aranges
                0x000003c8       0x30 LUFA/Drivers/USB/Core/AVR8/USBController_AVR8.o
 .debug_aranges
                0x000003f8       0x30 LUFA/Drivers/USB/Core/AVR8/USBInterrupt_AVR8.o
 .debug_aranges
                0x00000428       0xc8 LUFA/Drivers/USB/Core/AVR8/EndpointStream_AVR8.o
 .debug_aranges
                0x000004f0       0x18 LUFA/Drivers/USB/Core/AVR8/PipeStream_AVR8.o
 .debug_aranges
                0x00000508       0x40 LUFA/Drivers/USB/Core/ConfigDescriptors.o
 .debug_aranges
                0x00000548       0x20 LUFA/Drivers/USB/Core/DeviceStandardReq.o
 .debug_aranges
                0x00000568       0x20 LUFA/Drivers/USB/Core/Events.o
 .debug_aranges
                0x00000588       0x18 LUFA/Drivers/USB/Core/HostStandardReq.o
 .debug_aranges
                0x000005a0       0x20 LUFA/Drivers/USB/Core/USBTask.o
 .debug_aranges
                0x000005c0       0x38 LUFA/Drivers/USB/Class/Common/HIDParser.o
 .debug_aranges
                0x000005f8       0x30 LUFA/Drivers/USB/Class/Device/AudioClassDevice.o
 .debug_aranges
                0x00000628       0x98 LUFA/Drivers/USB/Class/Device/CDCClassDevice.o
 .debug_aranges
                0x000006c0       0x30 LUFA/Drivers/USB/Class/Device/HIDClassDevice.o
 .debug_aranges
                0x000006f0       0x30 LUFA/Drivers/USB/Class/Device/MassStorageClassDevice.o
 .debug_aranges
                0x00000720       0x40 LUFA/Drivers/USB/Class/Device/MIDIClassDevice.o
 .debug_aranges
                0x00000760       0x48 LUFA/Drivers/USB/Class/Device/RNDISClassDevice.o
 .debug_aranges
                0x000007a8       0x18 LUFA/Drivers/USB/Class/Host/AndroidAccessoryClassHost.o
 .debug_aranges
                0x000007c0       0x18 LUFA/Drivers/USB/Class/Host/AudioClassHost.o
 .debug_aranges
                0x000007d8       0x18 LUFA/Drivers/USB/Class/Host/CDCClassHost.o
 .debug_aranges
                0x000007f0       0x18 LUFA/Drivers/USB/Class/Host/HIDClassHost.o
 .debug_aranges
                0x00000808       0x18 LUFA/Drivers/USB/Class/Host/MassStorageClassHost.o
 .debug_aranges
                0x00000820       0x18 LUFA/Drivers/USB/Class/Host/MIDIClassHost.o
 .debug_aranges
                0x00000838       0x18 LUFA/Drivers/USB/Class/Host/PrinterClassHost.o
 .debug_aranges
                0x00000850       0x18 LUFA/Drivers/USB/Class/Host/RNDISClassHost.o
 .debug_aranges
                0x00000868       0x18 LUFA/Drivers/USB/Class/Host/StillImageClassHost.o

.debug_pubnames
 *(.debug_pubnames)

.debug_info     0x00000000     0xbf02
 *(.debug_info .gnu.linkonce.wi.*)
 .debug_info    0x00000000     0x134d BrewMonitor.o
 .debug_info    0x0000134d      0x6b4 Descriptors.o
 .debug_info    0x00001a01      0x7e5 onewire.o
 .debug_info    0x000021e6      0x9b9 ds18x20.o
 .debug_info    0x00002b9f      0x108 crc8.o
 .debug_info    0x00002ca7      0x1c2 twimaster.o
 .debug_info    0x00002e69      0x55f memory.o
 .debug_info    0x000033c8      0x461 powerswitch.o
 .debug_info    0x00003829       0xd6 LUFA/Drivers/USB/Core/AVR8/Device_AVR8.o
 .debug_info    0x000038ff      0x618 LUFA/Drivers/USB/Core/AVR8/Endpoint_AVR8.o
 .debug_info    0x00003f17       0x5a LUFA/Drivers/USB/Core/AVR8/Host_AVR8.o
 .debug_info    0x00003f71       0x5a LUFA/Drivers/USB/Core/AVR8/Pipe_AVR8.o
 .debug_info    0x00003fcb      0x4c1 LUFA/Drivers/USB/Core/AVR8/USBController_AVR8.o
 .debug_info    0x0000448c      0x677 LUFA/Drivers/USB/Core/AVR8/USBInterrupt_AVR8.o
 .debug_info    0x00004b03     0x17c2 LUFA/Drivers/USB/Core/AVR8/EndpointStream_AVR8.o
 .debug_info    0x000062c5       0x5a LUFA/Drivers/USB/Core/AVR8/PipeStream_AVR8.o
 .debug_info    0x0000631f      0x3cd LUFA/Drivers/USB/Core/ConfigDescriptors.o
 .debug_info    0x000066ec      0xa8a LUFA/Drivers/USB/Core/DeviceStandardReq.o
 .debug_info    0x00007176       0x7c LUFA/Drivers/USB/Core/Events.o
 .debug_info    0x000071f2       0x21 LUFA/Drivers/USB/Core/HostStandardReq.o
 .debug_info    0x00007213      0x271 LUFA/Drivers/USB/Core/USBTask.o
 .debug_info    0x00007484      0x740 LUFA/Drivers/USB/Class/Common/HIDParser.o
 .debug_info    0x00007bc4      0x900 LUFA/Drivers/USB/Class/Device/AudioClassDevice.o
 .debug_info    0x000084c4      0xe54 LUFA/Drivers/USB/Class/Device/CDCClassDevice.o
 .debug_info    0x00009318      0x9ee LUFA/Drivers/USB/Class/Device/HIDClassDevice.o
 .debug_info    0x00009d06      0x97b LUFA/Drivers/USB/Class/Device/MassStorageClassDevice.o
 .debug_info    0x0000a681      0x5dc LUFA/Drivers/USB/Class/Device/MIDIClassDevice.o
 .debug_info    0x0000ac5d     0x117c LUFA/Drivers/USB/Class/Device/RNDISClassDevice.o
 .debug_info    0x0000bdd9       0x21 LUFA/Drivers/USB/Class/Host/AndroidAccessoryClassHost.o
 .debug_info    0x0000bdfa       0x21 LUFA/Drivers/USB/Class/Host/AudioClassHost.o
 .debug_info    0x0000be1b       0x21 LUFA/Drivers/USB/Class/Host/CDCClassHost.o
 .debug_info    0x0000be3c       0x21 LUFA/Drivers/USB/Class/Host/HIDClassHost.o
 .debug_info    0x0000be5d       0x21 LUFA/Drivers/USB/Class/Host/MassStorageClassHost.o
 .debug_info    0x0000be7e       0x21 LUFA/Drivers/USB/Class/Host/MIDIClassHost.o
 .debug_info    0x0000be9f       0x21 LUFA/Drivers/USB/Class/Host/PrinterClassHost.o
 .debug_info    0x0000bec0       0x21 LUFA/Drivers/USB/Class/Host/RNDISClassHost.o
 .debug_info    0x0000bee1       0x21 LUFA/Drivers/USB/Class/Host/StillImageClassHost.o

.debug_abbrev   0x00000000     0x325a
 *(.debug_abbrev)
 .debug_abbrev  0x00000000      0x43c BrewMonitor.o
 .debug_abbrev  0x0000043c      0x169 Descriptors.o
 .debug_abbrev  0x000005a5      0x2bc onewire.o
 .debug_abbrev  0x00000861      0x2cd ds18x20.o
 .debug_abbrev  0x00000b2e       0x8e crc8.o
 .debug_abbrev  0x00000bbc       0xeb twimaster.o
 .debug_abbrev  0x00000ca7      0x18f memory.o
 .debug_abbrev  0x00000e36      0x188 powerswitch.o
 .debug_abbrev  0x00000fbe       0x83 LUFA/Drivers/USB/Core/AVR8/Device_AVR8.o
 .debug_abbrev  0x00001041      0x225 LUFA/Drivers/USB/Core/AVR8/Endpoint_AVR8.o
 .debug_abbrev  0x00001266       0x29 LUFA/Drivers/USB/Core/AVR8/Host_AVR8.o
 .debug_abbrev  0x0000128f       0x29 LUFA/Drivers/USB/Core/AVR8/Pipe_AVR8.o
 .debug_abbrev  0x000012b8      0x1a8 LUFA/Drivers/USB/Core/AVR8/USBController_AVR8.o
 .debug_abbrev  0x00001460      0x1d8 LUFA/Drivers/USB/Core/AVR8/USBInterrupt_AVR8.o
 .debug_abbrev  0x00001638      0x227 LUFA/Drivers/USB/Core/AVR8/EndpointStream_AVR8.o
 .debug_abbrev  0x0000185f       0x29 LUFA/Drivers/USB/Core/AVR8/PipeStream_AVR8.o
 .debug_abbrev  0x00001888      0x179 LUFA/Drivers/USB/Core/ConfigDescriptors.o
 .debug_abbrev  0x00001a01      0x2b2 LUFA/Drivers/USB/Core/DeviceStandardReq.o
 .debug_abbrev  0x00001cb3       0x47 LUFA/Drivers/USB/Core/Events.o
 .debug_abbrev  0x00001cfa       0x13 LUFA/Drivers/USB/Core/HostStandardReq.o
 .debug_abbrev  0x00001d0d      0x170 LUFA/Drivers/USB/Core/USBTask.o
 .debug_abbrev  0x00001e7d      0x221 LUFA/Drivers/USB/Class/Common/HIDParser.o
 .debug_abbrev  0x0000209e      0x20f LUFA/Drivers/USB/Class/Device/AudioClassDevice.o
 .debug_abbrev  0x000022ad      0x420 LUFA/Drivers/USB/Class/Device/CDCClassDevice.o
 .debug_abbrev  0x000026cd      0x26e LUFA/Drivers/USB/Class/Device/HIDClassDevice.o
 .debug_abbrev  0x0000293b      0x2bc LUFA/Drivers/USB/Class/Device/MassStorageClassDevice.o
 .debug_abbrev  0x00002bf7      0x246 LUFA/Drivers/USB/Class/Device/MIDIClassDevice.o
 .debug_abbrev  0x00002e3d      0x372 LUFA/Drivers/USB/Class/Device/RNDISClassDevice.o
 .debug_abbrev  0x000031af       0x13 LUFA/Drivers/USB/Class/Host/AndroidAccessoryClassHost.o
 .debug_abbrev  0x000031c2       0x13 LUFA/Drivers/USB/Class/Host/AudioClassHost.o
 .debug_abbrev  0x000031d5       0x13 LUFA/Drivers/USB/Class/Host/CDCClassHost.o
 .debug_abbrev  0x000031e8       0x13 LUFA/Drivers/USB/Class/Host/HIDClassHost.o
 .debug_abbrev  0x000031fb       0x13 LUFA/Drivers/USB/Class/Host/MassStorageClassHost.o
 .debug_abbrev  0x0000320e       0x13 LUFA/Drivers/USB/Class/Host/MIDIClassHost.o
 .debug_abbrev  0x00003221       0x13 LUFA/Drivers/USB/Class/Host/PrinterClassHost.o
 .debug_abbrev  0x00003234       0x13 LUFA/Drivers/USB/Class/Host/RNDISClassHost.o
 .debug_abbrev  0x00003247       0x13 LUFA/Drivers/USB/Class/Host/StillImageClassHost.o

.debug_line     0x00000000     0xf0e5
 *(.debug_line .debug_line.* .debug_line_end)
 .debug_line    0x00000000      0xf6e BrewMonitor.o
 .debug_line    0x00000f6e      0xb84 Descriptors.o
 .debug_line    0x00001af2      0x468 onewire.o
 .debug_line    0x00001f5a      0x4b4 ds18x20.o
 .debug_line    0x0000240e      0x136 crc8.o
 .debug_line    0x00002544      0x3d9 twimaster.o
 .debug_line    0x0000291d      0x2ca memory.o
 .debug_line    0x00002be7      0x3bf powerswitch.o
 .debug_line    0x00002fa6      0x87e LUFA/Drivers/USB/Core/AVR8/Device_AVR8.o
 .debug_line    0x00003824      0x9ee LUFA/Drivers/USB/Core/AVR8/Endpoint_AVR8.o
 .debug_line    0x00004212      0x465 LUFA/Drivers/USB/Core/AVR8/Host_AVR8.o
 .debug_line    0x00004677      0x465 LUFA/Drivers/USB/Core/AVR8/Pipe_AVR8.o
 .debug_line    0x00004adc      0x7dd LUFA/Drivers/USB/Core/AVR8/USBController_AVR8.o
 .debug_line    0x000052b9      0x981 LUFA/Drivers/USB/Core/AVR8/USBInterrupt_AVR8.o
 .debug_line    0x00005c3a     0x11c0 LUFA/Drivers/USB/Core/AVR8/EndpointStream_AVR8.o
 .debug_line    0x00006dfa      0x46b LUFA/Drivers/USB/Core/AVR8/PipeStream_AVR8.o
 .debug_line    0x00007265      0x7ba LUFA/Drivers/USB/Core/ConfigDescriptors.o
 .debug_line    0x00007a1f      0x8b0 LUFA/Drivers/USB/Core/DeviceStandardReq.o
 .debug_line    0x000082cf      0x452 LUFA/Drivers/USB/Core/Events.o
 .debug_line    0x00008721       0x52 LUFA/Drivers/USB/Core/HostStandardReq.o
 .debug_line    0x00008773      0x76a LUFA/Drivers/USB/Core/USBTask.o
 .debug_line    0x00008edd      0x68b LUFA/Drivers/USB/Class/Common/HIDParser.o
 .debug_line    0x00009568      0xda7 LUFA/Drivers/USB/Class/Device/AudioClassDevice.o
 .debug_line    0x0000a30f      0xffc LUFA/Drivers/USB/Class/Device/CDCClassDevice.o
 .debug_line    0x0000b30b      0xe3e LUFA/Drivers/USB/Class/Device/HIDClassDevice.o
 .debug_line    0x0000c149      0xe40 LUFA/Drivers/USB/Class/Device/MassStorageClassDevice.o
 .debug_line    0x0000cf89      0xddf LUFA/Drivers/USB/Class/Device/MIDIClassDevice.o
 .debug_line    0x0000dd68      0xefc LUFA/Drivers/USB/Class/Device/RNDISClassDevice.o
 .debug_line    0x0000ec64       0x89 LUFA/Drivers/USB/Class/Host/AndroidAccessoryClassHost.o
 .debug_line    0x0000eced       0x7e LUFA/Drivers/USB/Class/Host/AudioClassHost.o
 .debug_line    0x0000ed6b       0x7c LUFA/Drivers/USB/Class/Host/CDCClassHost.o
 .debug_line    0x0000ede7       0x7c LUFA/Drivers/USB/Class/Host/HIDClassHost.o
 .debug_line    0x0000ee63       0x84 LUFA/Drivers/USB/Class/Host/MassStorageClassHost.o
 .debug_line    0x0000eee7       0x7d LUFA/Drivers/USB/Class/Host/MIDIClassHost.o
 .debug_line    0x0000ef64       0x80 LUFA/Drivers/USB/Class/Host/PrinterClassHost.o
 .debug_line    0x0000efe4       0x7e LUFA/Drivers/USB/Class/Host/RNDISClassHost.o
 .debug_line    0x0000f062       0x83 LUFA/Drivers/USB/Class/Host/StillImageClassHost.o

.debug_frame    0x00000000     0x1668
 *(.debug_frame)
 .debug_frame   0x00000000      0x348 BrewMonitor.o
 .debug_frame   0x00000348       0x24 Descriptors.o
 .debug_frame   0x0000036c      0x168 onewire.o
 .debug_frame   0x000004d4      0x254 ds18x20.o
 .debug_frame   0x00000728       0x24 crc8.o
 .debug_frame   0x0000074c       0x94 twimaster.o
 .debug_frame   0x000007e0       0xfc memory.o
 .debug_frame   0x000008dc       0xbc powerswitch.o
 .debug_frame   0x00000998       0x24 LUFA/Drivers/USB/Core/AVR8/Device_AVR8.o
 .debug_frame   0x000009bc       0x78 LUFA/Drivers/USB/Core/AVR8/Endpoint_AVR8.o
 .debug_frame   0x00000a34       0x58 LUFA/Drivers/USB/Core/AVR8/USBController_AVR8.o
 .debug_frame   0x00000a8c       0x8c LUFA/Drivers/USB/Core/AVR8/USBInterrupt_AVR8.o
 .debug_frame   0x00000b18      0x3ac LUFA/Drivers/USB/Core/AVR8/EndpointStream_AVR8.o
 .debug_frame   0x00000ec4      0x108 LUFA/Drivers/USB/Core/ConfigDescriptors.o
 .debug_frame   0x00000fcc       0x40 LUFA/Drivers/USB/Core/DeviceStandardReq.o
 .debug_frame   0x0000100c       0x24 LUFA/Drivers/USB/Core/Events.o
 .debug_frame   0x00001030       0x2c LUFA/Drivers/USB/Core/USBTask.o
 .debug_frame   0x0000105c      0x114 LUFA/Drivers/USB/Class/Common/HIDParser.o
 .debug_frame   0x00001170       0xa8 LUFA/Drivers/USB/Class/Device/AudioClassDevice.o
 .debug_frame   0x00001218      0x168 LUFA/Drivers/USB/Class/Device/CDCClassDevice.o
 .debug_frame   0x00001380       0xe4 LUFA/Drivers/USB/Class/Device/HIDClassDevice.o
 .debug_frame   0x00001464       0x80 LUFA/Drivers/USB/Class/Device/MassStorageClassDevice.o
 .debug_frame   0x000014e4       0x70 LUFA/Drivers/USB/Class/Device/MIDIClassDevice.o
 .debug_frame   0x00001554      0x114 LUFA/Drivers/USB/Class/Device/RNDISClassDevice.o

.debug_str      0x00000000    0x1aa65
 *(.debug_str)
 .debug_str     0x00000000    0x16696 BrewMonitor.o
                              0x16978 (size before relaxing)
 .debug_str     0x00016696      0x68c Descriptors.o
                              0x14dd1 (size before relaxing)
 .debug_str     0x00016d22      0x3dd onewire.o
                               0x8a9b (size before relaxing)
 .debug_str     0x000170ff      0x1c6 ds18x20.o
                               0xb4cf (size before relaxing)
 .debug_str     0x000172c5       0x5f crc8.o
                               0x325d (size before relaxing)
 .debug_str     0x00017324      0x3ba twimaster.o
                               0x8125 (size before relaxing)
 .debug_str     0x000176de       0x3e memory.o
                               0x7f5e (size before relaxing)
 .debug_str     0x0001771c      0x1a2 powerswitch.o
                               0x874e (size before relaxing)
 .debug_str     0x000178be       0xa5 LUFA/Drivers/USB/Core/AVR8/Device_AVR8.o
                               0xeace (size before relaxing)
 .debug_str     0x00017963      0x42c LUFA/Drivers/USB/Core/AVR8/Endpoint_AVR8.o
                               0xeef0 (size before relaxing)
 .debug_str     0x00017d8f       0x27 LUFA/Drivers/USB/Core/AVR8/Host_AVR8.o
                               0xe0fa (size before relaxing)
 .debug_str     0x00017db6       0x27 LUFA/Drivers/USB/Core/AVR8/Pipe_AVR8.o
                               0xe0fa (size before relaxing)
 .debug_str     0x00017ddd      0x205 LUFA/Drivers/USB/Core/AVR8/USBController_AVR8.o
                               0xee50 (size before relaxing)
 .debug_str     0x00017fe2       0xf3 LUFA/Drivers/USB/Core/AVR8/USBInterrupt_AVR8.o
                               0xee04 (size before relaxing)
 .debug_str     0x000180d5      0x9c0 LUFA/Drivers/USB/Core/AVR8/EndpointStream_AVR8.o
                               0xf84e (size before relaxing)
 .debug_str     0x00018a95       0x2d LUFA/Drivers/USB/Core/AVR8/PipeStream_AVR8.o
                               0xe100 (size before relaxing)
 .debug_str     0x00018ac2      0x221 LUFA/Drivers/USB/Core/ConfigDescriptors.o
                               0xee40 (size before relaxing)
 .debug_str     0x00018ce3      0x41c LUFA/Drivers/USB/Core/DeviceStandardReq.o
                               0xf287 (size before relaxing)
 .debug_str     0x000190ff       0x47 LUFA/Drivers/USB/Core/Events.o
                               0xe12b (size before relaxing)
 .debug_str     0x00019146       0x28 LUFA/Drivers/USB/Core/HostStandardReq.o
                               0x2b28 (size before relaxing)
 .debug_str     0x0001916e       0x72 LUFA/Drivers/USB/Core/USBTask.o
                               0xec6f (size before relaxing)
 .debug_str     0x000191e0      0x470 LUFA/Drivers/USB/Class/Common/HIDParser.o
                              0x123d4 (size before relaxing)
 .debug_str     0x00019650      0x2d2 LUFA/Drivers/USB/Class/Device/AudioClassDevice.o
                              0x14b95 (size before relaxing)
 .debug_str     0x00019922      0x3b9 LUFA/Drivers/USB/Class/Device/CDCClassDevice.o
                              0x14ee8 (size before relaxing)
 .debug_str     0x00019cdb      0x125 LUFA/Drivers/USB/Class/Device/HIDClassDevice.o
                              0x14be5 (size before relaxing)
 .debug_str     0x00019e00      0x283 LUFA/Drivers/USB/Class/Device/MassStorageClassDevice.o
                              0x14cf3 (size before relaxing)
 .debug_str     0x0001a083      0x130 LUFA/Drivers/USB/Class/Device/MIDIClassDevice.o
                              0x14b2b (size before relaxing)
 .debug_str     0x0001a1b3      0x70a LUFA/Drivers/USB/Class/Device/RNDISClassDevice.o
                              0x15248 (size before relaxing)
 .debug_str     0x0001a8bd       0x38 LUFA/Drivers/USB/Class/Host/AndroidAccessoryClassHost.o
                               0x2b38 (size before relaxing)
 .debug_str     0x0001a8f5       0x2d LUFA/Drivers/USB/Class/Host/AudioClassHost.o
                               0x2b2d (size before relaxing)
 .debug_str     0x0001a922       0x2b LUFA/Drivers/USB/Class/Host/CDCClassHost.o
                               0x2b2b (size before relaxing)
 .debug_str     0x0001a94d       0x2b LUFA/Drivers/USB/Class/Host/HIDClassHost.o
                               0x2b2b (size before relaxing)
 .debug_str     0x0001a978       0x33 LUFA/Drivers/USB/Class/Host/MassStorageClassHost.o
                               0x2b33 (size before relaxing)
 .debug_str     0x0001a9ab       0x2c LUFA/Drivers/USB/Class/Host/MIDIClassHost.o
                               0x2b2c (size before relaxing)
 .debug_str     0x0001a9d7       0x2f LUFA/Drivers/USB/Class/Host/PrinterClassHost.o
                               0x2b2f (size before relaxing)
 .debug_str     0x0001aa06       0x2d LUFA/Drivers/USB/Class/Host/RNDISClassHost.o
                               0x2b2d (size before relaxing)
 .debug_str     0x0001aa33       0x32 LUFA/Drivers/USB/Class/Host/StillImageClassHost.o
                               0x2b32 (size before relaxing)

.debug_loc      0x00000000     0x82d4
 *(.debug_loc)
 .debug_loc     0x00000000      0x912 BrewMonitor.o
 .debug_loc     0x00000912      0x24b Descriptors.o
 .debug_loc     0x00000b5d      0x6b2 onewire.o
 .debug_loc     0x0000120f      0xe40 ds18x20.o
 .debug_loc     0x0000204f      0x12f crc8.o
 .debug_loc     0x0000217e      0x109 twimaster.o
 .debug_loc     0x00002287      0x475 memory.o
 .debug_loc     0x000026fc      0x21c powerswitch.o
 .debug_loc     0x00002918      0x3f2 LUFA/Drivers/USB/Core/AVR8/Endpoint_AVR8.o
 .debug_loc     0x00002d0a       0x49 LUFA/Drivers/USB/Core/AVR8/USBController_AVR8.o
 .debug_loc     0x00002d53      0x247 LUFA/Drivers/USB/Core/AVR8/USBInterrupt_AVR8.o
 .debug_loc     0x00002f9a     0x1dc8 LUFA/Drivers/USB/Core/AVR8/EndpointStream_AVR8.o
 .debug_loc     0x00004d62      0x5bd LUFA/Drivers/USB/Core/ConfigDescriptors.o
 .debug_loc     0x0000531f      0x2e7 LUFA/Drivers/USB/Core/DeviceStandardReq.o
 .debug_loc     0x00005606       0x49 LUFA/Drivers/USB/Core/USBTask.o
 .debug_loc     0x0000564f      0xad6 LUFA/Drivers/USB/Class/Common/HIDParser.o
 .debug_loc     0x00006125      0x37c LUFA/Drivers/USB/Class/Device/AudioClassDevice.o
 .debug_loc     0x000064a1      0x847 LUFA/Drivers/USB/Class/Device/CDCClassDevice.o
 .debug_loc     0x00006ce8      0x42b LUFA/Drivers/USB/Class/Device/HIDClassDevice.o
 .debug_loc     0x00007113      0x29f LUFA/Drivers/USB/Class/Device/MassStorageClassDevice.o
 .debug_loc     0x000073b2      0x2a4 LUFA/Drivers/USB/Class/Device/MIDIClassDevice.o
 .debug_loc     0x00007656      0xc7e LUFA/Drivers/USB/Class/Device/RNDISClassDevice.o

.debug_macinfo
 *(.debug_macinfo)

.debug_weaknames
 *(.debug_weaknames)

.debug_funcnames
 *(.debug_funcnames)

.debug_typenames
 *(.debug_typenames)

.debug_varnames
 *(.debug_varnames)

.debug_pubtypes
 *(.debug_pubtypes)

.debug_ranges   0x00000000      0x900
 *(.debug_ranges)
 .debug_ranges  0x00000000       0xd8 BrewMonitor.o
 .debug_ranges  0x000000d8       0x10 Descriptors.o
 .debug_ranges  0x000000e8       0x90 onewire.o
 .debug_ranges  0x00000178       0x78 ds18x20.o
 .debug_ranges  0x000001f0       0x10 crc8.o
 .debug_ranges  0x00000200       0x48 twimaster.o
 .debug_ranges  0x00000248       0x38 memory.o
 .debug_ranges  0x00000280       0x50 powerswitch.o
 .debug_ranges  0x000002d0       0x10 LUFA/Drivers/USB/Core/AVR8/Device_AVR8.o
 .debug_ranges  0x000002e0       0x90 LUFA/Drivers/USB/Core/AVR8/Endpoint_AVR8.o
 .debug_ranges  0x00000370       0x20 LUFA/Drivers/USB/Core/AVR8/USBController_AVR8.o
 .debug_ranges  0x00000390       0x20 LUFA/Drivers/USB/Core/AVR8/USBInterrupt_AVR8.o
 .debug_ranges  0x000003b0      0x250 LUFA/Drivers/USB/Core/AVR8/EndpointStream_AVR8.o
 .debug_ranges  0x00000600       0x30 LUFA/Drivers/USB/Core/ConfigDescriptors.o
 .debug_ranges  0x00000630       0x40 LUFA/Drivers/USB/Core/DeviceStandardReq.o
 .debug_ranges  0x00000670       0x10 LUFA/Drivers/USB/Core/Events.o
 .debug_ranges  0x00000680       0x10 LUFA/Drivers/USB/Core/USBTask.o
 .debug_ranges  0x00000690       0xd0 LUFA/Drivers/USB/Class/Common/HIDParser.o
 .debug_ranges  0x00000760       0x20 LUFA/Drivers/USB/Class/Device/AudioClassDevice.o
 .debug_ranges  0x00000780       0x88 LUFA/Drivers/USB/Class/Device/CDCClassDevice.o
 .debug_ranges  0x00000808       0x20 LUFA/Drivers/USB/Class/Device/HIDClassDevice.o
 .debug_ranges  0x00000828       0x20 LUFA/Drivers/USB/Class/Device/MassStorageClassDevice.o
 .debug_ranges  0x00000848       0x30 LUFA/Drivers/USB/Class/Device/MIDIClassDevice.o
 .debug_ranges  0x00000878       0x88 LUFA/Drivers/USB/Class/Device/RNDISClassDevice.o

.debug_macro    0x00000000     0xab02
 *(.debug_macro)
 .debug_macro   0x00000000      0x4a1 BrewMonitor.o
 .debug_macro   0x000004a1      0xa48 BrewMonitor.o
 .debug_macro   0x00000ee9       0x10 BrewMonitor.o
 .debug_macro   0x00000ef9      0x1ad BrewMonitor.o
 .debug_macro   0x000010a6      0x293 BrewMonitor.o
 .debug_macro   0x00001339       0x9e BrewMonitor.o
 .debug_macro   0x000013d7     0x20f4 BrewMonitor.o
 .debug_macro   0x000034cb      0x14f BrewMonitor.o
 .debug_macro   0x0000361a       0xd9 BrewMonitor.o
 .debug_macro   0x000036f3       0x34 BrewMonitor.o
 .debug_macro   0x00003727       0x18 BrewMonitor.o
 .debug_macro   0x0000373f       0x6c BrewMonitor.o
 .debug_macro   0x000037ab       0x76 BrewMonitor.o
 .debug_macro   0x00003821       0xab BrewMonitor.o
 .debug_macro   0x000038cc       0x69 BrewMonitor.o
 .debug_macro   0x00003935       0x16 BrewMonitor.o
 .debug_macro   0x0000394b       0x97 BrewMonitor.o
 .debug_macro   0x000039e2       0x16 BrewMonitor.o
 .debug_macro   0x000039f8       0x10 BrewMonitor.o
 .debug_macro   0x00003a08       0x12 BrewMonitor.o
 .debug_macro   0x00003a1a      0x175 BrewMonitor.o
 .debug_macro   0x00003b8f       0x12 BrewMonitor.o
 .debug_macro   0x00003ba1       0x10 BrewMonitor.o
 .debug_macro   0x00003bb1       0x22 BrewMonitor.o
 .debug_macro   0x00003bd3       0xef BrewMonitor.o
 .debug_macro   0x00003cc2       0x22 BrewMonitor.o
 .debug_macro   0x00003ce4      0x161 BrewMonitor.o
 .debug_macro   0x00003e45       0x2f BrewMonitor.o
 .debug_macro   0x00003e74       0x1c BrewMonitor.o
 .debug_macro   0x00003e90       0x68 BrewMonitor.o
 .debug_macro   0x00003ef8       0x28 BrewMonitor.o
 .debug_macro   0x00003f20       0x87 BrewMonitor.o
 .debug_macro   0x00003fa7       0x35 BrewMonitor.o
 .debug_macro   0x00003fdc      0x10c BrewMonitor.o
 .debug_macro   0x000040e8      0x160 BrewMonitor.o
 .debug_macro   0x00004248      0x167 BrewMonitor.o
 .debug_macro   0x000043af       0x10 BrewMonitor.o
 .debug_macro   0x000043bf       0x1c BrewMonitor.o
 .debug_macro   0x000043db       0x86 BrewMonitor.o
 .debug_macro   0x00004461       0x2e BrewMonitor.o
 .debug_macro   0x0000448f       0x26 BrewMonitor.o
 .debug_macro   0x000044b5       0x4d BrewMonitor.o
 .debug_macro   0x00004502       0x81 BrewMonitor.o
 .debug_macro   0x00004583       0x16 BrewMonitor.o
 .debug_macro   0x00004599       0x12 BrewMonitor.o
 .debug_macro   0x000045ab       0x22 BrewMonitor.o
 .debug_macro   0x000045cd       0x64 BrewMonitor.o
 .debug_macro   0x00004631       0x3a BrewMonitor.o
 .debug_macro   0x0000466b       0x10 BrewMonitor.o
 .debug_macro   0x0000467b       0x1c BrewMonitor.o
 .debug_macro   0x00004697       0x16 BrewMonitor.o
 .debug_macro   0x000046ad       0x16 BrewMonitor.o
 .debug_macro   0x000046c3      0x12c BrewMonitor.o
 .debug_macro   0x000047ef       0x16 BrewMonitor.o
 .debug_macro   0x00004805       0x46 BrewMonitor.o
 .debug_macro   0x0000484b       0x58 BrewMonitor.o
 .debug_macro   0x000048a3       0x10 BrewMonitor.o
 .debug_macro   0x000048b3       0x35 BrewMonitor.o
 .debug_macro   0x000048e8       0xeb BrewMonitor.o
 .debug_macro   0x000049d3       0x16 BrewMonitor.o
 .debug_macro   0x000049e9      0x154 BrewMonitor.o
 .debug_macro   0x00004b3d       0x2a BrewMonitor.o
 .debug_macro   0x00004b67      0x647 BrewMonitor.o
 .debug_macro   0x000051ae       0x16 BrewMonitor.o
 .debug_macro   0x000051c4      0x12b BrewMonitor.o
 .debug_macro   0x000052ef       0x16 BrewMonitor.o
 .debug_macro   0x00005305       0x10 BrewMonitor.o
 .debug_macro   0x00005315       0x22 BrewMonitor.o
 .debug_macro   0x00005337       0x16 BrewMonitor.o
 .debug_macro   0x0000534d       0x16 BrewMonitor.o
 .debug_macro   0x00005363       0x10 BrewMonitor.o
 .debug_macro   0x00005373      0x1c5 BrewMonitor.o
 .debug_macro   0x00005538       0x16 BrewMonitor.o
 .debug_macro   0x0000554e       0x10 BrewMonitor.o
 .debug_macro   0x0000555e       0x10 BrewMonitor.o
 .debug_macro   0x0000556e       0x9a BrewMonitor.o
 .debug_macro   0x00005608       0x52 BrewMonitor.o
 .debug_macro   0x0000565a       0x1c BrewMonitor.o
 .debug_macro   0x00005676       0x5a BrewMonitor.o
 .debug_macro   0x000056d0      0x118 BrewMonitor.o
 .debug_macro   0x000057e8       0xfa BrewMonitor.o
 .debug_macro   0x000058e2       0x22 BrewMonitor.o
 .debug_macro   0x00005904       0x4e BrewMonitor.o
 .debug_macro   0x00005952      0x422 Descriptors.o
 .debug_macro   0x00005d74       0x89 Descriptors.o
 .debug_macro   0x00005dfd       0xaa Descriptors.o
 .debug_macro   0x00005ea7      0x181 Descriptors.o
 .debug_macro   0x00006028       0x20 Descriptors.o
 .debug_macro   0x00006048       0xe2 onewire.o
 .debug_macro   0x0000612a      0x16d onewire.o
 .debug_macro   0x00006297       0x2e onewire.o
 .debug_macro   0x000062c5       0xe7 ds18x20.o
 .debug_macro   0x000063ac      0x10e ds18x20.o
 .debug_macro   0x000064ba       0x66 ds18x20.o
 .debug_macro   0x00006520      0x299 ds18x20.o
 .debug_macro   0x000067b9      0x11e ds18x20.o
 .debug_macro   0x000068d7       0x30 crc8.o
 .debug_macro   0x00006907       0xaa twimaster.o
 .debug_macro   0x000069b1       0xd7 twimaster.o
 .debug_macro   0x00006a88       0x1d twimaster.o
 .debug_macro   0x00006aa5       0x9f memory.o
 .debug_macro   0x00006b44       0x1c memory.o
 .debug_macro   0x00006b60       0x17 memory.o
 .debug_macro   0x00006b77       0xfe powerswitch.o
 .debug_macro   0x00006c75       0xf4 powerswitch.o
 .debug_macro   0x00006d69      0x297 LUFA/Drivers/USB/Core/AVR8/Device_AVR8.o
 .debug_macro   0x00007000       0x36 LUFA/Drivers/USB/Core/AVR8/Device_AVR8.o
 .debug_macro   0x00007036       0x47 LUFA/Drivers/USB/Core/AVR8/Device_AVR8.o
 .debug_macro   0x0000707d      0x29f LUFA/Drivers/USB/Core/AVR8/Endpoint_AVR8.o
 .debug_macro   0x0000731c       0x10 LUFA/Drivers/USB/Core/AVR8/Endpoint_AVR8.o
 .debug_macro   0x0000732c      0x172 LUFA/Drivers/USB/Core/AVR8/Host_AVR8.o
 .debug_macro   0x0000749e      0x172 LUFA/Drivers/USB/Core/AVR8/Pipe_AVR8.o
 .debug_macro   0x00007610      0x277 LUFA/Drivers/USB/Core/AVR8/USBController_AVR8.o
 .debug_macro   0x00007887       0x87 LUFA/Drivers/USB/Core/AVR8/USBController_AVR8.o
 .debug_macro   0x0000790e      0x27f LUFA/Drivers/USB/Core/AVR8/USBInterrupt_AVR8.o
 .debug_macro   0x00007b8d      0x608 LUFA/Drivers/USB/Core/AVR8/EndpointStream_AVR8.o
 .debug_macro   0x00008195       0x28 LUFA/Drivers/USB/Core/AVR8/EndpointStream_AVR8.o
 .debug_macro   0x000081bd       0x1c LUFA/Drivers/USB/Core/AVR8/EndpointStream_AVR8.o
 .debug_macro   0x000081d9       0x1c LUFA/Drivers/USB/Core/AVR8/EndpointStream_AVR8.o
 .debug_macro   0x000081f5      0x172 LUFA/Drivers/USB/Core/AVR8/PipeStream_AVR8.o
 .debug_macro   0x00008367      0x28e LUFA/Drivers/USB/Core/ConfigDescriptors.o
 .debug_macro   0x000085f5      0x277 LUFA/Drivers/USB/Core/DeviceStandardReq.o
 .debug_macro   0x0000886c       0x18 LUFA/Drivers/USB/Core/DeviceStandardReq.o
 .debug_macro   0x00008884      0x182 LUFA/Drivers/USB/Core/Events.o
 .debug_macro   0x00008a06       0x20 LUFA/Drivers/USB/Core/HostStandardReq.o
 .debug_macro   0x00008a26      0x283 LUFA/Drivers/USB/Core/USBTask.o
 .debug_macro   0x00008ca9      0x1c0 LUFA/Drivers/USB/Class/Common/HIDParser.o
 .debug_macro   0x00008e69      0x422 LUFA/Drivers/USB/Class/Device/AudioClassDevice.o
 .debug_macro   0x0000928b       0x40 LUFA/Drivers/USB/Class/Device/AudioClassDevice.o
 .debug_macro   0x000092cb      0x132 LUFA/Drivers/USB/Class/Device/AudioClassDevice.o
 .debug_macro   0x000093fd      0x422 LUFA/Drivers/USB/Class/Device/CDCClassDevice.o
 .debug_macro   0x0000981f      0x426 LUFA/Drivers/USB/Class/Device/HIDClassDevice.o
 .debug_macro   0x00009c45      0x42c LUFA/Drivers/USB/Class/Device/MassStorageClassDevice.o
 .debug_macro   0x0000a071      0x125 LUFA/Drivers/USB/Class/Device/MassStorageClassDevice.o
 .debug_macro   0x0000a196      0x426 LUFA/Drivers/USB/Class/Device/MIDIClassDevice.o
 .debug_macro   0x0000a5bc      0x426 LUFA/Drivers/USB/Class/Device/RNDISClassDevice.o
 .debug_macro   0x0000a9e2       0x20 LUFA/Drivers/USB/Class/Host/AndroidAccessoryClassHost.o
 .debug_macro   0x0000aa02       0x20 LUFA/Drivers/USB/Class/Host/AudioClassHost.o
 .debug_macro   0x0000aa22       0x20 LUFA/Drivers/USB/Class/Host/CDCClassHost.o
 .debug_macro   0x0000aa42       0x20 LUFA/Drivers/USB/Class/Host/HIDClassHost.o
 .debug_macro   0x0000aa62       0x20 LUFA/Drivers/USB/Class/Host/MassStorageClassHost.o
 .debug_macro   0x0000aa82       0x20 LUFA/Drivers/USB/Class/Host/MIDIClassHost.o
 .debug_macro   0x0000aaa2       0x20 LUFA/Drivers/USB/Class/Host/PrinterClassHost.o
 .debug_macro   0x0000aac2       0x20 LUFA/Drivers/USB/Class/Host/RNDISClassHost.o
 .debug_macro   0x0000aae2       0x20 LUFA/Drivers/USB/Class/Host/StillImageClassHost.o
OUTPUT(BrewMonitor.elf elf32-avr)
LOAD linker stubs

Cross Reference Table

Symbol                                            File
Audio_Device_ConfigureEndpoints                   LUFA/Drivers/USB/Class/Device/AudioClassDevice.o
Audio_Device_Event_Stub                           LUFA/Drivers/USB/Class/Device/AudioClassDevice.o
Audio_Device_ProcessControlRequest                LUFA/Drivers/USB/Class/Device/AudioClassDevice.o
CALLBACK_Audio_Device_GetSetEndpointProperty      LUFA/Drivers/USB/Class/Device/AudioClassDevice.o
CALLBACK_Audio_Device_GetSetInterfaceProperty     LUFA/Drivers/USB/Class/Device/AudioClassDevice.o
CALLBACK_HIDParser_FilterHIDReportItem            LUFA/Drivers/USB/Class/Common/HIDParser.o
CALLBACK_HID_Device_CreateHIDReport               BrewMonitor.o
                                                  LUFA/Drivers/USB/Class/Device/HIDClassDevice.o
CALLBACK_HID_Device_ProcessHIDReport              BrewMonitor.o
                                                  LUFA/Drivers/USB/Class/Device/HIDClassDevice.o
CALLBACK_MS_Device_SCSICommandReceived            LUFA/Drivers/USB/Class/Device/MassStorageClassDevice.o
CALLBACK_USB_GetDescriptor                        Descriptors.o
                                                  LUFA/Drivers/USB/Core/DeviceStandardReq.o
CDC_Device_BytesReceived                          LUFA/Drivers/USB/Class/Device/CDCClassDevice.o
CDC_Device_ConfigureEndpoints                     LUFA/Drivers/USB/Class/Device/CDCClassDevice.o
CDC_Device_CreateBlockingStream                   LUFA/Drivers/USB/Class/Device/CDCClassDevice.o
CDC_Device_CreateStream                           LUFA/Drivers/USB/Class/Device/CDCClassDevice.o
CDC_Device_Event_Stub                             LUFA/Drivers/USB/Class/Device/CDCClassDevice.o
CDC_Device_Flush                                  LUFA/Drivers/USB/Class/Device/CDCClassDevice.o
CDC_Device_ProcessControlRequest                  LUFA/Drivers/USB/Class/Device/CDCClassDevice.o
CDC_Device_ReceiveByte                            LUFA/Drivers/USB/Class/Device/CDCClassDevice.o
CDC_Device_SendByte                               LUFA/Drivers/USB/Class/Device/CDCClassDevice.o
CDC_Device_SendControlLineStateChange             LUFA/Drivers/USB/Class/Device/CDCClassDevice.o
CDC_Device_SendData                               LUFA/Drivers/USB/Class/Device/CDCClassDevice.o
CDC_Device_SendString                             LUFA/Drivers/USB/Class/Device/CDCClassDevice.o
CDC_Device_USBTask                                LUFA/Drivers/USB/Class/Device/CDCClassDevice.o
ClearExternalMemory                               BrewMonitor.o
CompactMemory                                     BrewMonitor.o
ConfigurationDescriptor                           Descriptors.o
DS18X20_conversion_in_progress                    ds18x20.o
DS18X20_find_sensor                               ds18x20.o
                                                  BrewMonitor.o
DS18X20_format_from_decicelsius                   ds18x20.o
DS18X20_format_from_maxres                        ds18x20.o
DS18X20_get_power_status                          ds18x20.o
DS18X20_read_decicelsius                          ds18x20.o
DS18X20_read_decicelsius_single                   ds18x20.o
DS18X20_read_maxres                               ds18x20.o
DS18X20_read_maxres_single                        ds18x20.o
DS18X20_read_raw_single                           ds18x20.o
                                                  BrewMonitor.o
DS18X20_start_meas                                ds18x20.o
                                                  BrewMonitor.o
DeviceDescriptor                                  Descriptors.o
EVENT_Audio_Device_StreamStartStop                LUFA/Drivers/USB/Class/Device/AudioClassDevice.o
EVENT_CDC_Device_BreakSent                        LUFA/Drivers/USB/Class/Device/CDCClassDevice.o
EVENT_CDC_Device_ControLineStateChanged           LUFA/Drivers/USB/Class/Device/CDCClassDevice.o
EVENT_CDC_Device_LineEncodingChanged              LUFA/Drivers/USB/Class/Device/CDCClassDevice.o
EVENT_USB_Device_ConfigurationChanged             BrewMonitor.o
                                                  LUFA/Drivers/USB/Core/DeviceStandardReq.o
EVENT_USB_Device_Connect                          BrewMonitor.o
                                                  LUFA/Drivers/USB/Core/AVR8/USBInterrupt_AVR8.o
EVENT_USB_Device_ControlRequest                   BrewMonitor.o
                                                  LUFA/Drivers/USB/Core/DeviceStandardReq.o
EVENT_USB_Device_Disconnect                       BrewMonitor.o
                                                  LUFA/Drivers/USB/Core/AVR8/USBInterrupt_AVR8.o
EVENT_USB_Device_Reset                            LUFA/Drivers/USB/Core/Events.o
                                                  LUFA/Drivers/USB/Core/AVR8/USBInterrupt_AVR8.o
EVENT_USB_Device_StartOfFrame                     BrewMonitor.o
                                                  LUFA/Drivers/USB/Core/AVR8/USBInterrupt_AVR8.o
EVENT_USB_Device_Suspend                          LUFA/Drivers/USB/Core/Events.o
                                                  LUFA/Drivers/USB/Core/AVR8/USBInterrupt_AVR8.o
EVENT_USB_Device_WakeUp                           LUFA/Drivers/USB/Core/Events.o
                                                  LUFA/Drivers/USB/Core/AVR8/USBInterrupt_AVR8.o
Endpoint_ClearEndpoints                           LUFA/Drivers/USB/Core/AVR8/Endpoint_AVR8.o
Endpoint_ClearStatusStage                         LUFA/Drivers/USB/Core/AVR8/Endpoint_AVR8.o
                                                  LUFA/Drivers/USB/Class/Device/MassStorageClassDevice.o
                                                  LUFA/Drivers/USB/Class/Device/HIDClassDevice.o
                                                  LUFA/Drivers/USB/Class/Device/CDCClassDevice.o
                                                  LUFA/Drivers/USB/Class/Device/AudioClassDevice.o
                                                  LUFA/Drivers/USB/Core/DeviceStandardReq.o
Endpoint_ConfigureEndpointTable                   LUFA/Drivers/USB/Core/AVR8/Endpoint_AVR8.o
                                                  LUFA/Drivers/USB/Class/Device/RNDISClassDevice.o
                                                  LUFA/Drivers/USB/Class/Device/MIDIClassDevice.o
                                                  LUFA/Drivers/USB/Class/Device/MassStorageClassDevice.o
                                                  LUFA/Drivers/USB/Class/Device/HIDClassDevice.o
                                                  LUFA/Drivers/USB/Class/Device/CDCClassDevice.o
                                                  LUFA/Drivers/USB/Class/Device/AudioClassDevice.o
Endpoint_ConfigureEndpoint_Prv                    LUFA/Drivers/USB/Core/AVR8/Endpoint_AVR8.o
                                                  LUFA/Drivers/USB/Core/AVR8/USBInterrupt_AVR8.o
                                                  LUFA/Drivers/USB/Core/AVR8/USBController_AVR8.o
Endpoint_Discard_Stream                           LUFA/Drivers/USB/Core/AVR8/EndpointStream_AVR8.o
Endpoint_Null_Stream                              LUFA/Drivers/USB/Core/AVR8/EndpointStream_AVR8.o
Endpoint_Read_Control_EStream_BE                  LUFA/Drivers/USB/Core/AVR8/EndpointStream_AVR8.o
Endpoint_Read_Control_EStream_LE                  LUFA/Drivers/USB/Core/AVR8/EndpointStream_AVR8.o
Endpoint_Read_Control_Stream_BE                   LUFA/Drivers/USB/Core/AVR8/EndpointStream_AVR8.o
Endpoint_Read_Control_Stream_LE                   LUFA/Drivers/USB/Core/AVR8/EndpointStream_AVR8.o
                                                  LUFA/Drivers/USB/Class/Device/RNDISClassDevice.o
                                                  LUFA/Drivers/USB/Class/Device/HIDClassDevice.o
                                                  LUFA/Drivers/USB/Class/Device/AudioClassDevice.o
Endpoint_Read_EStream_BE                          LUFA/Drivers/USB/Core/AVR8/EndpointStream_AVR8.o
Endpoint_Read_EStream_LE                          LUFA/Drivers/USB/Core/AVR8/EndpointStream_AVR8.o
Endpoint_Read_Stream_BE                           LUFA/Drivers/USB/Core/AVR8/EndpointStream_AVR8.o
Endpoint_Read_Stream_LE                           LUFA/Drivers/USB/Core/AVR8/EndpointStream_AVR8.o
                                                  LUFA/Drivers/USB/Class/Device/RNDISClassDevice.o
                                                  LUFA/Drivers/USB/Class/Device/MIDIClassDevice.o
                                                  LUFA/Drivers/USB/Class/Device/MassStorageClassDevice.o
Endpoint_WaitUntilReady                           LUFA/Drivers/USB/Core/AVR8/Endpoint_AVR8.o
                                                  LUFA/Drivers/USB/Class/Device/RNDISClassDevice.o
                                                  LUFA/Drivers/USB/Class/Device/MIDIClassDevice.o
                                                  LUFA/Drivers/USB/Class/Device/CDCClassDevice.o
                                                  LUFA/Drivers/USB/Core/AVR8/EndpointStream_AVR8.o
Endpoint_Write_Control_EStream_BE                 LUFA/Drivers/USB/Core/AVR8/EndpointStream_AVR8.o
Endpoint_Write_Control_EStream_LE                 LUFA/Drivers/USB/Core/AVR8/EndpointStream_AVR8.o
Endpoint_Write_Control_PStream_BE                 LUFA/Drivers/USB/Core/AVR8/EndpointStream_AVR8.o
Endpoint_Write_Control_PStream_LE                 LUFA/Drivers/USB/Core/AVR8/EndpointStream_AVR8.o
                                                  LUFA/Drivers/USB/Core/DeviceStandardReq.o
Endpoint_Write_Control_Stream_BE                  LUFA/Drivers/USB/Core/AVR8/EndpointStream_AVR8.o
Endpoint_Write_Control_Stream_LE                  LUFA/Drivers/USB/Core/AVR8/EndpointStream_AVR8.o
                                                  LUFA/Drivers/USB/Class/Device/RNDISClassDevice.o
                                                  LUFA/Drivers/USB/Class/Device/HIDClassDevice.o
                                                  LUFA/Drivers/USB/Class/Device/AudioClassDevice.o
                                                  LUFA/Drivers/USB/Core/DeviceStandardReq.o
Endpoint_Write_EStream_BE                         LUFA/Drivers/USB/Core/AVR8/EndpointStream_AVR8.o
Endpoint_Write_EStream_LE                         LUFA/Drivers/USB/Core/AVR8/EndpointStream_AVR8.o
Endpoint_Write_PStream_BE                         LUFA/Drivers/USB/Core/AVR8/EndpointStream_AVR8.o
Endpoint_Write_PStream_LE                         LUFA/Drivers/USB/Core/AVR8/EndpointStream_AVR8.o
Endpoint_Write_Stream_BE                          LUFA/Drivers/USB/Core/AVR8/EndpointStream_AVR8.o
Endpoint_Write_Stream_LE                          LUFA/Drivers/USB/Core/AVR8/EndpointStream_AVR8.o
                                                  LUFA/Drivers/USB/Class/Device/RNDISClassDevice.o
                                                  LUFA/Drivers/USB/Class/Device/MIDIClassDevice.o
                                                  LUFA/Drivers/USB/Class/Device/MassStorageClassDevice.o
                                                  LUFA/Drivers/USB/Class/Device/HIDClassDevice.o
                                                  LUFA/Drivers/USB/Class/Device/CDCClassDevice.o
GenericReport                                     Descriptors.o
Generic_HID_Interface                             BrewMonitor.o
GetNextEmptyAddress                               BrewMonitor.o
HID_Device_ConfigureEndpoints                     LUFA/Drivers/USB/Class/Device/HIDClassDevice.o
                                                  BrewMonitor.o
HID_Device_ProcessControlRequest                  LUFA/Drivers/USB/Class/Device/HIDClassDevice.o
                                                  BrewMonitor.o
HID_Device_USBTask                                LUFA/Drivers/USB/Class/Device/HIDClassDevice.o
                                                  BrewMonitor.o
LC32_Clear                                        memory.o
                                                  BrewMonitor.o
LC32_Init                                         memory.o
                                                  BrewMonitor.o
LC32_ReadByte                                     memory.o
LC32_ReadSample                                   memory.o
                                                  BrewMonitor.o
LC32_WritePage                                    memory.o
                                                  BrewMonitor.o
LC32_WriteSample                                  memory.o
                                                  BrewMonitor.o
LanguageString                                    Descriptors.o
LoadSettings                                      BrewMonitor.o
MIDI_Device_ConfigureEndpoints                    LUFA/Drivers/USB/Class/Device/MIDIClassDevice.o
MIDI_Device_Flush                                 LUFA/Drivers/USB/Class/Device/MIDIClassDevice.o
MIDI_Device_ReceiveEventPacket                    LUFA/Drivers/USB/Class/Device/MIDIClassDevice.o
MIDI_Device_SendEventPacket                       LUFA/Drivers/USB/Class/Device/MIDIClassDevice.o
MIDI_Device_USBTask                               LUFA/Drivers/USB/Class/Device/MIDIClassDevice.o
MS_Device_ConfigureEndpoints                      LUFA/Drivers/USB/Class/Device/MassStorageClassDevice.o
MS_Device_ProcessControlRequest                   LUFA/Drivers/USB/Class/Device/MassStorageClassDevice.o
MS_Device_USBTask                                 LUFA/Drivers/USB/Class/Device/MassStorageClassDevice.o
ManufacturerString                                Descriptors.o
OW_DDR                                            onewire.o
OW_IN                                             onewire.o
OW_OUT                                            onewire.o
OW_PIN_MASK                                       onewire.o
PowerControl_CoolerOff                            powerswitch.o
PowerControl_CoolerOn                             powerswitch.o
PowerSwitch_ConnectCooler                         powerswitch.o
PowerSwitch_ConnectHeater                         powerswitch.o
PowerSwitch_HeaterOff                             powerswitch.o
                                                  BrewMonitor.o
PowerSwitch_HeaterOn                              powerswitch.o
                                                  BrewMonitor.o
PowerSwitch_Setup                                 powerswitch.o
                                                  BrewMonitor.o